Component: ARM Compiler 5.06 update 6 (build 750) Tool: armlink [4d35ed]

==============================================================================

Section Cross References

    startup_stm32f10x_hd.o(STACK) refers (Special) to heapauxi.o(.text) for __use_two_region_memory
    startup_stm32f10x_hd.o(HEAP) refers (Special) to heapauxi.o(.text) for __use_two_region_memory
    startup_stm32f10x_hd.o(RESET) refers (Special) to heapauxi.o(.text) for __use_two_region_memory
    startup_stm32f10x_hd.o(RESET) refers to startup_stm32f10x_hd.o(STACK) for __initial_sp
    startup_stm32f10x_hd.o(RESET) refers to startup_stm32f10x_hd.o(.text) for Reset_Handler
    startup_stm32f10x_hd.o(RESET) refers to usart.o(i.USART1_IRQHandler) for USART1_IRQHandler
    startup_stm32f10x_hd.o(.text) refers (Special) to heapauxi.o(.text) for __use_two_region_memory
    startup_stm32f10x_hd.o(.text) refers to __main.o(!!!main) for __main
    startup_stm32f10x_hd.o(.text) refers to startup_stm32f10x_hd.o(HEAP) for Heap_Mem
    startup_stm32f10x_hd.o(.text) refers to startup_stm32f10x_hd.o(STACK) for Stack_Mem
    test.o(i.main) refers to sys.o(i.Stm32_Clock_Init) for Stm32_Clock_Init
    test.o(i.main) refers to delay.o(i.delay_init) for delay_init
    test.o(i.main) refers to lcd.o(i.LCD_Init) for LCD_Init
    test.o(i.main) refers to lcd.o(i.LCD_Display_Dir) for LCD_Display_Dir
    test.o(i.main) refers to lcd.o(i.LCD_Clear) for LCD_Clear
    test.o(i.main) refers to test code.o(i.main_test) for main_test
    test.o(i.main) refers to test code.o(i.Chinese_Font_test) for Chinese_Font_test
    test.o(i.main) refers to test code.o(i.ctp_test) for ctp_test
    test.o(i.main) refers to touch.o(.data) for tp_dev
    test.o(i.main) refers to lcd.o(.data) for POINT_COLOR
    delay.o(i.delay_init) refers to delay.o(.data) for fac_us
    delay.o(i.delay_ms) refers to delay.o(.data) for fac_ms
    delay.o(i.delay_us) refers to delay.o(.data) for fac_us
    sys.o(i.MYRCC_DeInit) refers to sys.o(i.MY_NVIC_SetVectorTable) for MY_NVIC_SetVectorTable
    sys.o(i.MY_NVIC_Init) refers to sys.o(i.MY_NVIC_PriorityGroupConfig) for MY_NVIC_PriorityGroupConfig
    sys.o(i.Stm32_Clock_Init) refers to sys.o(i.MYRCC_DeInit) for MYRCC_DeInit
    sys.o(i.Sys_Standby) refers to sys.o(i.WFI_SET) for WFI_SET
    usart.o(i.USART1_IRQHandler) refers (Special) to use_no_semi_2.o(.text) for __use_no_semihosting
    usart.o(i.USART1_IRQHandler) refers to usart.o(.data) for USART_RX_STA
    usart.o(i.USART1_IRQHandler) refers to usart.o(.bss) for USART_RX_BUF
    usart.o(i._sys_exit) refers (Special) to use_no_semi_2.o(.text) for __use_no_semihosting
    usart.o(i.fputc) refers (Special) to use_no_semi_2.o(.text) for __use_no_semihosting
    usart.o(i.uart_init) refers (Special) to use_no_semi_2.o(.text) for __use_no_semihosting
    usart.o(i.uart_init) refers to fflt_clz.o(x$fpl$ffltu) for __aeabi_ui2f
    usart.o(i.uart_init) refers to fdiv.o(x$fpl$fdiv) for __aeabi_fdiv
    usart.o(i.uart_init) refers to ffixu.o(x$fpl$ffixu) for __aeabi_f2uiz
    usart.o(i.uart_init) refers to faddsub_clz.o(x$fpl$frsb) for __aeabi_frsub
    usart.o(i.uart_init) refers to fmul.o(x$fpl$fmul) for __aeabi_fmul
    usart.o(i.uart_init) refers to sys.o(i.MY_NVIC_Init) for MY_NVIC_Init
    usart.o(.bss) refers (Special) to use_no_semi_2.o(.text) for __use_no_semihosting
    usart.o(.data) refers (Special) to use_no_semi_2.o(.text) for __use_no_semihosting
    lcd.o(i.GUI_DrawFont16) refers to lcd.o(i.LCD_Set_Window) for LCD_Set_Window
    lcd.o(i.GUI_DrawFont16) refers to lcd.o(i.LCD_WriteRAM_Prepare) for LCD_WriteRAM_Prepare
    lcd.o(i.GUI_DrawFont16) refers to lcd.o(i.LCD_WriteRAM) for LCD_WriteRAM
    lcd.o(i.GUI_DrawFont16) refers to lcd.o(i.LCD_DrawPoint) for LCD_DrawPoint
    lcd.o(i.GUI_DrawFont16) refers to lcd.o(.data) for tfont16
    lcd.o(i.GUI_DrawFont16) refers to lcd.o(.bss) for lcddev
    lcd.o(i.GUI_DrawFont24) refers to lcd.o(i.LCD_Set_Window) for LCD_Set_Window
    lcd.o(i.GUI_DrawFont24) refers to lcd.o(i.LCD_WriteRAM_Prepare) for LCD_WriteRAM_Prepare
    lcd.o(i.GUI_DrawFont24) refers to lcd.o(i.LCD_WriteRAM) for LCD_WriteRAM
    lcd.o(i.GUI_DrawFont24) refers to lcd.o(i.LCD_DrawPoint) for LCD_DrawPoint
    lcd.o(i.GUI_DrawFont24) refers to lcd.o(.data) for tfont24
    lcd.o(i.GUI_DrawFont24) refers to lcd.o(.bss) for lcddev
    lcd.o(i.GUI_DrawFont32) refers to lcd.o(i.LCD_Set_Window) for LCD_Set_Window
    lcd.o(i.GUI_DrawFont32) refers to lcd.o(i.LCD_WriteRAM_Prepare) for LCD_WriteRAM_Prepare
    lcd.o(i.GUI_DrawFont32) refers to lcd.o(i.LCD_WriteRAM) for LCD_WriteRAM
    lcd.o(i.GUI_DrawFont32) refers to lcd.o(i.LCD_DrawPoint) for LCD_DrawPoint
    lcd.o(i.GUI_DrawFont32) refers to lcd.o(.data) for tfont32
    lcd.o(i.GUI_DrawFont32) refers to lcd.o(.bss) for lcddev
    lcd.o(i.Gui_Drawbmp16) refers to lcd.o(i.LCD_Set_Window) for LCD_Set_Window
    lcd.o(i.Gui_Drawbmp16) refers to lcd.o(i.LCD_WriteRAM_Prepare) for LCD_WriteRAM_Prepare
[...]
    rtexit.o(.ARM.exidx) refers (Special) to rtexit2.o(.ARM.Collect$$rtexit$$00000004) for __rt_exit_exit
    rtexit.o(.ARM.exidx) refers (Special) to rtexit2.o(.ARM.Collect$$rtexit$$00000003) for __rt_exit_ls
    rtexit.o(.ARM.exidx) refers (Special) to rtexit2.o(.ARM.Collect$$rtexit$$00000002) for __rt_exit_prels_1
    rtexit.o(.ARM.exidx) refers to rtexit.o(.ARM.Collect$$rtexit$$00000000) for .ARM.Collect$$rtexit$$00000000
    libinit2.o(.ARM.Collect$$libinit$$00000010) refers to libinit2.o(.ARM.Collect$$libinit$$0000000F) for .ARM.Collect$$libinit$$0000000F
    libinit2.o(.ARM.Collect$$libinit$$00000012) refers to libinit2.o(.ARM.Collect$$libinit$$0000000F) for .ARM.Collect$$libinit$$0000000F
    libinit2.o(.ARM.Collect$$libinit$$00000014) refers to libinit2.o(.ARM.Collect$$libinit$$0000000F) for .ARM.Collect$$libinit$$0000000F
    libinit2.o(.ARM.Collect$$libinit$$00000016) refers to libinit2.o(.ARM.Collect$$libinit$$0000000F) for .ARM.Collect$$libinit$$0000000F
    libinit2.o(.ARM.Collect$$libinit$$00000018) refers to libinit2.o(.ARM.Collect$$libinit$$0000000F) for .ARM.Collect$$libinit$$0000000F
    libinit2.o(.ARM.Collect$$libinit$$00000026) refers to argv_veneer.o(.emb_text) for __ARM_argv_veneer
    libinit2.o(.ARM.Collect$$libinit$$00000027) refers to argv_veneer.o(.emb_text) for __ARM_argv_veneer
    rtexit2.o(.ARM.Collect$$rtexit$$00000003) refers to libshutdown.o(.ARM.Collect$$libshutdown$$00000000) for __rt_lib_shutdown
    rtexit2.o(.ARM.Collect$$rtexit$$00000004) refers to usart.o(i._sys_exit) for _sys_exit
    rtexit2.o(.ARM.exidx) refers to rtexit2.o(.ARM.Collect$$rtexit$$00000001) for .ARM.Collect$$rtexit$$00000001
    rtexit2.o(.ARM.exidx) refers to rtexit2.o(.ARM.Collect$$rtexit$$00000003) for .ARM.Collect$$rtexit$$00000003
    rtexit2.o(.ARM.exidx) refers to rtexit2.o(.ARM.Collect$$rtexit$$00000004) for .ARM.Collect$$rtexit$$00000004
    argv_veneer.o(.emb_text) refers to no_argv.o(.text) for __ARM_get_argv
    _get_argv_nomalloc.o(.text) refers (Special) to hrguard.o(.text) for __heap_region$guard
    _get_argv_nomalloc.o(.text) refers to defsig_rtmem_outer.o(.text) for __rt_SIGRTMEM
    _get_argv_nomalloc.o(.text) refers to sys_command.o(.text) for _sys_command_string
    libshutdown.o(.ARM.Collect$$libshutdown$$00000000) refers (Special) to libshutdown2.o(.ARM.Collect$$libshutdown$$00000002) for __rt_lib_shutdown_cpp_1
    libshutdown.o(.ARM.Collect$$libshutdown$$00000000) refers (Special) to libshutdown2.o(.ARM.Collect$$libshutdown$$00000007) for __rt_lib_shutdown_fp_trap_1
    libshutdown.o(.ARM.Collect$$libshutdown$$00000000) refers (Special) to libshutdown2.o(.ARM.Collect$$libshutdown$$0000000F) for __rt_lib_shutdown_heap_1
    libshutdown.o(.ARM.Collect$$libshutdown$$00000000) refers (Special) to libshutdown2.o(.ARM.Collect$$libshutdown$$00000010) for __rt_lib_shutdown_return
    libshutdown.o(.ARM.Collect$$libshutdown$$00000000) refers (Special) to libshutdown2.o(.ARM.Collect$$libshutdown$$0000000A) for __rt_lib_shutdown_signal_1
    libshutdown.o(.ARM.Collect$$libshutdown$$00000000) refers (Special) to libshutdown2.o(.ARM.Collect$$libshutdown$$00000004) for __rt_lib_shutdown_stdio_1
    libshutdown.o(.ARM.Collect$$libshutdown$$00000000) refers (Special) to libshutdown2.o(.ARM.Collect$$libshutdown$$0000000C) for __rt_lib_shutdown_user_alloc_1
    sys_command.o(.text) refers (Special) to use_no_semi.o(.text) for __I$use$semihosting
    sys_command.o(.text) refers (Special) to indicate_semi.o(.text) for __semihosting_library_function
    defsig_rtmem_outer.o(.text) refers to defsig_rtmem_inner.o(.text) for __rt_SIGRTMEM_inner
    defsig_rtmem_outer.o(.text) refers to defsig_exit.o(.text) for __sig_exit
    defsig_rtmem_formal.o(.text) refers to rt_raise.o(.text) for __rt_raise
    rt_raise.o(.text) refers to __raise.o(.text) for __raise
    rt_raise.o(.text) refers to usart.o(i._sys_exit) for _sys_exit
    defsig_exit.o(.text) refers to usart.o(i._sys_exit) for _sys_exit
    defsig_rtmem_inner.o(.text) refers to defsig_general.o(.text) for __default_signal_display
    __raise.o(.text) refers to defsig.o(CL$$defsig) for __default_signal_handler
    defsig_general.o(.text) refers to sys_wrch.o(.text) for _ttywrch
    sys_wrch.o(.text) refers (Special) to use_no_semi.o(.text) for __I$use$semihosting
    sys_wrch.o(.text) refers (Special) to indicate_semi.o(.text) for __semihosting_library_function
    defsig.o(CL$$defsig) refers to defsig_rtmem_inner.o(.text) for __rt_SIGRTMEM_inner
    defsig_abrt_inner.o(.text) refers to defsig_general.o(.text) for __default_signal_display
    defsig_fpe_inner.o(.text) refers to defsig_general.o(.text) for __default_signal_display
    defsig_rtred_inner.o(.text) refers to defsig_general.o(.text) for __default_signal_display
    defsig_stak_inner.o(.text) refers to defsig_general.o(.text) for __default_signal_display
    defsig_pvfn_inner.o(.text) refers to defsig_general.o(.text) for __default_signal_display
    defsig_cppl_inner.o(.text) refers to defsig_general.o(.text) for __default_signal_display
    defsig_segv_inner.o(.text) refers to defsig_general.o(.text) for __default_signal_display
    defsig_other.o(.text) refers to defsig_general.o(.text) for __default_signal_display


==============================================================================

Removing Unused input sections from the image.

    Removing sys.o(.emb_text), (6 bytes).
    Removing sys.o(i.Ex_NVIC_Config), (160 bytes).
    Removing sys.o(i.INTX_DISABLE), (4 bytes).
    Removing sys.o(i.INTX_ENABLE), (4 bytes).
    Removing sys.o(i.MY_NVIC_Init), (120 bytes).
    Removing sys.o(i.MY_NVIC_PriorityGroupConfig), (40 bytes).
    Removing sys.o(i.Sys_Soft_Reset), (16 bytes).
    Removing sys.o(i.Sys_Standby), (76 bytes).
    Removing sys.o(i.WFI_SET), (4 bytes).
    Removing usart.o(i.fputc), (28 bytes).
    Removing usart.o(i.uart_init), (220 bytes).
    Removing lcd.o(i.Gui_Drawbmp16), (80 bytes).
    Removing lcd.o(i.LCD_Color_Fill), (92 bytes).
    Removing lcd.o(i.LCD_DisplayOff), (10 bytes).
    Removing lcd.o(i.LCD_DisplayOn), (10 bytes).
    Removing lcd.o(i.LCD_DrawRectangle), (60 bytes).
    Removing lcd.o(i.LCD_ReadPoint), (296 bytes).
    Removing lcd.o(i.LCD_ShowxNum), (190 bytes).
    Removing lcd.o(i.opt_delay), (14 bytes).
    Removing ctp.o(i.FT6336_WR_Reg), (82 bytes).
    Removing w25qx.o(i.W25QX_init), (108 bytes).
    Removing w25qx.o(i.W25q16_Erasure), (64 bytes).
    Removing w25qx.o(i.Write_Disable), (32 bytes).
    Removing touch.o(i.TP_Draw_Big_Point), (60 bytes).
    Removing test code.o(i.Color_Test), (184 bytes).
    Removing test code.o(i.DispBand), (156 bytes).
    Removing test code.o(i.English_Font_test), (392 bytes).
    Removing test code.o(i.FillRec_Test), (508 bytes).
    Removing test code.o(i.Pic_test), (68 bytes).
    Removing test code.o(i.Read_Test), (220 bytes).
    Removing test code.o(i.Rotate_Test), (128 bytes).
    Removing test code.o(i.Switch_test), (42 bytes).
    Removing test code.o(i.rtp_test), (108 bytes).
    Removing test code.o(.data), (3226 bytes).

34 unused section(s) (total 6808 bytes) removed from the image.

==============================================================================

Image Symbol Table

    Local Symbols

    Symbol Name                              Value     Ov Type        Size  Object(Section)

    ../clib/angel/boardlib.s                 0x00000000   Number         0  boardshut.o ABSOLUTE
    ../clib/angel/boardlib.s                 0x00000000   Number         0  boardinit1.o ABSOLUTE
    ../clib/angel/boardlib.s                 0x00000000   Number         0  boardinit2.o ABSOLUTE
    ../clib/angel/boardlib.s                 0x00000000   Number         0  boardinit3.o ABSOLUTE
    ../clib/angel/dczerorl2.s                0x00000000   Number         0  __dczerorl2.o ABSOLUTE
    ../clib/angel/handlers.s                 0x00000000   Number         0  __scatter_zi.o ABSOLUTE
    ../clib/angel/kernel.s                   0x00000000   Number         0  rtexit2.o ABSOLUTE
    ../clib/angel/kernel.s                   0x00000000   Number         0  __rtentry2.o ABSOLUTE
    ../clib/angel/kernel.s                   0x00000000   Number         0  __rtentry4.o ABSOLUTE
    ../clib/angel/kernel.s                   0x00000000   Number         0  __rtentry.o ABSOLUTE
    ../clib/angel/kernel.s                   0x00000000   Number         0  rtexit.o ABSOLUTE
    ../clib/angel/rt.s                       0x00000000   Number         0  rt_errno_addr_intlibspace.o ABSOLUTE
    ../clib/angel/rt.s                       0x00000000   Number         0  rt_errno_addr.o ABSOLUTE
    ../clib/angel/rt.s                       0x00000000   Number         0  rt_raise.o ABSOLUTE
    ../clib/angel/scatter.s                  0x00000000   Number         0  __scatter.o ABSOLUTE
    ../clib/angel/startup.s                  0x00000000   Number         0  __main.o ABSOLUTE
    ../clib/angel/sys.s                      0x00000000   Number         0  use_no_semi_2.o ABSOLUTE
    ../clib/angel/sys.s                      0x00000000   Number         0  sys_stackheap_outer.o ABSOLUTE
    ../clib/angel/sys.s                      0x00000000   Number         0  libspace.o ABSOLUTE
    ../clib/angel/sys.s                      0x00000000   Number         0  use_no_semi.o ABSOLUTE
    ../clib/angel/sys.s                      0x00000000   Number         0  indicate_semi.o ABSOLUTE
    ../clib/angel/sysapp.c                   0x00000000   Number         0  sys_wrch.o ABSOLUTE
    ../clib/angel/sysapp.c                   0x00000000   Number         0  sys_command.o ABSOLUTE
    ../clib/armsys.c                         0x00000000   Number         0  _get_argv_nomalloc.o ABSOLUTE
    ../clib/armsys.c                         0x00000000   Number         0  argv_veneer.o ABSOLUTE
    ../clib/armsys.c                         0x00000000   Number         0  argv_veneer.o ABSOLUTE
    ../clib/armsys.c                         0x00000000   Number         0  no_argv.o ABSOLUTE
    ../clib/fenv.c                           0x00000000   Number         0  _rserrno.o ABSOLUTE
    ../clib/heapalloc.c                      0x00000000   Number         0  hrguard.o ABSOLUTE
    ../clib/heapaux.c                        0x00000000   Number         0  heapauxi.o ABSOLUTE
    ../clib/libinit.s                        0x00000000   Number         0  libshutdown.o ABSOLUTE
    ../clib/libinit.s                        0x00000000   Number         0  libinit.o ABSOLUTE
    ../clib/libinit.s                        0x00000000   Number         0  libinit2.o ABSOLUTE
    ../clib/libinit.s                        0x00000000   Number         0  libshutdown2.o ABSOLUTE
    ../clib/memcpset.s                       0x00000000   Number         0  rt_memcpy_w.o ABSOLUTE
    ../clib/memcpset.s                       0x00000000   Number         0  rt_memclr_w.o ABSOLUTE
    ../clib/misc.s                           0x00000000   Number         0  printf_stubs.o ABSOLUTE
    ../clib/printf.c                         0x00000000   Number         0  __2sprintf.o ABSOLUTE
    ../clib/printf.c                         0x00000000   Number         0  _printf_char_common.o ABSOLUTE
    ../clib/printf.c                         0x00000000   Number         0  _printf_intcommon.o ABSOLUTE
    ../clib/printf.c                         0x00000000   Number         0  _sputc.o ABSOLUTE
    ../clib/printf.c                         0x00000000   Number         0  __printf_ss_wp.o ABSOLUTE
    ../clib/printf.c                         0x00000000   Number         0  __printf_ss.o ABSOLUTE
    ../clib/printf.c                         0x00000000   Number         0  __printf_flags_ss_wp.o ABSOLUTE
    ../clib/printf.c                         0x00000000   Number         0  __printf_flags_wp.o ABSOLUTE
    ../clib/printf.c                         0x00000000   Number         0  __printf_wp.o ABSOLUTE
    ../clib/printf.c                         0x00000000   Number         0  __printf_flags_ss.o ABSOLUTE
    ../clib/printf.c                         0x00000000   Number         0  __printf_flags.o ABSOLUTE
    ../clib/printf.c                         0x00000000   Number         0  _printf_hex_int_ll_ptr.o ABSOLUTE
    ../clib/printf.c                         0x00000000   Number         0  _printf_hex_ll_ptr.o ABSOLUTE
    ../clib/printf.c                         0x00000000   Number         0  _printf_hex_int_ptr.o ABSOLUTE
    ../clib/printf.c                         0x00000000   Number         0  __printf_nopercent.o ABSOLUTE
    ../clib/printf.c                         0x00000000   Number         0  _printf_hex_ptr.o ABSOLUTE
    ../clib/printf.c                         0x00000000   Number         0  _printf_hex_int_ll.o ABSOLUTE
    ../clib/printf.c                         0x00000000   Number         0  _printf_hex_int.o ABSOLUTE
    ../clib/printf.c                         0x00000000   Number         0  _printf_hex_ll.o ABSOLUTE
    ../clib/printf.c                         0x00000000   Number         0  _printf_pad.o ABSOLUTE
    ../clib/printf.c                         0x00000000   Number         0  __printf.o ABSOLUTE
    ../clib/printf.c                         0x00000000   Number         0  noretval__2sprintf.o ABSOLUTE
    ../clib/printf_percent.s                 0x00000000   Number         0  _printf_percent_end.o ABSOLUTE
    ../clib/printf_percent.s                 0x00000000   Number         0  _printf_x.o ABSOLUTE
    ../clib/printf_percent.s                 0x00000000   Number         0  _printf_percent.o ABSOLUTE
    ../clib/signal.c                         0x00000000   Number         0  defsig_rtmem_formal.o ABSOLUTE
    ../clib/signal.c                         0x00000000   Number         0  defsig_abrt_inner.o ABSOLUTE
    ../clib/signal.c                         0x00000000   Number         0  defsig_fpe_inner.o ABSOLUTE
    ../clib/signal.c                         0x00000000   Number         0  defsig_exit.o ABSOLUTE
    ../clib/signal.c                         0x00000000   Number         0  defsig_rtmem_inner.o ABSOLUTE
    ../clib/signal.c                         0x00000000   Number         0  __raise.o ABSOLUTE
    ../clib/signal.c                         0x00000000   Number         0  defsig_general.o ABSOLUTE
    ../clib/signal.c                         0x00000000   Number         0  defsig_rtred_inner.o ABSOLUTE
    ../clib/signal.c                         0x00000000   Number         0  defsig_other.o ABSOLUTE
    ../clib/signal.c                         0x00000000   Number         0  defsig_stak_inner.o ABSOLUTE
    ../clib/signal.c                         0x00000000   Number         0  defsig_pvfn_inner.o ABSOLUTE
    ../clib/signal.c                         0x00000000   Number         0  defsig_cppl_inner.o ABSOLUTE
    ../clib/signal.c                         0x00000000   Number         0  defsig_segv_inner.o ABSOLUTE
    ../clib/signal.c                         0x00000000   Number         0  defsig_rtmem_outer.o ABSOLUTE
    ../clib/signal.s                         0x00000000   Number         0  defsig.o ABSOLUTE
    ../clib/stdlib.c                         0x00000000   Number         0  exit.o ABSOLUTE
    ../clib/string.c                         0x00000000   Number         0  strlen.o ABSOLUTE
    ../fplib/dcmpi.s                         0x00000000   Number         0  dcmpi.o ABSOLUTE
    ../fplib/dfixu.s                         0x00000000   Number         0  dfixu.o ABSOLUTE
    ../fplib/dflt.s                          0x00000000   Number         0  dflt_clz.o ABSOLUTE
    ../fplib/dleqf.s                         0x00000000   Number         0  dleqf.o ABSOLUTE
    ../fplib/dmul.s                          0x00000000   Number         0  dmul.o ABSOLUTE
    ../fplib/dnaninf.s                       0x00000000   Number         0  dnaninf.o ABSOLUTE
    ../fplib/dretinf.s                       0x00000000   Number         0  dretinf.o ABSOLUTE
    ../fplib/drleqf.s                        0x00000000   Number         0  drleqf.o ABSOLUTE
    ../fplib/dsqrt.s                         0x00000000   Number         0  dsqrt_noumaal.o ABSOLUTE
    ../fplib/f2d.s                           0x00000000   Number         0  f2d.o ABSOLUTE
    ../fplib/faddsub.s                       0x00000000   Number         0  faddsub_clz.o ABSOLUTE
    ../fplib/fdiv.s                          0x00000000   Number         0  fdiv.o ABSOLUTE
    ../fplib/ffix.s                          0x00000000   Number         0  ffix.o ABSOLUTE
    ../fplib/ffixu.s                         0x00000000   Number         0  ffixu.o ABSOLUTE
    ../fplib/fflt.s                          0x00000000   Number         0  fflt_clz.o ABSOLUTE
    ../fplib/fmul.s                          0x00000000   Number         0  fmul.o ABSOLUTE
    ../fplib/fnaninf.s                       0x00000000   Number         0  fnaninf.o ABSOLUTE
    ../fplib/fpinit.s                        0x00000000   Number         0  fpinit.o ABSOLUTE
    ../fplib/fretinf.s                       0x00000000   Number         0  fretinf.o ABSOLUTE
    ../fplib/usenofp.s                       0x00000000   Number         0  usenofp.o ABSOLUTE
    ../mathlib/sqrt.c                        0x00000000   Number         0  sqrt_x.o ABSOLUTE
    ../mathlib/sqrt.c                        0x00000000   Number         0  sqrt.o ABSOLUTE
    ..\HARDWARE\LCD\LCD.c                    0x00000000   Number         0  lcd.o ABSOLUTE
    ..\HARDWARE\TEST\test code.c             0x00000000   Number         0  test code.o ABSOLUTE
    ..\HARDWARE\TOUCH\ctiic.c                0x00000000   Number         0  ctiic.o ABSOLUTE
    ..\HARDWARE\TOUCH\ctp.c                  0x00000000   Number         0  ctp.o ABSOLUTE
    ..\HARDWARE\TOUCH\touch.c                0x00000000   Number         0  touch.o ABSOLUTE
    ..\HARDWARE\W25QX\w25qx.c                0x00000000   Number         0  w25qx.o ABSOLUTE
    ..\SYSTEM\delay\delay.c                  0x00000000   Number         0  delay.o ABSOLUTE
    ..\SYSTEM\sys\sys.c                      0x00000000   Number         0  sys.o ABSOLUTE
    ..\SYSTEM\usart\usart.c                  0x00000000   Number         0  usart.o ABSOLUTE
    ..\\SYSTEM\\sys\\sys.c                   0x00000000   Number         0  sys.o ABSOLUTE
    dc.s                                     0x00000000   Number         0  dc.o ABSOLUTE
    startup_stm32f10x_hd.s                   0x00000000   Number         0  startup_stm32f10x_hd.o ABSOLUTE
    test.c                                   0x00000000   Number         0  test.o ABSOLUTE
    RESET                                    0x08000000   Section      304  startup_stm32f10x_hd.o(RESET)
    !!!main                                  0x08000130   Section        8  __main.o(!!!main)
    !!!scatter                               0x08000138   Section       52  __scatter.o(!!!scatter)
    !!dczerorl2                              0x0800016c   Section       90  __dczerorl2.o(!!dczerorl2)
    !!handler_zi                             0x080001c8   Section       28  __scatter_zi.o(!!handler_zi)
    .ARM.Collect$$libinit$$00000000          0x080001e4   Section        2  libinit.o(.ARM.Collect$$libinit$$00000000)
    .ARM.Collect$$libinit$$00000002          0x080001e6   Section        0  libinit2.o(.ARM.Collect$$libinit$$00000002)
    .ARM.Collect$$libinit$$00000004          0x080001e6   Section        0  libinit2.o(.ARM.Collect$$libinit$$00000004)
    .ARM.Collect$$libinit$$0000000A          0x080001e6   Section        0  libinit2.o(.ARM.Collect$$libinit$$0000000A)
    .ARM.Collect$$libinit$$0000000C          0x080001e6   Section        0  libinit2.o(.ARM.Collect$$libinit$$0000000C)
    .ARM.Collect$$libinit$$0000000E          0x080001e6   Section        0  libinit2.o(.ARM.Collect$$libinit$$0000000E)
    .ARM.Collect$$libinit$$00000011          0x080001e6   Section        0  libinit2.o(.ARM.Collect$$libinit$$00000011)
    .ARM.Collect$$libinit$$00000013          0x080001e6   Section        0  libinit2.o(.ARM.Collect$$libinit$$00000013)
    .ARM.Collect$$libinit$$00000015          0x080001e6   Section        0  libinit2.o(.ARM.Collect$$libinit$$00000015)
    .ARM.Collect$$libinit$$00000017          0x080001e6   Section        0  libinit2.o(.ARM.Collect$$libinit$$00000017)
    .ARM.Collect$$libinit$$00000019          0x080001e6   Section        0  libinit2.o(.ARM.Collect$$libinit$$00000019)
    .ARM.Collect$$libinit$$0000001B          0x080001e6   Section        0  libinit2.o(.ARM.Collect$$libinit$$0000001B)
    .ARM.Collect$$libinit$$0000001D          0x080001e6   Section        0  libinit2.o(.ARM.Collect$$libinit$$0000001D)
    .ARM.Collect$$libinit$$0000001F          0x080001e6   Section        0  libinit2.o(.ARM.Collect$$libinit$$0000001F)
    .ARM.Collect$$libinit$$00000021          0x080001e6   Section        0  libinit2.o(.ARM.Collect$$libinit$$00000021)
    .ARM.Collect$$libinit$$00000023          0x080001e6   Section        0  libinit2.o(.ARM.Collect$$libinit$$00000023)
    .ARM.Collect$$libinit$$00000025          0x080001e6   Section        0  libinit2.o(.ARM.Collect$$libinit$$00000025)
    .ARM.Collect$$libinit$$0000002C          0x080001e6   Section        0  libinit2.o(.ARM.Collect$$libinit$$0000002C)
    .ARM.Collect$$libinit$$0000002E          0x080001e6   Section        0  libinit2.o(.ARM.Collect$$libinit$$0000002E)
    .ARM.Collect$$libinit$$00000030          0x080001e6   Section        0  libinit2.o(.ARM.Collect$$libinit$$00000030)
    .ARM.Collect$$libinit$$00000032          0x080001e6   Section        0  libinit2.o(.ARM.Collect$$libinit$$00000032)
    .ARM.Collect$$libinit$$00000033          0x080001e6   Section        2  libinit2.o(.ARM.Collect$$libinit$$00000033)
    .ARM.Collect$$libshutdown$$00000000      0x080001e8   Section        2  libshutdown.o(.ARM.Collect$$libshutdown$$00000000)
    .ARM.Collect$$libshutdown$$00000002      0x080001ea   Section        0  libshutdown2.o(.ARM.Collect$$libshutdown$$00000002)
    .ARM.Collect$$libshutdown$$00000004      0x080001ea   Section        0  libshutdown2.o(.ARM.Collect$$libshutdown$$00000004)
    .ARM.Collect$$libshutdown$$00000007      0x080001ea   Section        0  libshutdown2.o(.ARM.Collect$$libshutdown$$00000007)
    .ARM.Collect$$libshutdown$$0000000A      0x080001ea   Section        0  libshutdown2.o(.ARM.Collect$$libshutdown$$0000000A)
    .ARM.Collect$$libshutdown$$0000000C      0x080001ea   Section        0  libshutdown2.o(.ARM.Collect$$libshutdown$$0000000C)
    .ARM.Collect$$libshutdown$$0000000F      0x080001ea   Section        0  libshutdown2.o(.ARM.Collect$$libshutdown$$0000000F)
    .ARM.Collect$$libshutdown$$00000010      0x080001ea   Section        2  libshutdown2.o(.ARM.Collect$$libshutdown$$00000010)
    .ARM.Collect$$rtentry$$00000000          0x080001ec   Section        0  __rtentry.o(.ARM.Collect$$rtentry$$00000000)
    .ARM.Collect$$rtentry$$00000002          0x080001ec   Section        0  __rtentry2.o(.ARM.Collect$$rtentry$$00000002)
    .ARM.Collect$$rtentry$$00000004          0x080001ec   Section        6  __rtentry4.o(.ARM.Collect$$rtentry$$00000004)
    .ARM.Collect$$rtentry$$00000009          0x080001f2   Section        0  __rtentry2.o(.ARM.Collect$$rtentry$$00000009)
    .ARM.Collect$$rtentry$$0000000A          0x080001f2   Section        4  __rtentry2.o(.ARM.Collect$$rtentry$$0000000A)
    .ARM.Collect$$rtentry$$0000000C          0x080001f6   Section        0  __rtentry2.o(.ARM.Collect$$rtentry$$0000000C)
    .ARM.Collect$$rtentry$$0000000D          0x080001f6   Section        8  __rtentry2.o(.ARM.Collect$$rtentry$$0000000D)
    .ARM.Collect$$rtexit$$00000000           0x080001fe   Section        2  rtexit.o(.ARM.Collect$$rtexit$$00000000)
    .ARM.Collect$$rtexit$$00000002           0x08000200   Section        0  rtexit2.o(.ARM.Collect$$rtexit$$00000002)
    .ARM.Collect$$rtexit$$00000003           0x08000200   Section        4  rtexit2.o(.ARM.Collect$$rtexit$$00000003)
    .ARM.Collect$$rtexit$$00000004           0x08000204   Section        6  rtexit2.o(.ARM.Collect$$rtexit$$00000004)
    .text                                    0x0800020c   Section       56  startup_stm32f10x_hd.o(.text)
    .text                                    0x08000244   Section        2  use_no_semi_2.o(.text)
    .text                                    0x08000246   Section        0  strlen.o(.text)
    .text                                    0x08000284   Section        0  heapauxi.o(.text)
    .text                                    0x0800028a   Section        2  use_no_semi.o(.text)
    .text                                    0x0800028c   Section        0  _rserrno.o(.text)
    .text                                    0x080002a4   Section        8  rt_errno_addr_intlibspace.o(.text)
    .text                                    0x080002ac   Section        8  libspace.o(.text)
    .text                                    0x080002b4   Section       74  sys_stackheap_outer.o(.text)
    .text                                    0x080002fe   Section        0  exit.o(.text)
    i.CT_Delay                               0x08000310   Section        0  ctiic.o(i.CT_Delay)
    i.CT_IIC_Ack                             0x0800031c   Section        0  ctiic.o(i.CT_IIC_Ack)
    i.CT_IIC_Init                            0x0800036c   Section        0  ctiic.o(i.CT_IIC_Init)
    i.CT_IIC_NAck                            0x080003fc   Section        0  ctiic.o(i.CT_IIC_NAck)
    i.CT_IIC_Read_Byte                       0x0800044c   Section        0  ctiic.o(i.CT_IIC_Read_Byte)
    i.CT_IIC_Send_Byte                       0x080004b8   Section        0  ctiic.o(i.CT_IIC_Send_Byte)
    i.CT_IIC_Start                           0x08000518   Section        0  ctiic.o(i.CT_IIC_Start)
    i.CT_IIC_Stop                            0x08000564   Section        0  ctiic.o(i.CT_IIC_Stop)
    i.CT_IIC_Wait_Ack                        0x080005ac   Section        0  ctiic.o(i.CT_IIC_Wait_Ack)
    i.Chinese_Font_test                      0x0800060c   Section        0  test code.o(i.Chinese_Font_test)
    i.DrawTestPage                           0x080006c8   Section        0  test code.o(i.DrawTestPage)
    i.FT6336_Init                            0x080007ec   Section        0  ctp.o(i.FT6336_Init)
    i.FT6336_RD_Reg                          0x08000818   Section        0  ctp.o(i.FT6336_RD_Reg)
    i.FT6336_Scan                            0x08000870   Section        0  ctp.o(i.FT6336_Scan)
    i.GUI_DrawFont16                         0x08000a08   Section        0  lcd.o(i.GUI_DrawFont16)
    i.GUI_DrawFont24                         0x08000b04   Section        0  lcd.o(i.GUI_DrawFont24)
    i.GUI_DrawFont32                         0x08000c10   Section        0  lcd.o(i.GUI_DrawFont32)
    i.Gui_StrCenter                          0x08000d0c   Section        0  lcd.o(i.Gui_StrCenter)
    i.JTAG_Set                               0x08000d6c   Section        0  sys.o(i.JTAG_Set)
    i.LCD_Clear                              0x08000d9c   Section        0  lcd.o(i.LCD_Clear)
    i.LCD_Display_Dir                        0x08000dcc   Section        0  lcd.o(i.LCD_Display_Dir)
    i.LCD_DrawLine                           0x08000eb4   Section        0  lcd.o(i.LCD_DrawLine)
    i.LCD_DrawPoint                          0x08000f64   Section        0  lcd.o(i.LCD_DrawPoint)
    i.LCD_Draw_Circle                        0x08000f84   Section        0  lcd.o(i.LCD_Draw_Circle)
    i.LCD_Fast_DrawPoint                     0x0800101c   Section        0  lcd.o(i.LCD_Fast_DrawPoint)
    i.LCD_Fill                               0x0800103c   Section        0  lcd.o(i.LCD_Fill)
    i.LCD_Init                               0x080010f4   Section        0  lcd.o(i.LCD_Init)
    i.LCD_Pow                                0x08001350   Section        0  lcd.o(i.LCD_Pow)
    i.LCD_SetCursor                          0x08001368   Section        0  lcd.o(i.LCD_SetCursor)
    i.LCD_Set_Window                         0x0800139c   Section        0  lcd.o(i.LCD_Set_Window)
    i.LCD_ShowChar                           0x08001408   Section        0  lcd.o(i.LCD_ShowChar)
    i.LCD_ShowNum                            0x08001530   Section        0  lcd.o(i.LCD_ShowNum)
    i.LCD_ShowString                         0x080015c4   Section        0  lcd.o(i.LCD_ShowString)
    i.LCD_WR_DATA                            0x0800162c   Section        0  lcd.o(i.LCD_WR_DATA)
    i.LCD_WR_REG                             0x08001688   Section        0  lcd.o(i.LCD_WR_REG)
    i.LCD_WriteRAM                           0x080016e0   Section        0  lcd.o(i.LCD_WriteRAM)
    i.LCD_WriteRAM_Prepare                   0x0800173c   Section        0  lcd.o(i.LCD_WriteRAM_Prepare)
    i.LCD_WriteReg                           0x0800174c   Section        0  lcd.o(i.LCD_WriteReg)
    i.Load_Drow_Dialog                       0x08001760   Section        0  lcd.o(i.Load_Drow_Dialog)
    i.MYRCC_DeInit                           0x080017ac   Section        0  sys.o(i.MYRCC_DeInit)
    i.MY_NVIC_SetVectorTable                 0x08001814   Section        0  sys.o(i.MY_NVIC_SetVectorTable)
    i.SPI_Read                               0x08001828   Section        0  w25qx.o(i.SPI_Read)
    i.SPI_Write                              0x0800185c   Section        0  w25qx.o(i.SPI_Write)
    i.Show_Str                               0x08001898   Section        0  lcd.o(i.Show_Str)
    i.Stm32_Clock_Init                       0x0800198c   Section        0  sys.o(i.Stm32_Clock_Init)
    i.TP_Adj_Info_Show                       0x08001a1c   Section        0  touch.o(i.TP_Adj_Info_Show)
    i.TP_Adjust                              0x08001bc4   Section        0  touch.o(i.TP_Adjust)
    i.TP_Drow_Touch_Point                    0x08002404   Section        0  touch.o(i.TP_Drow_Touch_Point)
    i.TP_Get_Adjdata                         0x08002474   Section        0  touch.o(i.TP_Get_Adjdata)
    i.TP_Init                                0x080025a0   Section        0  touch.o(i.TP_Init)
    i.TP_Read_AD                             0x080025bc   Section        0  touch.o(i.TP_Read_AD)
    i.TP_Read_XOY                            0x0800264c   Section        0  touch.o(i.TP_Read_XOY)
    i.TP_Read_XY                             0x080026c4   Section        0  touch.o(i.TP_Read_XY)
    i.TP_Read_XY2                            0x080026f4   Section        0  touch.o(i.TP_Read_XY2)
    i.TP_Save_Adjdata                        0x080027b4   Section        0  touch.o(i.TP_Save_Adjdata)
    i.TP_Scan                                0x08002858   Section        0  touch.o(i.TP_Scan)
    i.TP_Write_Byte                          0x08002968   Section        0  touch.o(i.TP_Write_Byte)
    i.USART1_IRQHandler                      0x080029b4   Section        0  usart.o(i.USART1_IRQHandler)
    i.W25Q16_Read                            0x08002a38   Section        0  w25qx.o(i.W25Q16_Read)
    i.W25Q16_ReadSR                          0x08002a88   Section        0  w25qx.o(i.W25Q16_ReadSR)
    i.W25Q16_Write                           0x08002ab4   Section        0  w25qx.o(i.W25Q16_Write)
    i.W25QX_Erase_Sector                     0x08002b6c   Section        0  w25qx.o(i.W25QX_Erase_Sector)
    i.W25QX_Flash_ReadID                     0x08002bbc   Section        0  w25qx.o(i.W25QX_Flash_ReadID)
    i.W25QX_Flash_Write_Page                 0x08002c00   Section        0  w25qx.o(i.W25QX_Flash_Write_Page)
    i.W25QX_Write_NoCheck                    0x08002c58   Section        0  w25qx.o(i.W25QX_Write_NoCheck)
    i.Write_Enable                           0x08002c9c   Section        0  w25qx.o(i.Write_Enable)
    i._sys_exit                              0x08002cbc   Section        0  usart.o(i._sys_exit)
    i.ctp_test                               0x08002cc4   Section        0  test code.o(i.ctp_test)
    i.delay_init                             0x08002dbc   Section        0  delay.o(i.delay_init)
    i.delay_ms                               0x08002dfc   Section        0  delay.o(i.delay_ms)
    i.delay_us                               0x08002e38   Section        0  delay.o(i.delay_us)
    i.gui_draw_hline                         0x08002e74   Section        0  lcd.o(i.gui_draw_hline)
    i.gui_fill_circle                        0x08002e98   Section        0  lcd.o(i.gui_fill_circle)
    i.lcd_draw_bline                         0x08002f48   Section        0  lcd.o(i.lcd_draw_bline)
    i.main                                   0x0800301c   Section        0  test.o(i.main)
    i.main_test                              0x08003088   Section        0  test code.o(i.main_test)
    i.sqrt                                   0x08003154   Section        0  sqrt.o(i.sqrt)
    x$fpl$dcmpinf                            0x080031a0   Section       24  dcmpi.o(x$fpl$dcmpinf)
    x$fpl$dfixu                              0x080031b8   Section       90  dfixu.o(x$fpl$dfixu)
    x$fpl$dfltu                              0x08003212   Section       38  dflt_clz.o(x$fpl$dfltu)
    x$fpl$dleqf                              0x08003238   Section      120  dleqf.o(x$fpl$dleqf)
    x$fpl$dmul                               0x080032b0   Section      340  dmul.o(x$fpl$dmul)
    x$fpl$dnaninf                            0x08003404   Section      156  dnaninf.o(x$fpl$dnaninf)
    x$fpl$dretinf                            0x080034a0   Section       12  dretinf.o(x$fpl$dretinf)
    x$fpl$drleqf                             0x080034ac   Section      108  drleqf.o(x$fpl$drleqf)
    x$fpl$dsqrt                              0x08003518   Section      460  dsqrt_noumaal.o(x$fpl$dsqrt)
    x$fpl$f2d                                0x080036e4   Section       86  f2d.o(x$fpl$f2d)
    x$fpl$fadd                               0x0800373c   Section      196  faddsub_clz.o(x$fpl$fadd)
    _fadd1                                   0x0800374b   Thumb Code     0  faddsub_clz.o(x$fpl$fadd)
    x$fpl$fdiv                               0x08003800   Section      388  fdiv.o(x$fpl$fdiv)
    _fdiv1                                   0x08003801   Thumb Code     0  fdiv.o(x$fpl$fdiv)
    x$fpl$ffix                               0x08003984   Section       54  ffix.o(x$fpl$ffix)
    x$fpl$ffixu                              0x080039bc   Section       62  ffixu.o(x$fpl$ffixu)
    x$fpl$fflt                               0x080039fc   Section       48  fflt_clz.o(x$fpl$fflt)
    x$fpl$ffltu                              0x08003a2c   Section       38  fflt_clz.o(x$fpl$ffltu)
    x$fpl$fmul                               0x08003a54   Section      258  fmul.o(x$fpl$fmul)
    x$fpl$fnaninf                            0x08003b56   Section      140  fnaninf.o(x$fpl$fnaninf)
    x$fpl$fretinf                            0x08003be2   Section       10  fretinf.o(x$fpl$fretinf)
    x$fpl$fsub                               0x08003bec   Section      234  faddsub_clz.o(x$fpl$fsub)
    _fsub1                                   0x08003bfb   Thumb Code     0  faddsub_clz.o(x$fpl$fsub)
    .constdata                               0x08003cd6   Section     6080  lcd.o(.constdata)
    x$fpl$usenofp                            0x08003cd6   Section        0  usenofp.o(x$fpl$usenofp)
    .constdata                               0x08005496   Section       10  ctp.o(.constdata)
    .constdata                               0x080054a0   Section        4  touch.o(.constdata)
    .constdata                               0x080054a4   Section       60  test code.o(.constdata)
    .conststring                             0x080054e0   Section      121  touch.o(.conststring)
    .conststring                             0x0800555c   Section       55  test code.o(.conststring)
    .data                                    0x20000000   Section        4  delay.o(.data)
    fac_us                                   0x20000000   Data           1  delay.o(.data)
    fac_ms                                   0x20000002   Data           2  delay.o(.data)
    .data                                    0x20000004   Section        6  usart.o(.data)
    .data                                    0x2000000a   Section     3256  lcd.o(.data)
    .data                                    0x20000cc2   Section        1  ctp.o(.data)
    t                                        0x20000cc2   Data           1  ctp.o(.data)
    .data                                    0x20000cc4   Section       54  touch.o(.data)
    .bss                                     0x20000cfc   Section      200  usart.o(.bss)
    .bss                                     0x20000dc4   Section       14  lcd.o(.bss)
    .bss                                     0x20000dd2   Section     4096  w25qx.o(.bss)
    .bss                                     0x20001dd4   Section       96  libspace.o(.bss)
    HEAP                                     0x20001e38   Section      512  startup_stm32f10x_hd.o(HEAP)
    Heap_Mem                                 0x20001e38   Data         512  startup_stm32f10x_hd.o(HEAP)
    STACK                                    0x20002038   Section     1024  startup_stm32f10x_hd.o(STACK)
    Stack_Mem                                0x20002038   Data        1024  startup_stm32f10x_hd.o(STACK)
    __initial_sp                             0x20002438   Data           0  startup_stm32f10x_hd.o(STACK)

    Global Symbols

    Symbol Name                              Value     Ov Type        Size  Object(Section)

    BuildAttributes$$THM_ISAv4$P$D$K$B$S$PE$A:L22UL41UL21$X:L11$S22US41US21$IEEE1$IW$USESV6$~STKCKD$USESV7$~SHL$OTIME$ROPI$IEEEJ$EBA8$UX$STANDARDLIB$REQ8$PRES8$EABIv2 0x00000000   Number         0  anon$$obj.o ABSOLUTE
    __ARM_use_no_argv                        0x00000000   Number         0  test.o ABSOLUTE
    _printf_flags                            0x00000000   Number         0  printf_stubs.o ABSOLUTE
    _printf_return_value                     0x00000000   Number         0  printf_stubs.o ABSOLUTE
    _printf_sizespec                         0x00000000   Number         0  printf_stubs.o ABSOLUTE
    _printf_widthprec                        0x00000000   Number         0  printf_stubs.o ABSOLUTE
    __ARM_exceptions_init                     - Undefined Weak Reference
    __alloca_initialize                       - Undefined Weak Reference
    __arm_preinit_                            - Undefined Weak Reference
    __cpp_initialize__aeabi_                  - Undefined Weak Reference
    __cxa_finalize                            - Undefined Weak Reference
    __rt_locale                               - Undefined Weak Reference
    __sigvec_lookup                           - Undefined Weak Reference
    _atexit_init                              - Undefined Weak Reference
    _call_atexit_fns                          - Undefined Weak Reference
    _clock_init                               - Undefined Weak Reference
    _fp_trap_init                             - Undefined Weak Reference
    _fp_trap_shutdown                         - Undefined Weak Reference
    _get_lc_collate                           - Undefined Weak Reference
    _get_lc_ctype                             - Undefined Weak Reference
    _get_lc_monetary                          - Undefined Weak Reference
    _get_lc_numeric                           - Undefined Weak Reference
    _get_lc_time                              - Undefined Weak Reference
    _getenv_init                              - Undefined Weak Reference
    _handle_redirection                       - Undefined Weak Reference
    _init_alloc                               - Undefined Weak Reference
    _init_user_alloc                          - Undefined Weak Reference
    _initio                                   - Undefined Weak Reference
    _printf_truncate_unsigned                 - Undefined Weak Reference
    _rand_init                                - Undefined Weak Reference
    _signal_finish                            - Undefined Weak Reference
    _signal_init                              - Undefined Weak Reference
    _terminate_alloc                          - Undefined Weak Reference
    _terminate_user_alloc                     - Undefined Weak Reference
    _terminateio                              - Undefined Weak Reference
    __Vectors_Size                           0x00000130   Number         0  startup_stm32f10x_hd.o ABSOLUTE
    __Vectors                                0x08000000   Data           4  startup_stm32f10x_hd.o(RESET)
    __Vectors_End                            0x08000130   Data           0  startup_stm32f10x_hd.o(RESET)
    __main                                   0x08000131   Thumb Code     8  __main.o(!!!main)
    __scatterload                            0x08000139   Thumb Code     0  __scatter.o(!!!scatter)
    __scatterload_rt2                        0x08000139   Thumb Code    44  __scatter.o(!!!scatter)
    __scatterload_rt2_thumb_only             0x08000139   Thumb Code     0  __scatter.o(!!!scatter)
    __scatterload_null                       0x08000147   Thumb Code     0  __scatter.o(!!!scatter)
    __decompress                             0x0800016d   Thumb Code    90  __dczerorl2.o(!!dczerorl2)
    __decompress1                            0x0800016d   Thumb Code     0  __dczerorl2.o(!!dczerorl2)
    __scatterload_zeroinit                   0x080001c9   Thumb Code    28  __scatter_zi.o(!!handler_zi)
    __rt_lib_init                            0x080001e5   Thumb Code     0  libinit.o(.ARM.Collect$$libinit$$00000000)
    __rt_lib_init_alloca_1                   0x080001e7   Thumb Code     0  libinit2.o(.ARM.Collect$$libinit$$0000002E)
    __rt_lib_init_argv_1                     0x080001e7   Thumb Code     0  libinit2.o(.ARM.Collect$$libinit$$0000002C)
    __rt_lib_init_atexit_1                   0x080001e7   Thumb Code     0  libinit2.o(.ARM.Collect$$libinit$$0000001B)
    __rt_lib_init_clock_1                    0x080001e7   Thumb Code     0  libinit2.o(.ARM.Collect$$libinit$$00000021)
    __rt_lib_init_cpp_1                      0x080001e7   Thumb Code     0  libinit2.o(.ARM.Collect$$libinit$$00000032)
    __rt_lib_init_exceptions_1               0x080001e7   Thumb Code     0  libinit2.o(.ARM.Collect$$libinit$$00000030)
    __rt_lib_init_fp_1                       0x080001e7   Thumb Code     0  libinit2.o(.ARM.Collect$$libinit$$00000002)
    __rt_lib_init_fp_trap_1                  0x080001e7   Thumb Code     0  libinit2.o(.ARM.Collect$$libinit$$0000001F)
    __rt_lib_init_getenv_1                   0x080001e7   Thumb Code     0  libinit2.o(.ARM.Collect$$libinit$$00000023)
    __rt_lib_init_heap_1                     0x080001e7   Thumb Code     0  libinit2.o(.ARM.Collect$$libinit$$0000000A)
    __rt_lib_init_lc_collate_1               0x080001e7   Thumb Code     0  libinit2.o(.ARM.Collect$$libinit$$00000011)
    __rt_lib_init_lc_ctype_1                 0x080001e7   Thumb Code     0  libinit2.o(.ARM.Collect$$libinit$$00000013)
    __rt_lib_init_lc_monetary_1              0x080001e7   Thumb Code     0  libinit2.o(.ARM.Collect$$libinit$$00000015)
    __rt_lib_init_lc_numeric_1               0x080001e7   Thumb Code     0  libinit2.o(.ARM.Collect$$libinit$$00000017)
    __rt_lib_init_lc_time_1                  0x080001e7   Thumb Code     0  libinit2.o(.ARM.Collect$$libinit$$00000019)
    __rt_lib_init_preinit_1                  0x080001e7   Thumb Code     0  libinit2.o(.ARM.Collect$$libinit$$00000004)
    __rt_lib_init_rand_1                     0x080001e7   Thumb Code     0  libinit2.o(.ARM.Collect$$libinit$$0000000E)
    __rt_lib_init_return                     0x080001e7   Thumb Code     0  libinit2.o(.ARM.Collect$$libinit$$00000033)
    __rt_lib_init_signal_1                   0x080001e7   Thumb Code     0  libinit2.o(.ARM.Collect$$libinit$$0000001D)
    __rt_lib_init_stdio_1                    0x080001e7   Thumb Code     0  libinit2.o(.ARM.Collect$$libinit$$00000025)
    __rt_lib_init_user_alloc_1               0x080001e7   Thumb Code     0  libinit2.o(.ARM.Collect$$libinit$$0000000C)
    __rt_lib_shutdown                        0x080001e9   Thumb Code     0  libshutdown.o(.ARM.Collect$$libshutdown$$00000000)
    __rt_lib_shutdown_cpp_1                  0x080001eb   Thumb Code     0  libshutdown2.o(.ARM.Collect$$libshutdown$$00000002)
    __rt_lib_shutdown_fp_trap_1              0x080001eb   Thumb Code     0  libshutdown2.o(.ARM.Collect$$libshutdown$$00000007)
    __rt_lib_shutdown_heap_1                 0x080001eb   Thumb Code     0  libshutdown2.o(.ARM.Collect$$libshutdown$$0000000F)
    __rt_lib_shutdown_return                 0x080001eb   Thumb Code     0  libshutdown2.o(.ARM.Collect$$libshutdown$$00000010)
    __rt_lib_shutdown_signal_1               0x080001eb   Thumb Code     0  libshutdown2.o(.ARM.Collect$$libshutdown$$0000000A)
    __rt_lib_shutdown_stdio_1                0x080001eb   Thumb Code     0  libshutdown2.o(.ARM.Collect$$libshutdown$$00000004)
    __rt_lib_shutdown_user_alloc_1           0x080001eb   Thumb Code     0  libshutdown2.o(.ARM.Collect$$libshutdown$$0000000C)
    __rt_entry                               0x080001ed   Thumb Code     0  __rtentry.o(.ARM.Collect$$rtentry$$00000000)
    __rt_entry_presh_1                       0x080001ed   Thumb Code     0  __rtentry2.o(.ARM.Collect$$rtentry$$00000002)
    __rt_entry_sh                            0x080001ed   Thumb Code     0  __rtentry4.o(.ARM.Collect$$rtentry$$00000004)
    __rt_entry_li                            0x080001f3   Thumb Code     0  __rtentry2.o(.ARM.Collect$$rtentry$$0000000A)
    __rt_entry_postsh_1                      0x080001f3   Thumb Code     0  __rtentry2.o(.ARM.Collect$$rtentry$$00000009)
    __rt_entry_main                          0x080001f7   Thumb Code     0  __rtentry2.o(.ARM.Collect$$rtentry$$0000000D)
    __rt_entry_postli_1                      0x080001f7   Thumb Code     0  __rtentry2.o(.ARM.Collect$$rtentry$$0000000C)
    __rt_exit                                0x080001ff   Thumb Code     0  rtexit.o(.ARM.Collect$$rtexit$$00000000)
    __rt_exit_ls                             0x08000201   Thumb Code     0  rtexit2.o(.ARM.Collect$$rtexit$$00000003)
    __rt_exit_prels_1                        0x08000201   Thumb Code     0  rtexit2.o(.ARM.Collect$$rtexit$$00000002)
    __rt_exit_exit                           0x08000205   Thumb Code     0  rtexit2.o(.ARM.Collect$$rtexit$$00000004)
    Reset_Handler                            0x0800020d   Thumb Code     4  startup_stm32f10x_hd.o(.text)
    NMI_Handler                              0x08000211   Thumb Code     2  startup_stm32f10x_hd.o(.text)
    HardFault_Handler                        0x08000213   Thumb Code     2  startup_stm32f10x_hd.o(.text)
    MemManage_Handler                        0x08000215   Thumb Code     2  startup_stm32f10x_hd.o(.text)
    BusFault_Handler                         0x08000217   Thumb Code     2  startup_stm32f10x_hd.o(.text)
    UsageFault_Handler                       0x08000219   Thumb Code     2  startup_stm32f10x_hd.o(.text)
    SVC_Handler                              0x0800021b   Thumb Code     2  startup_stm32f10x_hd.o(.text)
    DebugMon_Handler                         0x0800021d   Thumb Code     2  startup_stm32f10x_hd.o(.text)
    PendSV_Handler                           0x0800021f   Thumb Code     2  startup_stm32f10x_hd.o(.text)
    SysTick_Handler                          0x08000221   Thumb Code     2  startup_stm32f10x_hd.o(.text)
    ADC1_2_IRQHandler                        0x08000223   Thumb Code     0  startup_stm32f10x_hd.o(.text)
    ADC3_IRQHandler                          0x08000223   Thumb Code     0  startup_stm32f10x_hd.o(.text)
    CAN1_RX1_IRQHandler                      0x08000223   Thumb Code     0  startup_stm32f10x_hd.o(.text)
    CAN1_SCE_IRQHandler                      0x08000223   Thumb Code     0  startup_stm32f10x_hd.o(.text)
    DMA1_Channel1_IRQHandler                 0x08000223   Thumb Code     0  startup_stm32f10x_hd.o(.text)
    DMA1_Channel2_IRQHandler                 0x08000223   Thumb Code     0  startup_stm32f10x_hd.o(.text)
    DMA1_Channel3_IRQHandler                 0x08000223   Thumb Code     0  startup_stm32f10x_hd.o(.text)
    DMA1_Channel4_IRQHandler                 0x08000223   Thumb Code     0  startup_stm32f10x_hd.o(.text)
    DMA1_Channel5_IRQHandler                 0x08000223   Thumb Code     0  startup_stm32f10x_hd.o(.text)
    DMA1_Channel6_IRQHandler                 0x08000223   Thumb Code     0  startup_stm32f10x_hd.o(.text)
    DMA1_Channel7_IRQHandler                 0x08000223   Thumb Code     0  startup_stm32f10x_hd.o(.text)
    DMA2_Channel1_IRQHandler                 0x08000223   Thumb Code     0  startup_stm32f10x_hd.o(.text)
    DMA2_Channel2_IRQHandler                 0x08000223   Thumb Code     0  startup_stm32f10x_hd.o(.text)
    DMA2_Channel3_IRQHandler                 0x08000223   Thumb Code     0  startup_stm32f10x_hd.o(.text)
    DMA2_Channel4_5_IRQHandler               0x08000223   Thumb Code     0  startup_stm32f10x_hd.o(.text)
    EXTI0_IRQHandler                         0x08000223   Thumb Code     0  startup_stm32f10x_hd.o(.text)
    EXTI15_10_IRQHandler                     0x08000223   Thumb Code     0  startup_stm32f10x_hd.o(.text)
    EXTI1_IRQHandler                         0x08000223   Thumb Code     0  startup_stm32f10x_hd.o(.text)
    EXTI2_IRQHandler                         0x08000223   Thumb Code     0  startup_stm32f10x_hd.o(.text)
    EXTI3_IRQHandler                         0x08000223   Thumb Code     0  startup_stm32f10x_hd.o(.text)
    EXTI4_IRQHandler                         0x08000223   Thumb Code     0  startup_stm32f10x_hd.o(.text)
    EXTI9_5_IRQHandler                       0x08000223   Thumb Code     0  startup_stm32f10x_hd.o(.text)
    FLASH_IRQHandler                         0x08000223   Thumb Code     0  startup_stm32f10x_hd.o(.text)
    FSMC_IRQHandler                          0x08000223   Thumb Code     0  startup_stm32f10x_hd.o(.text)
    I2C1_ER_IRQHandler                       0x08000223   Thumb Code     0  startup_stm32f10x_hd.o(.text)
    I2C1_EV_IRQHandler                       0x08000223   Thumb Code     0  startup_stm32f10x_hd.o(.text)
    I2C2_ER_IRQHandler                       0x08000223   Thumb Code     0  startup_stm32f10x_hd.o(.text)
    I2C2_EV_IRQHandler                       0x08000223   Thumb Code     0  startup_stm32f10x_hd.o(.text)
    PVD_IRQHandler                           0x08000223   Thumb Code     0  startup_stm32f10x_hd.o(.text)
    RCC_IRQHandler                           0x08000223   Thumb Code     0  startup_stm32f10x_hd.o(.text)
    RTCAlarm_IRQHandler                      0x08000223   Thumb Code     0  startup_stm32f10x_hd.o(.text)
    RTC_IRQHandler                           0x08000223   Thumb Code     0  startup_stm32f10x_hd.o(.text)
    SDIO_IRQHandler                          0x08000223   Thumb Code     0  startup_stm32f10x_hd.o(.text)
    SPI1_IRQHandler                          0x08000223   Thumb Code     0  startup_stm32f10x_hd.o(.text)
    SPI2_IRQHandler                          0x08000223   Thumb Code     0  startup_stm32f10x_hd.o(.text)
    SPI3_IRQHandler                          0x08000223   Thumb Code     0  startup_stm32f10x_hd.o(.text)
    TAMPER_IRQHandler                        0x08000223   Thumb Code     0  startup_stm32f10x_hd.o(.text)
    TIM1_BRK_IRQHandler                      0x08000223   Thumb Code     0  startup_stm32f10x_hd.o(.text)
    TIM1_CC_IRQHandler                       0x08000223   Thumb Code     0  startup_stm32f10x_hd.o(.text)
    TIM1_TRG_COM_IRQHandler                  0x08000223   Thumb Code     0  startup_stm32f10x_hd.o(.text)
    TIM1_UP_IRQHandler                       0x08000223   Thumb Code     0  startup_stm32f10x_hd.o(.text)
    TIM2_IRQHandler                          0x08000223   Thumb Code     0  startup_stm32f10x_hd.o(.text)
    TIM3_IRQHandler                          0x08000223   Thumb Code     0  startup_stm32f10x_hd.o(.text)
    TIM4_IRQHandler                          0x08000223   Thumb Code     0  startup_stm32f10x_hd.o(.text)
    TIM5_IRQHandler                          0x08000223   Thumb Code     0  startup_stm32f10x_hd.o(.text)
    TIM6_IRQHandler                          0x08000223   Thumb Code     0  startup_stm32f10x_hd.o(.text)
    TIM7_IRQHandler                          0x08000223   Thumb Code     0  startup_stm32f10x_hd.o(.text)
    TIM8_BRK_IRQHandler                      0x08000223   Thumb Code     0  startup_stm32f10x_hd.o(.text)
    TIM8_CC_IRQHandler                       0x08000223   Thumb Code     0  startup_stm32f10x_hd.o(.text)
    TIM8_TRG_COM_IRQHandler                  0x08000223   Thumb Code     0  startup_stm32f10x_hd.o(.text)
    TIM8_UP_IRQHandler                       0x08000223   Thumb Code     0  startup_stm32f10x_hd.o(.text)
    UART4_IRQHandler                         0x08000223   Thumb Code     0  startup_stm32f10x_hd.o(.text)
    UART5_IRQHandler                         0x08000223   Thumb Code     0  startup_stm32f10x_hd.o(.text)
    USART2_IRQHandler                        0x08000223   Thumb Code     0  startup_stm32f10x_hd.o(.text)
    USART3_IRQHandler                        0x08000223   Thumb Code     0  startup_stm32f10x_hd.o(.text)
    USBWakeUp_IRQHandler                     0x08000223   Thumb Code     0  startup_stm32f10x_hd.o(.text)
    USB_HP_CAN1_TX_IRQHandler                0x08000223   Thumb Code     0  startup_stm32f10x_hd.o(.text)
    USB_LP_CAN1_RX0_IRQHandler               0x08000223   Thumb Code     0  startup_stm32f10x_hd.o(.text)
    WWDG_IRQHandler                          0x08000223   Thumb Code     0  startup_stm32f10x_hd.o(.text)
    __user_initial_stackheap                 0x08000225   Thumb Code     0  startup_stm32f10x_hd.o(.text)
    __use_no_semihosting                     0x08000245   Thumb Code     2  use_no_semi_2.o(.text)
    strlen                                   0x08000247   Thumb Code    62  strlen.o(.text)
    __use_two_region_memory                  0x08000285   Thumb Code     2  heapauxi.o(.text)
    __rt_heap_escrow$2region                 0x08000287   Thumb Code     2  heapauxi.o(.text)
    __rt_heap_expand$2region                 0x08000289   Thumb Code     2  heapauxi.o(.text)
    __I$use$semihosting                      0x0800028b   Thumb Code     0  use_no_semi.o(.text)
    __use_no_semihosting_swi                 0x0800028b   Thumb Code     2  use_no_semi.o(.text)
    __read_errno                             0x0800028d   Thumb Code    10  _rserrno.o(.text)
    __set_errno                              0x08000297   Thumb Code    12  _rserrno.o(.text)
    __aeabi_errno_addr                       0x080002a5   Thumb Code     8  rt_errno_addr_intlibspace.o(.text)
    __errno$intlibspace                      0x080002a5   Thumb Code     0  rt_errno_addr_intlibspace.o(.text)
    __rt_errno_addr$intlibspace              0x080002a5   Thumb Code     0  rt_errno_addr_intlibspace.o(.text)
    __user_libspace                          0x080002ad   Thumb Code     8  libspace.o(.text)
    __user_perproc_libspace                  0x080002ad   Thumb Code     0  libspace.o(.text)
    __user_perthread_libspace                0x080002ad   Thumb Code     0  libspace.o(.text)
    __user_setup_stackheap                   0x080002b5   Thumb Code    74  sys_stackheap_outer.o(.text)
    exit                                     0x080002ff   Thumb Code    18  exit.o(.text)
    CT_Delay                                 0x08000311   Thumb Code    10  ctiic.o(i.CT_Delay)
    CT_IIC_Ack                               0x0800031d   Thumb Code    66  ctiic.o(i.CT_IIC_Ack)
    CT_IIC_Init                              0x0800036d   Thumb Code   136  ctiic.o(i.CT_IIC_Init)
    CT_IIC_NAck                              0x080003fd   Thumb Code    66  ctiic.o(i.CT_IIC_NAck)
    CT_IIC_Read_Byte                         0x0800044d   Thumb Code    96  ctiic.o(i.CT_IIC_Read_Byte)
    CT_IIC_Send_Byte                         0x080004b9   Thumb Code    84  ctiic.o(i.CT_IIC_Send_Byte)
    CT_IIC_Start                             0x08000519   Thumb Code    62  ctiic.o(i.CT_IIC_Start)
    CT_IIC_Stop                              0x08000565   Thumb Code    58  ctiic.o(i.CT_IIC_Stop)
    CT_IIC_Wait_Ack                          0x080005ad   Thumb Code    84  ctiic.o(i.CT_IIC_Wait_Ack)
    Chinese_Font_test                        0x0800060d   Thumb Code    96  test code.o(i.Chinese_Font_test)
    DrawTestPage                             0x080006c9   Thumb Code   258  test code.o(i.DrawTestPage)
    FT6336_Init                              0x080007ed   Thumb Code    36  ctp.o(i.FT6336_Init)
    FT6336_RD_Reg                            0x08000819   Thumb Code    88  ctp.o(i.FT6336_RD_Reg)
    FT6336_Scan                              0x08000871   Thumb Code   394  ctp.o(i.FT6336_Scan)
    GUI_DrawFont16                           0x08000a09   Thumb Code   234  lcd.o(i.GUI_DrawFont16)
    GUI_DrawFont24                           0x08000b05   Thumb Code   250  lcd.o(i.GUI_DrawFont24)
    GUI_DrawFont32                           0x08000c11   Thumb Code   234  lcd.o(i.GUI_DrawFont32)
    Gui_StrCenter                            0x08000d0d   Thumb Code    92  lcd.o(i.Gui_StrCenter)
    JTAG_Set                                 0x08000d6d   Thumb Code    38  sys.o(i.JTAG_Set)
    LCD_Clear                                0x08000d9d   Thumb Code    44  lcd.o(i.LCD_Clear)
    LCD_Display_Dir                          0x08000dcd   Thumb Code   228  lcd.o(i.LCD_Display_Dir)
    LCD_DrawLine                             0x08000eb5   Thumb Code   176  lcd.o(i.LCD_DrawLine)
    LCD_DrawPoint                            0x08000f65   Thumb Code    28  lcd.o(i.LCD_DrawPoint)
    LCD_Draw_Circle                          0x08000f85   Thumb Code   152  lcd.o(i.LCD_Draw_Circle)
    LCD_Fast_DrawPoint                       0x0800101d   Thumb Code    28  lcd.o(i.LCD_Fast_DrawPoint)
    LCD_Fill                                 0x0800103d   Thumb Code   178  lcd.o(i.LCD_Fill)
    LCD_Init                                 0x080010f5   Thumb Code   580  lcd.o(i.LCD_Init)
    LCD_Pow                                  0x08001351   Thumb Code    22  lcd.o(i.LCD_Pow)
    LCD_SetCursor                            0x08001369   Thumb Code    48  lcd.o(i.LCD_SetCursor)
    LCD_Set_Window                           0x0800139d   Thumb Code   104  lcd.o(i.LCD_Set_Window)
    LCD_ShowChar                             0x08001409   Thumb Code   272  lcd.o(i.LCD_ShowChar)
    LCD_ShowNum                              0x08001531   Thumb Code   148  lcd.o(i.LCD_ShowNum)
    LCD_ShowString                           0x080015c5   Thumb Code   102  lcd.o(i.LCD_ShowString)
    LCD_WR_DATA                              0x0800162d   Thumb Code    78  lcd.o(i.LCD_WR_DATA)
    LCD_WR_REG                               0x08001689   Thumb Code    76  lcd.o(i.LCD_WR_REG)
    LCD_WriteRAM                             0x080016e1   Thumb Code    78  lcd.o(i.LCD_WriteRAM)
    LCD_WriteRAM_Prepare                     0x0800173d   Thumb Code    12  lcd.o(i.LCD_WriteRAM_Prepare)
    LCD_WriteReg                             0x0800174d   Thumb Code    20  lcd.o(i.LCD_WriteReg)
    Load_Drow_Dialog                         0x08001761   Thumb Code    60  lcd.o(i.Load_Drow_Dialog)
    MYRCC_DeInit                             0x080017ad   Thumb Code    90  sys.o(i.MYRCC_DeInit)
    MY_NVIC_SetVectorTable                   0x08001815   Thumb Code    12  sys.o(i.MY_NVIC_SetVectorTable)
    SPI_Read                                 0x08001829   Thumb Code    44  w25qx.o(i.SPI_Read)
    SPI_Write                                0x0800185d   Thumb Code    54  w25qx.o(i.SPI_Write)
    Show_Str                                 0x08001899   Thumb Code   238  lcd.o(i.Show_Str)
    Stm32_Clock_Init                         0x0800198d   Thumb Code   134  sys.o(i.Stm32_Clock_Init)
    TP_Adj_Info_Show                         0x08001a1d   Thumb Code   374  touch.o(i.TP_Adj_Info_Show)
    TP_Adjust                                0x08001bc5   Thumb Code  2032  touch.o(i.TP_Adjust)
    TP_Drow_Touch_Point                      0x08002405   Thumb Code   108  touch.o(i.TP_Drow_Touch_Point)
    TP_Get_Adjdata                           0x08002475   Thumb Code   282  touch.o(i.TP_Get_Adjdata)
    TP_Init                                  0x080025a1   Thumb Code    18  touch.o(i.TP_Init)
    TP_Read_AD                               0x080025bd   Thumb Code   136  touch.o(i.TP_Read_AD)
    TP_Read_XOY                              0x0800264d   Thumb Code   120  touch.o(i.TP_Read_XOY)
    TP_Read_XY                               0x080026c5   Thumb Code    38  touch.o(i.TP_Read_XY)
    TP_Read_XY2                              0x080026f5   Thumb Code   192  touch.o(i.TP_Read_XY2)
    TP_Save_Adjdata                          0x080027b5   Thumb Code   154  touch.o(i.TP_Save_Adjdata)
    TP_Scan                                  0x08002859   Thumb Code   262  touch.o(i.TP_Scan)
    TP_Write_Byte                            0x08002969   Thumb Code    66  touch.o(i.TP_Write_Byte)
    USART1_IRQHandler                        0x080029b5   Thumb Code   118  usart.o(i.USART1_IRQHandler)
    W25Q16_Read                              0x08002a39   Thumb Code    76  w25qx.o(i.W25Q16_Read)
    W25Q16_ReadSR                            0x08002a89   Thumb Code    36  w25qx.o(i.W25Q16_ReadSR)
    W25Q16_Write                             0x08002ab5   Thumb Code   180  w25qx.o(i.W25Q16_Write)
    W25QX_Erase_Sector                       0x08002b6d   Thumb Code    72  w25qx.o(i.W25QX_Erase_Sector)
    W25QX_Flash_ReadID                       0x08002bbd   Thumb Code    60  w25qx.o(i.W25QX_Flash_ReadID)
    W25QX_Flash_Write_Page                   0x08002c01   Thumb Code    82  w25qx.o(i.W25QX_Flash_Write_Page)
    W25QX_Write_NoCheck                      0x08002c59   Thumb Code    66  w25qx.o(i.W25QX_Write_NoCheck)
    Write_Enable                             0x08002c9d   Thumb Code    24  w25qx.o(i.Write_Enable)
    _sys_exit                                0x08002cbd   Thumb Code     6  usart.o(i._sys_exit)
    ctp_test                                 0x08002cc5   Thumb Code   236  test code.o(i.ctp_test)
    delay_init                               0x08002dbd   Thumb Code    56  delay.o(i.delay_init)
    delay_ms                                 0x08002dfd   Thumb Code    56  delay.o(i.delay_ms)
    delay_us                                 0x08002e39   Thumb Code    56  delay.o(i.delay_us)
    gui_draw_hline                           0x08002e75   Thumb Code    36  lcd.o(i.gui_draw_hline)
    gui_fill_circle                          0x08002e99   Thumb Code   176  lcd.o(i.gui_fill_circle)
    lcd_draw_bline                           0x08002f49   Thumb Code   212  lcd.o(i.lcd_draw_bline)
    main                                     0x0800301d   Thumb Code    86  test.o(i.main)
    main_test                                0x08003089   Thumb Code   134  test code.o(i.main_test)
    sqrt                                     0x08003155   Thumb Code    76  sqrt.o(i.sqrt)
    __fpl_dcmp_Inf                           0x080031a1   Thumb Code    24  dcmpi.o(x$fpl$dcmpinf)
    __aeabi_d2uiz                            0x080031b9   Thumb Code     0  dfixu.o(x$fpl$dfixu)
    _dfixu                                   0x080031b9   Thumb Code    90  dfixu.o(x$fpl$dfixu)
    __aeabi_ui2d                             0x08003213   Thumb Code     0  dflt_clz.o(x$fpl$dfltu)
    _dfltu                                   0x08003213   Thumb Code    38  dflt_clz.o(x$fpl$dfltu)
    __aeabi_cdcmple                          0x08003239   Thumb Code     0  dleqf.o(x$fpl$dleqf)
    _dcmple                                  0x08003239   Thumb Code   120  dleqf.o(x$fpl$dleqf)
    __fpl_dcmple_InfNaN                      0x0800329b   Thumb Code     0  dleqf.o(x$fpl$dleqf)
    __aeabi_dmul                             0x080032b1   Thumb Code     0  dmul.o(x$fpl$dmul)
    _dmul                                    0x080032b1   Thumb Code   332  dmul.o(x$fpl$dmul)
    __fpl_dnaninf                            0x08003405   Thumb Code   156  dnaninf.o(x$fpl$dnaninf)
    __fpl_dretinf                            0x080034a1   Thumb Code    12  dretinf.o(x$fpl$dretinf)
    __aeabi_cdrcmple                         0x080034ad   Thumb Code     0  drleqf.o(x$fpl$drleqf)
    _drcmple                                 0x080034ad   Thumb Code   108  drleqf.o(x$fpl$drleqf)
    _dsqrt                                   0x08003519   Thumb Code   456  dsqrt_noumaal.o(x$fpl$dsqrt)
    __aeabi_f2d                              0x080036e5   Thumb Code     0  f2d.o(x$fpl$f2d)
    _f2d                                     0x080036e5   Thumb Code    86  f2d.o(x$fpl$f2d)
    __aeabi_fadd                             0x0800373d   Thumb Code     0  faddsub_clz.o(x$fpl$fadd)
    _fadd                                    0x0800373d   Thumb Code   196  faddsub_clz.o(x$fpl$fadd)
    __aeabi_fdiv                             0x08003801   Thumb Code     0  fdiv.o(x$fpl$fdiv)
    _fdiv                                    0x08003801   Thumb Code   384  fdiv.o(x$fpl$fdiv)
    __aeabi_f2iz                             0x08003985   Thumb Code     0  ffix.o(x$fpl$ffix)
    _ffix                                    0x08003985   Thumb Code    54  ffix.o(x$fpl$ffix)
    __aeabi_f2uiz                            0x080039bd   Thumb Code     0  ffixu.o(x$fpl$ffixu)
    _ffixu                                   0x080039bd   Thumb Code    62  ffixu.o(x$fpl$ffixu)
    __aeabi_i2f                              0x080039fd   Thumb Code     0  fflt_clz.o(x$fpl$fflt)
    _fflt                                    0x080039fd   Thumb Code    48  fflt_clz.o(x$fpl$fflt)
    __aeabi_ui2f                             0x08003a2d   Thumb Code     0  fflt_clz.o(x$fpl$ffltu)
    _ffltu                                   0x08003a2d   Thumb Code    38  fflt_clz.o(x$fpl$ffltu)
    __aeabi_fmul                             0x08003a55   Thumb Code     0  fmul.o(x$fpl$fmul)
    _fmul                                    0x08003a55   Thumb Code   258  fmul.o(x$fpl$fmul)
    __fpl_fnaninf                            0x08003b57   Thumb Code   140  fnaninf.o(x$fpl$fnaninf)
    __fpl_fretinf                            0x08003be3   Thumb Code    10  fretinf.o(x$fpl$fretinf)
    __aeabi_fsub                             0x08003bed   Thumb Code     0  faddsub_clz.o(x$fpl$fsub)
    _fsub                                    0x08003bed   Thumb Code   234  faddsub_clz.o(x$fpl$fsub)
    __I$use$fp                               0x08003cd6   Number         0  usenofp.o(x$fpl$usenofp)
    asc2_1206                                0x08003cd6   Data        1140  lcd.o(.constdata)
    asc2_1608                                0x0800414a   Data        1520  lcd.o(.constdata)
    asc2_2412                                0x0800473a   Data        3420  lcd.o(.constdata)
    FT5206_TPX_TBL                           0x08005496   Data          10  ctp.o(.constdata)
    TP_REMIND_MSG_TBL                        0x080054a0   Data           4  touch.o(.constdata)
    POINT_COLOR_TBL                          0x080054a4   Data          10  test code.o(.constdata)
    Region$$Table$$Base                      0x08005594   Number         0  anon$$obj.o(Region$$Table)
    Region$$Table$$Limit                     0x080055b4   Number         0  anon$$obj.o(Region$$Table)
    __stdout                                 0x20000004   Data           4  usart.o(.data)
    USART_RX_STA                             0x20000008   Data           2  usart.o(.data)
    tfont16                                  0x2000000a   Data        1768  lcd.o(.data)
    tfont24                                  0x200006f2   Data         444  lcd.o(.data)
    tfont32                                  0x200008ae   Data        1040  lcd.o(.data)
    POINT_COLOR                              0x20000cbe   Data           2  lcd.o(.data)
    BACK_COLOR                               0x20000cc0   Data           2  lcd.o(.data)
    tp_dev                                   0x20000cc4   Data          52  touch.o(.data)
    CMD_RDX                                  0x20000cf8   Data           1  touch.o(.data)
    CMD_RDY                                  0x20000cf9   Data           1  touch.o(.data)
    USART_RX_BUF                             0x20000cfc   Data         200  usart.o(.bss)
    lcddev                                   0x20000dc4   Data          14  lcd.o(.bss)
    SPI_FLASH_BUFFER                         0x20000dd2   Data        4096  w25qx.o(.bss)
    __libspace_start                         0x20001dd4   Data          96  libspace.o(.bss)
    __temporary_stack_top$libspace           0x20001e34   Data           0  libspace.o(.bss)



==============================================================================

Memory Map of the image

  Image Entry point : 0x08000131

  Load Region LR_IROM1 (Base: 0x08000000, Size: 0x000062b0, Max: 0x00010000, ABSOLUTE, COMPRESSED[0x00005f6c])

    Execution Region ER_IROM1 (Exec base: 0x08000000, Load base: 0x08000000, Size: 0x000055b4, Max: 0x00010000, ABSOLUTE)

    Exec Addr    Load Addr    Size         Type   Attr      Idx    E Section Name        Object

    0x08000000   0x08000000   0x00000130   Data   RO            3    RESET               startup_stm32f10x_hd.o
    0x08000130   0x08000130   0x00000008   Code   RO          901  * !!!main             c_w.l(__main.o)
    0x08000138   0x08000138   0x00000034   Code   RO         1139    !!!scatter          c_w.l(__scatter.o)
    0x0800016c   0x0800016c   0x0000005a   Code   RO         1137    !!dczerorl2         c_w.l(__dczerorl2.o)
    0x080001c6   0x080001c6   0x00000002   PAD
    0x080001c8   0x080001c8   0x0000001c   Code   RO         1141    !!handler_zi        c_w.l(__scatter_zi.o)
    0x080001e4   0x080001e4   0x00000002   Code   RO         1014    .ARM.Collect$$libinit$$00000000  c_w.l(libinit.o)
    0x080001e6   0x080001e6   0x00000000   Code   RO         1018    .ARM.Collect$$libinit$$00000002  c_w.l(libinit2.o)
    0x080001e6   0x080001e6   0x00000000   Code   RO         1020    .ARM.Collect$$libinit$$00000004  c_w.l(libinit2.o)
    0x080001e6   0x080001e6   0x00000000   Code   RO         1023    .ARM.Collect$$libinit$$0000000A  c_w.l(libinit2.o)
    0x080001e6   0x080001e6   0x00000000   Code   RO         1025    .ARM.Collect$$libinit$$0000000C  c_w.l(libinit2.o)
    0x080001e6   0x080001e6   0x00000000   Code   RO         1027    .ARM.Collect$$libinit$$0000000E  c_w.l(libinit2.o)
    0x080001e6   0x080001e6   0x00000000   Code   RO         1030    .ARM.Collect$$libinit$$00000011  c_w.l(libinit2.o)
    0x080001e6   0x080001e6   0x00000000   Code   RO         1032    .ARM.Collect$$libinit$$00000013  c_w.l(libinit2.o)
    0x080001e6   0x080001e6   0x00000000   Code   RO         1034    .ARM.Collect$$libinit$$00000015  c_w.l(libinit2.o)
    0x080001e6   0x080001e6   0x00000000   Code   RO         1036    .ARM.Collect$$libinit$$00000017  c_w.l(libinit2.o)
    0x080001e6   0x080001e6   0x00000000   Code   RO         1038    .ARM.Collect$$libinit$$00000019  c_w.l(libinit2.o)
    0x080001e6   0x080001e6   0x00000000   Code   RO         1040    .ARM.Collect$$libinit$$0000001B  c_w.l(libinit2.o)
    0x080001e6   0x080001e6   0x00000000   Code   RO         1042    .ARM.Collect$$libinit$$0000001D  c_w.l(libinit2.o)
    0x080001e6   0x080001e6   0x00000000   Code   RO         1044    .ARM.Collect$$libinit$$0000001F  c_w.l(libinit2.o)
    0x080001e6   0x080001e6   0x00000000   Code   RO         1046    .ARM.Collect$$libinit$$00000021  c_w.l(libinit2.o)
    0x080001e6   0x080001e6   0x00000000   Code   RO         1048    .ARM.Collect$$libinit$$00000023  c_w.l(libinit2.o)
    0x080001e6   0x080001e6   0x00000000   Code   RO         1050    .ARM.Collect$$libinit$$00000025  c_w.l(libinit2.o)
    0x080001e6   0x080001e6   0x00000000   Code   RO         1054    .ARM.Collect$$libinit$$0000002C  c_w.l(libinit2.o)
    0x080001e6   0x080001e6   0x00000000   Code   RO         1056    .ARM.Collect$$libinit$$0000002E  c_w.l(libinit2.o)
    0x080001e6   0x080001e6   0x00000000   Code   RO         1058    .ARM.Collect$$libinit$$00000030  c_w.l(libinit2.o)
    0x080001e6   0x080001e6   0x00000000   Code   RO         1060    .ARM.Collect$$libinit$$00000032  c_w.l(libinit2.o)
    0x080001e6   0x080001e6   0x00000002   Code   RO         1061    .ARM.Collect$$libinit$$00000033  c_w.l(libinit2.o)
    0x080001e8   0x080001e8   0x00000002   Code   RO         1079    .ARM.Collect$$libshutdown$$00000000  c_w.l(libshutdown.o)
    0x080001ea   0x080001ea   0x00000000   Code   RO         1089    .ARM.Collect$$libshutdown$$00000002  c_w.l(libshutdown2.o)
    0x080001ea   0x080001ea   0x00000000   Code   RO         1091    .ARM.Collect$$libshutdown$$00000004  c_w.l(libshutdown2.o)
    0x080001ea   0x080001ea   0x00000000   Code   RO         1094    .ARM.Collect$$libshutdown$$00000007  c_w.l(libshutdown2.o)
    0x080001ea   0x080001ea   0x00000000   Code   RO         1097    .ARM.Collect$$libshutdown$$0000000A  c_w.l(libshutdown2.o)
    0x080001ea   0x080001ea   0x00000000   Code   RO         1099    .ARM.Collect$$libshutdown$$0000000C  c_w.l(libshutdown2.o)
    0x080001ea   0x080001ea   0x00000000   Code   RO         1102    .ARM.Collect$$libshutdown$$0000000F  c_w.l(libshutdown2.o)
    0x080001ea   0x080001ea   0x00000002   Code   RO         1103    .ARM.Collect$$libshutdown$$00000010  c_w.l(libshutdown2.o)
    0x080001ec   0x080001ec   0x00000000   Code   RO          957    .ARM.Collect$$rtentry$$00000000  c_w.l(__rtentry.o)
    0x080001ec   0x080001ec   0x00000000   Code   RO          981    .ARM.Collect$$rtentry$$00000002  c_w.l(__rtentry2.o)
    0x080001ec   0x080001ec   0x00000006   Code   RO          993    .ARM.Collect$$rtentry$$00000004  c_w.l(__rtentry4.o)
    0x080001f2   0x080001f2   0x00000000   Code   RO          983    .ARM.Collect$$rtentry$$00000009  c_w.l(__rtentry2.o)
    0x080001f2   0x080001f2   0x00000004   Code   RO          984    .ARM.Collect$$rtentry$$0000000A  c_w.l(__rtentry2.o)
    0x080001f6   0x080001f6   0x00000000   Code   RO          986    .ARM.Collect$$rtentry$$0000000C  c_w.l(__rtentry2.o)
    0x080001f6   0x080001f6   0x00000008   Code   RO          987    .ARM.Collect$$rtentry$$0000000D  c_w.l(__rtentry2.o)
    0x080001fe   0x080001fe   0x00000002   Code   RO         1015    .ARM.Collect$$rtexit$$00000000  c_w.l(rtexit.o)
    0x08000200   0x08000200   0x00000000   Code   RO         1063    .ARM.Collect$$rtexit$$00000002  c_w.l(rtexit2.o)
    0x08000200   0x08000200   0x00000004   Code   RO         1064    .ARM.Collect$$rtexit$$00000003  c_w.l(rtexit2.o)
    0x08000204   0x08000204   0x00000006   Code   RO         1065    .ARM.Collect$$rtexit$$00000004  c_w.l(rtexit2.o)
    0x0800020a   0x0800020a   0x00000002   PAD
    0x0800020c   0x0800020c   0x00000038   Code   RO            4    .text               startup_stm32f10x_hd.o
    0x08000244   0x08000244   0x00000002   Code   RO          840    .text               c_w.l(use_no_semi_2.o)
    0x08000246   0x08000246   0x0000003e   Code   RO          893    .text               c_w.l(strlen.o)
    0x08000284   0x08000284   0x00000006   Code   RO          899    .text               c_w.l(heapauxi.o)
    0x0800028a   0x0800028a   0x00000002   Code   RO          955    .text               c_w.l(use_no_semi.o)
    0x0800028c   0x0800028c   0x00000016   Code   RO          958    .text               c_w.l(_rserrno.o)
    0x080002a2   0x080002a2   0x00000002   PAD
    0x080002a4   0x080002a4   0x00000008   Code   RO          998    .text               c_w.l(rt_errno_addr_intlibspace.o)
    0x080002ac   0x080002ac   0x00000008   Code   RO         1002    .text               c_w.l(libspace.o)
    0x080002b4   0x080002b4   0x0000004a   Code   RO         1005    .text               c_w.l(sys_stackheap_outer.o)
    0x080002fe   0x080002fe   0x00000012   Code   RO         1007    .text               c_w.l(exit.o)
    0x08000310   0x08000310   0x0000000a   Code   RO          503    i.CT_Delay          ctiic.o
    0x0800031a   0x0800031a   0x00000002   PAD
    0x0800031c   0x0800031c   0x00000050   Code   RO          504    i.CT_IIC_Ack        ctiic.o
    0x0800036c   0x0800036c   0x00000090   Code   RO          505    i.CT_IIC_Init       ctiic.o
    0x080003fc   0x080003fc   0x00000050   Code   RO          506    i.CT_IIC_NAck       ctiic.o
    0x0800044c   0x0800044c   0x0000006c   Code   RO          507    i.CT_IIC_Read_Byte  ctiic.o
    0x080004b8   0x080004b8   0x00000060   Code   RO          508    i.CT_IIC_Send_Byte  ctiic.o
    0x08000518   0x08000518   0x0000004c   Code   RO          509    i.CT_IIC_Start      ctiic.o
    0x08000564   0x08000564   0x00000048   Code   RO          510    i.CT_IIC_Stop       ctiic.o
    0x080005ac   0x080005ac   0x00000060   Code   RO          511    i.CT_IIC_Wait_Ack   ctiic.o
    0x0800060c   0x0800060c   0x000000bc   Code   RO          746    i.Chinese_Font_test  test code.o
    0x080006c8   0x080006c8   0x00000124   Code   RO          749    i.DrawTestPage      test code.o
    0x080007ec   0x080007ec   0x0000002c   Code   RO          460    i.FT6336_Init       ctp.o
    0x08000818   0x08000818   0x00000058   Code   RO          461    i.FT6336_RD_Reg     ctp.o
    0x08000870   0x08000870   0x00000198   Code   RO          462    i.FT6336_Scan       ctp.o
    0x08000a08   0x08000a08   0x000000fc   Code   RO          217    i.GUI_DrawFont16    lcd.o
    0x08000b04   0x08000b04   0x0000010c   Code   RO          218    i.GUI_DrawFont24    lcd.o
    0x08000c10   0x08000c10   0x000000fc   Code   RO          219    i.GUI_DrawFont32    lcd.o
    0x08000d0c   0x08000d0c   0x00000060   Code   RO          221    i.Gui_StrCenter     lcd.o
    0x08000d6c   0x08000d6c   0x00000030   Code   RO           98    i.JTAG_Set          sys.o
    0x08000d9c   0x08000d9c   0x00000030   Code   RO          222    i.LCD_Clear         lcd.o
    0x08000dcc   0x08000dcc   0x000000e8   Code   RO          226    i.LCD_Display_Dir   lcd.o
    0x08000eb4   0x08000eb4   0x000000b0   Code   RO          227    i.LCD_DrawLine      lcd.o
    0x08000f64   0x08000f64   0x00000020   Code   RO          228    i.LCD_DrawPoint     lcd.o
    0x08000f84   0x08000f84   0x00000098   Code   RO          230    i.LCD_Draw_Circle   lcd.o
    0x0800101c   0x0800101c   0x00000020   Code   RO          231    i.LCD_Fast_DrawPoint  lcd.o
    0x0800103c   0x0800103c   0x000000b8   Code   RO          232    i.LCD_Fill          lcd.o
    0x080010f4   0x080010f4   0x0000025c   Code   RO          233    i.LCD_Init          lcd.o
    0x08001350   0x08001350   0x00000016   Code   RO          234    i.LCD_Pow           lcd.o
    0x08001366   0x08001366   0x00000002   PAD
    0x08001368   0x08001368   0x00000034   Code   RO          236    i.LCD_SetCursor     lcd.o
    0x0800139c   0x0800139c   0x0000006c   Code   RO          237    i.LCD_Set_Window    lcd.o
    0x08001408   0x08001408   0x00000128   Code   RO          238    i.LCD_ShowChar      lcd.o
    0x08001530   0x08001530   0x00000094   Code   RO          239    i.LCD_ShowNum       lcd.o
    0x080015c4   0x080015c4   0x00000066   Code   RO          240    i.LCD_ShowString    lcd.o
    0x0800162a   0x0800162a   0x00000002   PAD
    0x0800162c   0x0800162c   0x0000005c   Code   RO          242    i.LCD_WR_DATA       lcd.o
    0x08001688   0x08001688   0x00000058   Code   RO          243    i.LCD_WR_REG        lcd.o
    0x080016e0   0x080016e0   0x0000005c   Code   RO          244    i.LCD_WriteRAM      lcd.o
    0x0800173c   0x0800173c   0x00000010   Code   RO          245    i.LCD_WriteRAM_Prepare  lcd.o
    0x0800174c   0x0800174c   0x00000014   Code   RO          246    i.LCD_WriteReg      lcd.o
    0x08001760   0x08001760   0x0000004c   Code   RO          247    i.Load_Drow_Dialog  lcd.o
    0x080017ac   0x080017ac   0x00000068   Code   RO           99    i.MYRCC_DeInit      sys.o
    0x08001814   0x08001814   0x00000014   Code   RO          102    i.MY_NVIC_SetVectorTable  sys.o
    0x08001828   0x08001828   0x00000034   Code   RO          563    i.SPI_Read          w25qx.o
    0x0800185c   0x0800185c   0x0000003c   Code   RO          564    i.SPI_Write         w25qx.o
    0x08001898   0x08001898   0x000000f4   Code   RO          248    i.Show_Str          lcd.o
    0x0800198c   0x0800198c   0x00000090   Code   RO          103    i.Stm32_Clock_Init  sys.o
    0x08001a1c   0x08001a1c   0x000001a8   Code   RO          650    i.TP_Adj_Info_Show  touch.o
    0x08001bc4   0x08001bc4   0x00000840   Code   RO          651    i.TP_Adjust         touch.o
    0x08002404   0x08002404   0x00000070   Code   RO          653    i.TP_Drow_Touch_Point  touch.o
    0x08002474   0x08002474   0x0000012c   Code   RO          654    i.TP_Get_Adjdata    touch.o
    0x080025a0   0x080025a0   0x0000001c   Code   RO          655    i.TP_Init           touch.o
    0x080025bc   0x080025bc   0x00000090   Code   RO          656    i.TP_Read_AD        touch.o
    0x0800264c   0x0800264c   0x00000078   Code   RO          657    i.TP_Read_XOY       touch.o
    0x080026c4   0x080026c4   0x00000030   Code   RO          658    i.TP_Read_XY        touch.o
    0x080026f4   0x080026f4   0x000000c0   Code   RO          659    i.TP_Read_XY2       touch.o
    0x080027b4   0x080027b4   0x000000a4   Code   RO          660    i.TP_Save_Adjdata   touch.o
    0x08002858   0x08002858   0x00000110   Code   RO          661    i.TP_Scan           touch.o
    0x08002968   0x08002968   0x0000004c   Code   RO          662    i.TP_Write_Byte     touch.o
    0x080029b4   0x080029b4   0x00000084   Code   RO          176    i.USART1_IRQHandler  usart.o
    0x08002a38   0x08002a38   0x00000050   Code   RO          565    i.W25Q16_Read       w25qx.o
    0x08002a88   0x08002a88   0x0000002c   Code   RO          566    i.W25Q16_ReadSR     w25qx.o
    0x08002ab4   0x08002ab4   0x000000b8   Code   RO          567    i.W25Q16_Write      w25qx.o
    0x08002b6c   0x08002b6c   0x00000050   Code   RO          568    i.W25QX_Erase_Sector  w25qx.o
    0x08002bbc   0x08002bbc   0x00000044   Code   RO          569    i.W25QX_Flash_ReadID  w25qx.o
    0x08002c00   0x08002c00   0x00000058   Code   RO          570    i.W25QX_Flash_Write_Page  w25qx.o
    0x08002c58   0x08002c58   0x00000042   Code   RO          571    i.W25QX_Write_NoCheck  w25qx.o
    0x08002c9a   0x08002c9a   0x00000002   PAD
    0x08002c9c   0x08002c9c   0x00000020   Code   RO          575    i.Write_Enable      w25qx.o
    0x08002cbc   0x08002cbc   0x00000006   Code   RO          177    i._sys_exit         usart.o
    0x08002cc2   0x08002cc2   0x00000002   PAD
    0x08002cc4   0x08002cc4   0x000000f8   Code   RO          756    i.ctp_test          test code.o
    0x08002dbc   0x08002dbc   0x00000040   Code   RO           68    i.delay_init        delay.o
    0x08002dfc   0x08002dfc   0x0000003c   Code   RO           69    i.delay_ms          delay.o
    0x08002e38   0x08002e38   0x0000003c   Code   RO           70    i.delay_us          delay.o
    0x08002e74   0x08002e74   0x00000024   Code   RO          249    i.gui_draw_hline    lcd.o
    0x08002e98   0x08002e98   0x000000b0   Code   RO          250    i.gui_fill_circle   lcd.o
    0x08002f48   0x08002f48   0x000000d4   Code   RO          251    i.lcd_draw_bline    lcd.o
    0x0800301c   0x0800301c   0x0000006c   Code   RO           10    i.main              test.o
    0x08003088   0x08003088   0x000000cc   Code   RO          757    i.main_test         test code.o
    0x08003154   0x08003154   0x0000004c   Code   RO          948    i.sqrt              m_ws.l(sqrt.o)
    0x080031a0   0x080031a0   0x00000018   Code   RO          967    x$fpl$dcmpinf       fz_ws.l(dcmpi.o)
    0x080031b8   0x080031b8   0x0000005a   Code   RO          903    x$fpl$dfixu         fz_ws.l(dfixu.o)
    0x08003212   0x08003212   0x00000026   Code   RO          907    x$fpl$dfltu         fz_ws.l(dflt_clz.o)
    0x08003238   0x08003238   0x00000078   Code   RO          913    x$fpl$dleqf         fz_ws.l(dleqf.o)
    0x080032b0   0x080032b0   0x00000154   Code   RO          915    x$fpl$dmul          fz_ws.l(dmul.o)
    0x08003404   0x08003404   0x0000009c   Code   RO          969    x$fpl$dnaninf       fz_ws.l(dnaninf.o)
    0x080034a0   0x080034a0   0x0000000c   Code   RO          971    x$fpl$dretinf       fz_ws.l(dretinf.o)
    0x080034ac   0x080034ac   0x0000006c   Code   RO          917    x$fpl$drleqf        fz_ws.l(drleqf.o)
    0x08003518   0x08003518   0x000001cc   Code   RO          973    x$fpl$dsqrt         fz_ws.l(dsqrt_noumaal.o)
    0x080036e4   0x080036e4   0x00000056   Code   RO          919    x$fpl$f2d           fz_ws.l(f2d.o)
    0x0800373a   0x0800373a   0x00000002   PAD
    0x0800373c   0x0800373c   0x000000c4   Code   RO          921    x$fpl$fadd          fz_ws.l(faddsub_clz.o)
    0x08003800   0x08003800   0x00000184   Code   RO          928    x$fpl$fdiv          fz_ws.l(fdiv.o)
    0x08003984   0x08003984   0x00000036   Code   RO          931    x$fpl$ffix          fz_ws.l(ffix.o)
    0x080039ba   0x080039ba   0x00000002   PAD
    0x080039bc   0x080039bc   0x0000003e   Code   RO          935    x$fpl$ffixu         fz_ws.l(ffixu.o)
    0x080039fa   0x080039fa   0x00000002   PAD
    0x080039fc   0x080039fc   0x00000030   Code   RO          940    x$fpl$fflt          fz_ws.l(fflt_clz.o)
    0x08003a2c   0x08003a2c   0x00000026   Code   RO          939    x$fpl$ffltu         fz_ws.l(fflt_clz.o)
    0x08003a52   0x08003a52   0x00000002   PAD
    0x08003a54   0x08003a54   0x00000102   Code   RO          945    x$fpl$fmul          fz_ws.l(fmul.o)
    0x08003b56   0x08003b56   0x0000008c   Code   RO          975    x$fpl$fnaninf       fz_ws.l(fnaninf.o)
    0x08003be2   0x08003be2   0x0000000a   Code   RO          977    x$fpl$fretinf       fz_ws.l(fretinf.o)
    0x08003bec   0x08003bec   0x000000ea   Code   RO          923    x$fpl$fsub          fz_ws.l(faddsub_clz.o)
    0x08003cd6   0x08003cd6   0x00000000   Code   RO          979    x$fpl$usenofp       fz_ws.l(usenofp.o)
    0x08003cd6   0x08003cd6   0x000017c0   Data   RO          254    .constdata          lcd.o
    0x08005496   0x08005496   0x0000000a   Data   RO          464    .constdata          ctp.o
    0x080054a0   0x080054a0   0x00000004   Data   RO          663    .constdata          touch.o
    0x080054a4   0x080054a4   0x0000003c   Data   RO          759    .constdata          test code.o
    0x080054e0   0x080054e0   0x00000079   Data   RO          664    .conststring        touch.o
    0x08005559   0x08005559   0x00000003   PAD
    0x0800555c   0x0800555c   0x00000037   Data   RO          760    .conststring        test code.o
    0x08005593   0x08005593   0x00000001   PAD
    0x08005594   0x08005594   0x00000020   Data   RO         1135    Region$$Table       anon$$obj.o


    Execution Region RW_IRAM1 (Exec base: 0x20000000, Load base: 0x080055b4, Size: 0x00002438, Max: 0x00005000, ABSOLUTE, COMPRESSED[0x000009b8])

    Exec Addr    Load Addr    Size         Type   Attr      Idx    E Section Name        Object

    0x20000000   COMPRESSED   0x00000004   Data   RW           71    .data               delay.o
    0x20000004   COMPRESSED   0x00000006   Data   RW          181    .data               usart.o
    0x2000000a   COMPRESSED   0x00000cb8   Data   RW          255    .data               lcd.o
    0x20000cc2   COMPRESSED   0x00000001   Data   RW          465    .data               ctp.o
    0x20000cc3   COMPRESSED   0x00000001   PAD
    0x20000cc4   COMPRESSED   0x00000036   Data   RW          665    .data               touch.o
    0x20000cfa   COMPRESSED   0x00000002   PAD
    0x20000cfc        -       0x000000c8   Zero   RW          180    .bss                usart.o
    0x20000dc4        -       0x0000000e   Zero   RW          253    .bss                lcd.o
    0x20000dd2        -       0x00001000   Zero   RW          576    .bss                w25qx.o
    0x20001dd2   COMPRESSED   0x00000002   PAD
    0x20001dd4        -       0x00000060   Zero   RW         1003    .bss                c_w.l(libspace.o)
    0x20001e34   COMPRESSED   0x00000004   PAD
    0x20001e38        -       0x00000200   Zero   RW            2    HEAP                startup_stm32f10x_hd.o
    0x20002038        -       0x00000400   Zero   RW            1    STACK               startup_stm32f10x_hd.o


==============================================================================

Image component sizes


      Code (inc. data)   RO Data    RW Data    ZI Data      Debug   Object Name

       762        100          0          0          0       5329   ctiic.o
       540         22         10          1          0       2957   ctp.o
       184         16          0          4          0       2003   delay.o
      4108        202       6080       3256         14      24934   lcd.o
        56         22        304          0       1536        872   startup_stm32f10x_hd.o
       316         42          0          0          0       2366   sys.o
       932        208        115          0          0       3928   test code.o
       108         22          0          0          0     206791   test.o
      3992        246        125         54          0      11273   touch.o
       138         14          0          6        200       3156   usart.o
       754         60          0          0       4096       7563   w25qx.o

    ----------------------------------------------------------------------
     11900        954       6670       3324       5848     271172   Object Totals
         0          0         32          0          0          0   (incl. Generated)
        10          0          4          3          2          0   (incl. Padding)

    ----------------------------------------------------------------------

      Code (inc. data)   RO Data    RW Data    ZI Data      Debug   Library Member Name

        90          0          0          0          0          0   __dczerorl2.o
         8          0          0          0          0         68   __main.o
         0          0          0          0          0          0   __rtentry.o
        12          0          0          0          0          0   __rtentry2.o
         6          0          0          0          0          0   __rtentry4.o
        52          8          0          0          0          0   __scatter.o
        28          0          0          0          0          0   __scatter_zi.o
        22          0          0          0          0        100   _rserrno.o
        18          0          0          0          0         80   exit.o
         6          0          0          0          0        152   heapauxi.o
         2          0          0          0          0          0   libinit.o
         2          0          0          0          0          0   libinit2.o
         2          0          0          0          0          0   libshutdown.o
         2          0          0          0          0          0   libshutdown2.o
         8          4          0          0         96         68   libspace.o
         8          4          0          0          0         68   rt_errno_addr_intlibspace.o
         2          0          0          0          0          0   rtexit.o
        10          0          0          0          0          0   rtexit2.o
        62          0          0          0          0         76   strlen.o
        74          0          0          0          0         80   sys_stackheap_outer.o
         2          0          0          0          0         68   use_no_semi.o
         2          0          0          0          0         68   use_no_semi_2.o
        24          0          0          0          0         68   dcmpi.o
        90          4          0          0          0         92   dfixu.o
        38          0          0          0          0         68   dflt_clz.o
       120          4          0          0          0         92   dleqf.o
       340         12          0          0          0        104   dmul.o
       156          4          0          0          0         92   dnaninf.o
        12          0          0          0          0         68   dretinf.o
       108          0          0          0          0         80   drleqf.o
       460         56          0          0          0        120   dsqrt_noumaal.o
        86          4          0          0          0         84   f2d.o
       430          8          0          0          0        168   faddsub_clz.o
       388         76          0          0          0         96   fdiv.o
        54          4          0          0          0         84   ffix.o
        62          4          0          0          0         84   ffixu.o
        86          0          0          0          0        136   fflt_clz.o
       258          4          0          0          0         84   fmul.o
       140          4          0          0          0         84   fnaninf.o
        10          0          0          0          0         68   fretinf.o
         0          0          0          0          0          0   usenofp.o
        76          0          0          0          0         84   sqrt.o

    ----------------------------------------------------------------------
      3370        200          0          0        100       2584   Library Totals
        14          0          0          0          4          0   (incl. Padding)

    ----------------------------------------------------------------------

      Code (inc. data)   RO Data    RW Data    ZI Data      Debug   Library Name

       418         16          0          0         96        828   c_w.l
      2862        184          0          0          0       1672   fz_ws.l
        76          0          0          0          0         84   m_ws.l

    ----------------------------------------------------------------------
      3370        200          0          0        100       2584   Library Totals

    ----------------------------------------------------------------------

==============================================================================


      Code (inc. data)   RO Data    RW Data    ZI Data      Debug   

     15270       1154       6670       3324       5948     268552   Grand Totals
     15270       1154       6670       2488       5948     268552   ELF Image Totals (compressed)
     15270       1154       6670       2488          0          0   ROM Totals

==============================================================================

    Total RO  Size (Code + RO Data)                21940 (  21.43kB)
    Total RW  Size (RW Data + ZI Data)              9272 (   9.05kB)
    Total ROM Size (Code + RO Data + RW Data)      24428 (  23.86kB)

==============================================================================

