<html>
<body>
<pre>
<h1>礦ision Build Log</h1>
<h2>Tool Versions:</h2>
IDE-Version: μVision V5.31.0.0
Copyright (C) 2020 ARM Ltd and ARM Germany GmbH. All rights reserved.
License Information: 1 admin, 1, LIC=WHYH9-40KN5-LQ00Q-NAW9K-29WMY-EAGV7
 
Tool Versions:
Toolchain:       MDK-ARM Plus  Version: 5.31.0.0
Toolchain Path:  C:\Keil_v5\ARM\ARMCC\Bin
C Compiler:      Armcc.exe V5.06 update 6 (build 750)
Assembler:       Armasm.exe V5.06 update 6 (build 750)
Linker/Locator:  ArmLink.exe V5.06 update 6 (build 750)
Library Manager: ArmAr.exe V5.06 update 6 (build 750)
Hex Converter:   FromElf.exe V5.06 update 6 (build 750)
CPU DLL:         SARMCM3.DLL V5.31.0.0
Dialog DLL:      DCM.DLL V1.17.3.0
Target DLL:      CMSIS_AGDI.dll V1.32.6.0
Dialog DLL:      TCM.DLL V1.46.0.0
 
<h2>Project:</h2>
C:\Users\admin\Desktop\3759\李路\新建文件夹\modbus00001 - ad4\0003-modbus 第四步--ADC添加完成 - 副本\Projects\MDK-ARM\stm32f103.uvprojx
Project File Date:  09/24/2026

<h2>Output:</h2>
*** Using Compiler 'V5.06 update 6 (build 750)', folder: 'C:\Keil_v5\ARM\ARMCC\Bin'
Rebuild target 'Template'
assembling startup_stm32f101xb.s...
compiling stm32f1xx_hal_cortex.c...
compiling delay.c...
compiling sys.c...
compiling stm32f1xx_hal_gpio.c...
compiling stm32f1xx_it.c...
compiling stm32f1xx_hal_dma.c...
compiling system_stm32f1xx.c...
compiling stm32f1xx_hal_gpio_ex.c...
compiling stm32f1xx_hal.c...
compiling main.c...
..\..\Users\main.c(94): warning:  #223-D: function "main_test" declared implicitly
  	main_test("IC:ST7789"); // 测试主页
..\..\Users\main.c(99): warning:  #223-D: function "Chinese_Font_test" declared implicitly
  	Chinese_Font_test();	// 中文测试
..\..\Users\main.c(111): warning:  #223-D: function "ctp_test" declared implicitly
  	ctp_test(); // 电容屏测试
..\..\Users\main.c: 3 warnings, 0 errors
compiling uart.c...
compiling stm32f1xx_hal_dac_ex.c...
compiling stm32f1xx_hal_crc.c...
compiling stm32f1xx_hal_adc_ex.c...
compiling stm32f1xx_hal_can.c...
compiling stm32f1xx_hal_rcc_ex.c...
compiling stm32f1xx_hal_cec.c...
compiling stm32f1xx_hal_adc.c...
compiling stm32f1xx_hal_dac.c...
compiling stm32f1xx_hal_usart.c...
compiling stm32f1xx_hal_rcc.c...
compiling stm32f1xx_hal_uart.c...
compiling stm32f1xx_hal_hcd.c...
compiling stm32f1xx_hal_flash.c...
compiling stm32f1xx_hal_irda.c...
compiling stm32f1xx_hal_mmc.c...
compiling stm32f1xx_hal_iwdg.c...
compiling stm32f1xx_hal_flash_ex.c...
compiling stm32f1xx_hal_i2s.c...
compiling stm32f1xx_hal_msp_template.c...
compiling stm32f1xx_hal_exti.c...
compiling stm32f1xx_hal_eth.c...
compiling stm32f1xx_hal_i2c.c...
compiling stm32f1xx_hal_pccard.c...
compiling stm32f1xx_hal_smartcard.c...
compiling stm32f1xx_hal_nor.c...
compiling stm32f1xx_hal_sd.c...
compiling stm32f1xx_hal_pwr.c...
compiling stm32f1xx_hal_pcd_ex.c...
compiling stm32f1xx_hal_nand.c...
compiling stm32f1xx_hal_pcd.c...
compiling stm32f1xx_ll_adc.c...
compiling stm32f1xx_hal_rtc_ex.c...
compiling stm32f1xx_ll_dac.c...
compiling stm32f1xx_ll_crc.c...
compiling stm32f1xx_hal_rtc.c...
compiling stm32f1xx_ll_dma.c...
compiling stm32f1xx_ll_exti.c...
compiling stm32f1xx_ll_gpio.c...
compiling stm32f1xx_ll_pwr.c...
compiling stm32f1xx_ll_i2c.c...
compiling stm32f1xx_hal_spi.c...
compiling stm32f1xx_ll_rcc.c...
compiling stm32f1xx_ll_rtc.c...
compiling stm32f1xx_ll_spi.c...
compiling stm32f1xx_ll_tim.c...
compiling stm32f1xx_ll_usart.c...
compiling mbcrc.c...
compiling stm32f1xx_ll_sdmmc.c...
compiling stm32f1xx_hal_wwdg.c...
compiling stm32f1xx_ll_fsmc.c...
compiling stm32f1xx_hal_tim_ex.c...
compiling stm32f1xx_ll_usb.c...
compiling stm32f1xx_hal_sram.c...
compiling stm32f1xx_ll_utils.c...
compiling mbrtu.c...
..\..\STM32MB\STM32MB\modbus\rtu\mbrtu.c(168): warning:  #550-D: variable "xFrameReceived"  was set but never used
      BOOL xFrameReceived = FALSE;
..\..\STM32MB\STM32MB\modbus\rtu\mbrtu.c: 1 warning, 0 errors
compiling mbfuncdiag.c...
compiling mb.c...
compiling stm32f1xx_hal_tim.c...
compiling mbfuncinput.c...
compiling mbfuncholding.c...
compiling mbutils.c...
compiling portevent.c...
compiling mbfuncother.c...
compiling portserial.c...
compiling mbfunccoils.c...
compiling mbfuncdisc.c...
compiling user_mb_app.c...
compiling porttimer.c...
compiling adc.c...
compiling gpio.c...
compiling ctp.c...
compiling tim.c...
compiling key.c...
compiling test code.c...
compiling usart.c...
compiling ctiic.c...
compiling touch.c...
..\..\software\app_tft_lcd\touch.c(312): warning:  #940-D: missing return statement at end of non-void function "TP_Get_Adjdata" 
  }
..\..\software\app_tft_lcd\touch.c: 1 warning, 0 errors
compiling lcd.c...
..\..\software\app_tft_lcd\lcd.c(940): warning:  #223-D: function "strlen" declared implicitly
  	u16 len = strlen((const char *)str);
..\..\software\app_tft_lcd\lcd.c: 1 warning, 0 errors
linking...
Program Size: Code=19324 RO-data=6532 RW-data=4088 ZI-data=1880  
FromELF: creating hex file...
"..\..\Output\stm32f103.axf" - 0 Error(s), 6 Warning(s).

<h2>Software Packages used:</h2>

Package Vendor: Keil
                https://www.keil.com/pack/Keil.STM32F1xx_DFP.2.4.1.pack
                Keil.STM32F1xx_DFP.2.4.1
                STMicroelectronics STM32F1 Series Device Support, Drivers and Examples

<h2>Collection of Component include folders:</h2>
  C:\Users\admin\AppData\Local\Arm\Packs\Keil\STM32F1xx_DFP\2.4.1\Device\Include

<h2>Collection of Component Files used:</h2>
Build Time Elapsed:  00:00:28
</pre>
</body>
</html>
