Component: ARM Compiler 5.06 update 6 (build 750) Tool: armlink [4d35ed]

==============================================================================

Section Cross References

    startup_stm32f101xb.o(RESET) refers to startup_stm32f101xb.o(STACK) for __initial_sp
    startup_stm32f101xb.o(RESET) refers to startup_stm32f101xb.o(.text) for Reset_Handler
    startup_stm32f101xb.o(RESET) refers to stm32f1xx_it.o(i.NMI_Handler) for NMI_Handler
    startup_stm32f101xb.o(RESET) refers to stm32f1xx_it.o(i.HardFault_Handler) for HardFault_Handler
    startup_stm32f101xb.o(RESET) refers to stm32f1xx_it.o(i.MemManage_Handler) for MemManage_Handler
    startup_stm32f101xb.o(RESET) refers to stm32f1xx_it.o(i.BusFault_Handler) for BusFault_Handler
    startup_stm32f101xb.o(RESET) refers to stm32f1xx_it.o(i.UsageFault_Handler) for UsageFault_Handler
    startup_stm32f101xb.o(RESET) refers to stm32f1xx_it.o(i.SVC_Handler) for SVC_Handler
    startup_stm32f101xb.o(RESET) refers to stm32f1xx_it.o(i.DebugMon_Handler) for DebugMon_Handler
    startup_stm32f101xb.o(RESET) refers to stm32f1xx_it.o(i.PendSV_Handler) for PendSV_Handler
    startup_stm32f101xb.o(RESET) refers to stm32f1xx_it.o(i.SysTick_Handler) for SysTick_Handler
    startup_stm32f101xb.o(RESET) refers to stm32f1xx_it.o(i.TIM4_IRQHandler) for TIM4_IRQHandler
    startup_stm32f101xb.o(RESET) refers to uart.o(i.USART1_IRQHandler) for USART1_IRQHandler
    startup_stm32f101xb.o(RESET) refers to stm32f1xx_it.o(i.USART2_IRQHandler) for USART2_IRQHandler
    startup_stm32f101xb.o(.text) refers to system_stm32f1xx.o(i.SystemInit) for SystemInit
    startup_stm32f101xb.o(.text) refers to entry.o(.ARM.Collect$$$$00000000) for __main
    main.o(i.Led_scan) refers to main.o(.data) for led_state_num
    main.o(i.main) refers to stm32f1xx_hal.o(i.HAL_Init) for HAL_Init
    main.o(i.main) refers to sys.o(i.stm32_clock_init) for stm32_clock_init
    main.o(i.main) refers to gpio.o(i.APPGPIO_INIT) for APPGPIO_INIT
    main.o(i.main) refers to lcd.o(i.LCD_Init) for LCD_Init
    main.o(i.main) refers to lcd.o(i.LCD_Display_Dir) for LCD_Display_Dir
    main.o(i.main) refers to lcd.o(i.LCD_Clear) for LCD_Clear
    main.o(i.main) refers to test code.o(i.main_test) for main_test
    main.o(i.main) refers to test code.o(i.Chinese_Font_test) for Chinese_Font_test
    main.o(i.main) refers to test code.o(i.ctp_test) for ctp_test
    main.o(i.main) refers to delay.o(i.HAL_Delay) for HAL_Delay
    main.o(i.main) refers to key.o(i.key_scan) for key_scan
    main.o(i.main) refers to main.o(i.Led_scan) for Led_scan
    main.o(i.main) refers to mb.o(i.eMBsend_Error) for eMBsend_Error
    main.o(i.main) refers to mb.o(i.eMBPoll) for eMBPoll
    main.o(i.main) refers to adc.o(i.Read_ADC) for Read_ADC
    main.o(i.main) refers to touch.o(.data) for tp_dev
    main.o(i.main) refers to lcd.o(.data) for POINT_COLOR
    main.o(i.main) refers to main.o(.data) for flag1
    main.o(i.main) refers to user_mb_app.o(.data) for usSRegHoldBuf
    stm32f1xx_it.o(i.SysTick_Handler) refers to stm32f1xx_hal.o(i.HAL_IncTick) for HAL_IncTick
    stm32f1xx_it.o(i.TIM4_IRQHandler) refers to porttimer.o(i.prvvTIMERExpiredISR) for prvvTIMERExpiredISR
    stm32f1xx_it.o(i.USART2_IRQHandler) refers to portserial.o(i.prvvUARTRxISR) for prvvUARTRxISR
    stm32f1xx_it.o(i.USART2_IRQHandler) refers to portserial.o(i.prvvUARTTxReadyISR) for prvvUARTTxReadyISR
    stm32f1xx_it.o(i.USART2_IRQHandler) refers to stm32f1xx_hal_cortex.o(i.HAL_NVIC_ClearPendingIRQ) for HAL_NVIC_ClearPendingIRQ
    stm32f1xx_it.o(i.USART2_IRQHandler) refers to stm32f1xx_hal_uart.o(i.HAL_UART_IRQHandler) for HAL_UART_IRQHandler
    stm32f1xx_it.o(i.USART2_IRQHandler) refers to usart.o(.bss) for huart2
    system_stm32f1xx.o(i.SystemCoreClockUpdate) refers to system_stm32f1xx.o(.data) for SystemCoreClock
    system_stm32f1xx.o(i.SystemCoreClockUpdate) refers to system_stm32f1xx.o(.constdata) for AHBPrescTable
    delay.o(i.HAL_Delay) refers to delay.o(i.delay_ms) for delay_ms
    delay.o(i.delay_ms) refers to delay.o(i.delay_us) for delay_us
    delay.o(i.delay_s) refers to delay.o(i.delay_ms) for delay_ms
    sys.o(i.stm32_clock_init) refers to memseta.o(.text) for __aeabi_memclr4
    sys.o(i.stm32_clock_init) refers to stm32f1xx_hal_rcc.o(i.HAL_RCC_OscConfig) for HAL_RCC_OscConfig
    sys.o(i.stm32_clock_init) refers to stm32f1xx_hal_rcc.o(i.HAL_RCC_ClockConfig) for HAL_RCC_ClockConfig
    uart.o(i.USART1_IRQHandler) refers to stm32f1xx_hal_uart.o(i.HAL_UART_Receive) for HAL_UART_Receive
    uart.o(i.USART1_IRQHandler) refers to uart.o(i.uart1_rx_clear) for uart1_rx_clear
    uart.o(i.USART1_IRQHandler) refers to uart.o(.bss) for uart1_handle
    uart.o(i.USART1_IRQHandler) refers to uart.o(.data) for uart1_rx_len
    uart.o(i.uart1_rx_clear) refers to memseta.o(.text) for __aeabi_memclr4
    uart.o(i.uart1_rx_clear) refers to uart.o(.bss) for uart1_rx_buf
    uart.o(i.uart1_rx_clear) refers to uart.o(.data) for uart1_rx_len
[...]
    ..\\..\\Drivers\\STM32F1xx_HAL_Driver\\Src\\stm32f1xx_hal_cec.c 0x00000000   Number         0  stm32f1xx_hal_cec.o ABSOLUTE
    ..\\..\\Drivers\\STM32F1xx_HAL_Driver\\Src\\stm32f1xx_hal_cortex.c 0x00000000   Number         0  stm32f1xx_hal_cortex.o ABSOLUTE
    ..\\..\\Drivers\\STM32F1xx_HAL_Driver\\Src\\stm32f1xx_hal_crc.c 0x00000000   Number         0  stm32f1xx_hal_crc.o ABSOLUTE
    ..\\..\\Drivers\\STM32F1xx_HAL_Driver\\Src\\stm32f1xx_hal_dac.c 0x00000000   Number         0  stm32f1xx_hal_dac.o ABSOLUTE
    ..\\..\\Drivers\\STM32F1xx_HAL_Driver\\Src\\stm32f1xx_hal_dac_ex.c 0x00000000   Number         0  stm32f1xx_hal_dac_ex.o ABSOLUTE
    ..\\..\\Drivers\\STM32F1xx_HAL_Driver\\Src\\stm32f1xx_hal_dma.c 0x00000000   Number         0  stm32f1xx_hal_dma.o ABSOLUTE
    ..\\..\\Drivers\\STM32F1xx_HAL_Driver\\Src\\stm32f1xx_hal_eth.c 0x00000000   Number         0  stm32f1xx_hal_eth.o ABSOLUTE
    ..\\..\\Drivers\\STM32F1xx_HAL_Driver\\Src\\stm32f1xx_hal_exti.c 0x00000000   Number         0  stm32f1xx_hal_exti.o ABSOLUTE
    ..\\..\\Drivers\\STM32F1xx_HAL_Driver\\Src\\stm32f1xx_hal_flash.c 0x00000000   Number         0  stm32f1xx_hal_flash.o ABSOLUTE
    ..\\..\\Drivers\\STM32F1xx_HAL_Driver\\Src\\stm32f1xx_hal_flash_ex.c 0x00000000   Number         0  stm32f1xx_hal_flash_ex.o ABSOLUTE
    ..\\..\\Drivers\\STM32F1xx_HAL_Driver\\Src\\stm32f1xx_hal_gpio.c 0x00000000   Number         0  stm32f1xx_hal_gpio.o ABSOLUTE
    ..\\..\\Drivers\\STM32F1xx_HAL_Driver\\Src\\stm32f1xx_hal_gpio_ex.c 0x00000000   Number         0  stm32f1xx_hal_gpio_ex.o ABSOLUTE
    ..\\..\\Drivers\\STM32F1xx_HAL_Driver\\Src\\stm32f1xx_hal_hcd.c 0x00000000   Number         0  stm32f1xx_hal_hcd.o ABSOLUTE
    ..\\..\\Drivers\\STM32F1xx_HAL_Driver\\Src\\stm32f1xx_hal_i2c.c 0x00000000   Number         0  stm32f1xx_hal_i2c.o ABSOLUTE
    ..\\..\\Drivers\\STM32F1xx_HAL_Driver\\Src\\stm32f1xx_hal_i2s.c 0x00000000   Number         0  stm32f1xx_hal_i2s.o ABSOLUTE
    ..\\..\\Drivers\\STM32F1xx_HAL_Driver\\Src\\stm32f1xx_hal_irda.c 0x00000000   Number         0  stm32f1xx_hal_irda.o ABSOLUTE
    ..\\..\\Drivers\\STM32F1xx_HAL_Driver\\Src\\stm32f1xx_hal_iwdg.c 0x00000000   Number         0  stm32f1xx_hal_iwdg.o ABSOLUTE
    ..\\..\\Drivers\\STM32F1xx_HAL_Driver\\Src\\stm32f1xx_hal_mmc.c 0x00000000   Number         0  stm32f1xx_hal_mmc.o ABSOLUTE
    ..\\..\\Drivers\\STM32F1xx_HAL_Driver\\Src\\stm32f1xx_hal_msp_template.c 0x00000000   Number         0  stm32f1xx_hal_msp_template.o ABSOLUTE
    ..\\..\\Drivers\\STM32F1xx_HAL_Driver\\Src\\stm32f1xx_hal_nand.c 0x00000000   Number         0  stm32f1xx_hal_nand.o ABSOLUTE
    ..\\..\\Drivers\\STM32F1xx_HAL_Driver\\Src\\stm32f1xx_hal_nor.c 0x00000000   Number         0  stm32f1xx_hal_nor.o ABSOLUTE
    ..\\..\\Drivers\\STM32F1xx_HAL_Driver\\Src\\stm32f1xx_hal_pccard.c 0x00000000   Number         0  stm32f1xx_hal_pccard.o ABSOLUTE
    ..\\..\\Drivers\\STM32F1xx_HAL_Driver\\Src\\stm32f1xx_hal_pcd.c 0x00000000   Number         0  stm32f1xx_hal_pcd.o ABSOLUTE
    ..\\..\\Drivers\\STM32F1xx_HAL_Driver\\Src\\stm32f1xx_hal_pcd_ex.c 0x00000000   Number         0  stm32f1xx_hal_pcd_ex.o ABSOLUTE
    ..\\..\\Drivers\\STM32F1xx_HAL_Driver\\Src\\stm32f1xx_hal_pwr.c 0x00000000   Number         0  stm32f1xx_hal_pwr.o ABSOLUTE
    ..\\..\\Drivers\\STM32F1xx_HAL_Driver\\Src\\stm32f1xx_hal_rcc.c 0x00000000   Number         0  stm32f1xx_hal_rcc.o ABSOLUTE
    ..\\..\\Drivers\\STM32F1xx_HAL_Driver\\Src\\stm32f1xx_hal_rcc_ex.c 0x00000000   Number         0  stm32f1xx_hal_rcc_ex.o ABSOLUTE
    ..\\..\\Drivers\\STM32F1xx_HAL_Driver\\Src\\stm32f1xx_hal_rtc.c 0x00000000   Number         0  stm32f1xx_hal_rtc.o ABSOLUTE
    ..\\..\\Drivers\\STM32F1xx_HAL_Driver\\Src\\stm32f1xx_hal_rtc_ex.c 0x00000000   Number         0  stm32f1xx_hal_rtc_ex.o ABSOLUTE
    ..\\..\\Drivers\\STM32F1xx_HAL_Driver\\Src\\stm32f1xx_hal_sd.c 0x00000000   Number         0  stm32f1xx_hal_sd.o ABSOLUTE
    ..\\..\\Drivers\\STM32F1xx_HAL_Driver\\Src\\stm32f1xx_hal_smartcard.c 0x00000000   Number         0  stm32f1xx_hal_smartcard.o ABSOLUTE
    ..\\..\\Drivers\\STM32F1xx_HAL_Driver\\Src\\stm32f1xx_hal_spi.c 0x00000000   Number         0  stm32f1xx_hal_spi.o ABSOLUTE
    ..\\..\\Drivers\\STM32F1xx_HAL_Driver\\Src\\stm32f1xx_hal_sram.c 0x00000000   Number         0  stm32f1xx_hal_sram.o ABSOLUTE
    ..\\..\\Drivers\\STM32F1xx_HAL_Driver\\Src\\stm32f1xx_hal_tim.c 0x00000000   Number         0  stm32f1xx_hal_tim.o ABSOLUTE
    ..\\..\\Drivers\\STM32F1xx_HAL_Driver\\Src\\stm32f1xx_hal_tim_ex.c 0x00000000   Number         0  stm32f1xx_hal_tim_ex.o ABSOLUTE
    ..\\..\\Drivers\\STM32F1xx_HAL_Driver\\Src\\stm32f1xx_hal_uart.c 0x00000000   Number         0  stm32f1xx_hal_uart.o ABSOLUTE
    ..\\..\\Drivers\\STM32F1xx_HAL_Driver\\Src\\stm32f1xx_hal_usart.c 0x00000000   Number         0  stm32f1xx_hal_usart.o ABSOLUTE
    ..\\..\\Drivers\\STM32F1xx_HAL_Driver\\Src\\stm32f1xx_hal_wwdg.c 0x00000000   Number         0  stm32f1xx_hal_wwdg.o ABSOLUTE
    ..\\..\\Drivers\\STM32F1xx_HAL_Driver\\Src\\stm32f1xx_ll_fsmc.c 0x00000000   Number         0  stm32f1xx_ll_fsmc.o ABSOLUTE
    ..\\..\\Drivers\\STM32F1xx_HAL_Driver\\Src\\stm32f1xx_ll_sdmmc.c 0x00000000   Number         0  stm32f1xx_ll_sdmmc.o ABSOLUTE
    ..\\..\\Drivers\\STM32F1xx_HAL_Driver\\Src\\stm32f1xx_ll_usb.c 0x00000000   Number         0  stm32f1xx_ll_usb.o ABSOLUTE
    ..\\..\\Drivers\\STM32F1xx_HAL_Driver\\Src\\stm32f1xx_ll_utils.c 0x00000000   Number         0  stm32f1xx_ll_utils.o ABSOLUTE
    ..\\..\\Drivers\\SYSTEM\\delay\\delay.c  0x00000000   Number         0  delay.o ABSOLUTE
    ..\\..\\Drivers\\SYSTEM\\sys\\sys.c      0x00000000   Number         0  sys.o ABSOLUTE
    ..\\..\\Drivers\\SYSTEM\\uart1\\uart.c   0x00000000   Number         0  uart.o ABSOLUTE
    ..\\..\\STM32MB\\STM32MB\\modbus\\functions\\mbfunccoils.c 0x00000000   Number         0  mbfunccoils.o ABSOLUTE
    ..\\..\\STM32MB\\STM32MB\\modbus\\functions\\mbfuncdisc.c 0x00000000   Number         0  mbfuncdisc.o ABSOLUTE
    ..\\..\\STM32MB\\STM32MB\\modbus\\functions\\mbfuncholding.c 0x00000000   Number         0  mbfuncholding.o ABSOLUTE
    ..\\..\\STM32MB\\STM32MB\\modbus\\functions\\mbfuncinput.c 0x00000000   Number         0  mbfuncinput.o ABSOLUTE
    ..\\..\\STM32MB\\STM32MB\\modbus\\functions\\mbfuncother.c 0x00000000   Number         0  mbfuncother.o ABSOLUTE
    ..\\..\\STM32MB\\STM32MB\\modbus\\functions\\mbutils.c 0x00000000   Number         0  mbutils.o ABSOLUTE
    ..\\..\\STM32MB\\STM32MB\\modbus\\mb.c   0x00000000   Number         0  mb.o ABSOLUTE
    ..\\..\\STM32MB\\STM32MB\\modbus\\rtu\\mbcrc.c 0x00000000   Number         0  mbcrc.o ABSOLUTE
    ..\\..\\STM32MB\\STM32MB\\modbus\\rtu\\mbrtu.c 0x00000000   Number         0  mbrtu.o ABSOLUTE
    ..\\..\\STM32MB\\STM32MB\\port\\portevent.c 0x00000000   Number         0  portevent.o ABSOLUTE
    ..\\..\\STM32MB\\STM32MB\\port\\portserial.c 0x00000000   Number         0  portserial.o ABSOLUTE
    ..\\..\\STM32MB\\STM32MB\\port\\porttimer.c 0x00000000   Number         0  porttimer.o ABSOLUTE
    ..\\..\\Users\\main.c                    0x00000000   Number         0  main.o ABSOLUTE
    ..\\..\\Users\\stm32f1xx_it.c            0x00000000   Number         0  stm32f1xx_it.o ABSOLUTE
    ..\\..\\software\\app_tft_lcd\\ctiic.c   0x00000000   Number         0  ctiic.o ABSOLUTE
    ..\\..\\software\\app_tft_lcd\\ctp.c     0x00000000   Number         0  ctp.o ABSOLUTE
    ..\\..\\software\\app_tft_lcd\\lcd.c     0x00000000   Number         0  lcd.o ABSOLUTE
    ..\\..\\software\\app_tft_lcd\\test code.c 0x00000000   Number         0  test code.o ABSOLUTE
    ..\\..\\software\\app_tft_lcd\\touch.c   0x00000000   Number         0  touch.o ABSOLUTE
    ..\\..\\software\\mb_user\\user_mb_app.c 0x00000000   Number         0  user_mb_app.o ABSOLUTE
    ..\\..\\software\\src\\adc.c             0x00000000   Number         0  adc.o ABSOLUTE
    ..\\..\\software\\src\\gpio.c            0x00000000   Number         0  gpio.o ABSOLUTE
    ..\\..\\software\\src\\key.c             0x00000000   Number         0  key.o ABSOLUTE
    ..\\..\\software\\src\\tim.c             0x00000000   Number         0  tim.o ABSOLUTE
    ..\\..\\software\\src\\usart.c           0x00000000   Number         0  usart.o ABSOLUTE
    cdrcmple.s                               0x00000000   Number         0  cdrcmple.o ABSOLUTE
    dc.s                                     0x00000000   Number         0  dc.o ABSOLUTE
    handlers.s                               0x00000000   Number         0  handlers.o ABSOLUTE
    init.s                                   0x00000000   Number         0  init.o ABSOLUTE
    RESET                                    0x08000000   Section      232  startup_stm32f101xb.o(RESET)
    .ARM.Collect$$$$00000000                 0x080000e8   Section        0  entry.o(.ARM.Collect$$$$00000000)
    .ARM.Collect$$$$00000001                 0x080000e8   Section        4  entry2.o(.ARM.Collect$$$$00000001)
    .ARM.Collect$$$$00000004                 0x080000ec   Section        4  entry5.o(.ARM.Collect$$$$00000004)
    .ARM.Collect$$$$00000008                 0x080000f0   Section        0  entry7b.o(.ARM.Collect$$$$00000008)
    .ARM.Collect$$$$0000000A                 0x080000f0   Section        0  entry8b.o(.ARM.Collect$$$$0000000A)
    .ARM.Collect$$$$0000000B                 0x080000f0   Section        8  entry9a.o(.ARM.Collect$$$$0000000B)
    .ARM.Collect$$$$0000000D                 0x080000f8   Section        0  entry10a.o(.ARM.Collect$$$$0000000D)
    .ARM.Collect$$$$0000000F                 0x080000f8   Section        0  entry11a.o(.ARM.Collect$$$$0000000F)
    .ARM.Collect$$$$00002712                 0x080000f8   Section        4  entry2.o(.ARM.Collect$$$$00002712)
    __lit__00000000                          0x080000f8   Data           4  entry2.o(.ARM.Collect$$$$00002712)
    .text                                    0x080000fc   Section       36  startup_stm32f101xb.o(.text)
    .text                                    0x08000120   Section        0  memcpya.o(.text)
    .text                                    0x08000144   Section        0  memseta.o(.text)
    .text                                    0x08000168   Section        0  strlen.o(.text)
    .text                                    0x08000176   Section        0  fadd.o(.text)
    .text                                    0x08000226   Section        0  fmul.o(.text)
    .text                                    0x0800028a   Section        0  fflti.o(.text)
    .text                                    0x0800029c   Section        0  ffltui.o(.text)
    .text                                    0x080002a6   Section        0  ffixui.o(.text)
    .text                                    0x080002ce   Section        0  iusefp.o(.text)
    .text                                    0x080002ce   Section        0  fepilogue.o(.text)
    .text                                    0x0800033c   Section       36  init.o(.text)
    .text                                    0x08000360   Section        0  __dczerorl2.o(.text)
    i.ADC_ConversionStop_Disable             0x080003b6   Section        0  stm32f1xx_hal_adc.o(i.ADC_ConversionStop_Disable)
    i.ADC_Enable                             0x08000414   Section        0  stm32f1xx_hal_adc.o(i.ADC_Enable)
    i.APPGPIO_INIT                           0x080004a4   Section        0  gpio.o(i.APPGPIO_INIT)
    i.BusFault_Handler                       0x08000634   Section        0  stm32f1xx_it.o(i.BusFault_Handler)
    i.CT_Delay                               0x08000638   Section        0  ctiic.o(i.CT_Delay)
    i.CT_IIC_Ack                             0x08000644   Section        0  ctiic.o(i.CT_IIC_Ack)
    i.CT_IIC_Init                            0x080006a0   Section        0  ctiic.o(i.CT_IIC_Init)
    i.CT_IIC_NAck                            0x08000784   Section        0  ctiic.o(i.CT_IIC_NAck)
    i.CT_IIC_Read_Byte                       0x080007e0   Section        0  ctiic.o(i.CT_IIC_Read_Byte)
    i.CT_IIC_Send_Byte                       0x08000858   Section        0  ctiic.o(i.CT_IIC_Send_Byte)
    i.CT_IIC_Start                           0x080008dc   Section        0  ctiic.o(i.CT_IIC_Start)
    i.CT_IIC_Stop                            0x08000934   Section        0  ctiic.o(i.CT_IIC_Stop)
    i.CT_IIC_Wait_Ack                        0x08000988   Section        0  ctiic.o(i.CT_IIC_Wait_Ack)
    i.Chinese_Font_test                      0x080009f4   Section        0  test code.o(i.Chinese_Font_test)
    i.DebugMon_Handler                       0x08000ab0   Section        0  stm32f1xx_it.o(i.DebugMon_Handler)
    i.DrawTestPage                           0x08000ab4   Section        0  test code.o(i.DrawTestPage)
    i.FT6336_Init                            0x08000bd8   Section        0  ctp.o(i.FT6336_Init)
    i.FT6336_RD_Reg                          0x08000c00   Section        0  ctp.o(i.FT6336_RD_Reg)
    i.FT6336_Scan                            0x08000c58   Section        0  ctp.o(i.FT6336_Scan)
    i.GUI_DrawFont16                         0x08000df0   Section        0  lcd.o(i.GUI_DrawFont16)
    i.GUI_DrawFont24                         0x08000eec   Section        0  lcd.o(i.GUI_DrawFont24)
    i.GUI_DrawFont32                         0x08000ff8   Section        0  lcd.o(i.GUI_DrawFont32)
    i.Gui_StrCenter                          0x080010f4   Section        0  lcd.o(i.Gui_StrCenter)
    i.HAL_ADC_ConfigChannel                  0x08001154   Section        0  stm32f1xx_hal_adc.o(i.HAL_ADC_ConfigChannel)
    i.HAL_ADC_GetValue                       0x080012b4   Section        0  stm32f1xx_hal_adc.o(i.HAL_ADC_GetValue)
    i.HAL_ADC_PollForConversion              0x080012bc   Section        0  stm32f1xx_hal_adc.o(i.HAL_ADC_PollForConversion)
    i.HAL_ADC_Start                          0x0800143c   Section        0  stm32f1xx_hal_adc.o(i.HAL_ADC_Start)
    i.HAL_ADC_Stop                           0x0800156c   Section        0  stm32f1xx_hal_adc.o(i.HAL_ADC_Stop)
    i.HAL_DMA_Abort                          0x080015ac   Section        0  stm32f1xx_hal_dma.o(i.HAL_DMA_Abort)
    i.HAL_DMA_Abort_IT                       0x08001604   Section        0  stm32f1xx_hal_dma.o(i.HAL_DMA_Abort_IT)
    i.HAL_Delay                              0x080016b4   Section        0  delay.o(i.HAL_Delay)
    i.HAL_GPIO_Init                          0x080016c0   Section        0  stm32f1xx_hal_gpio.o(i.HAL_GPIO_Init)
    i.HAL_GetTick                            0x080019e0   Section        0  stm32f1xx_hal.o(i.HAL_GetTick)
    i.HAL_IncTick                            0x080019ec   Section        0  stm32f1xx_hal.o(i.HAL_IncTick)
    i.HAL_Init                               0x08001a04   Section        0  stm32f1xx_hal.o(i.HAL_Init)
    i.HAL_InitTick                           0x08001a2c   Section        0  stm32f1xx_hal.o(i.HAL_InitTick)
    i.HAL_MspInit                            0x08001a78   Section        0  stm32f1xx_hal_msp_template.o(i.HAL_MspInit)
    i.HAL_NVIC_ClearPendingIRQ               0x08001a7c   Section        0  stm32f1xx_hal_cortex.o(i.HAL_NVIC_ClearPendingIRQ)
    i.HAL_NVIC_SetPriority                   0x08001aa0   Section        0  stm32f1xx_hal_cortex.o(i.HAL_NVIC_SetPriority)
    i.HAL_NVIC_SetPriorityGrouping           0x08001b1c   Section        0  stm32f1xx_hal_cortex.o(i.HAL_NVIC_SetPriorityGrouping)
    i.HAL_RCCEx_GetPeriphCLKFreq             0x08001b44   Section        0  stm32f1xx_hal_rcc_ex.o(i.HAL_RCCEx_GetPeriphCLKFreq)
    i.HAL_RCC_ClockConfig                    0x08001c40   Section        0  stm32f1xx_hal_rcc.o(i.HAL_RCC_ClockConfig)
    i.HAL_RCC_GetHCLKFreq                    0x08001dcc   Section        0  stm32f1xx_hal_rcc.o(i.HAL_RCC_GetHCLKFreq)
    i.HAL_RCC_GetPCLK2Freq                   0x08001dd8   Section        0  stm32f1xx_hal_rcc.o(i.HAL_RCC_GetPCLK2Freq)
    i.HAL_RCC_GetSysClockFreq                0x08001df8   Section        0  stm32f1xx_hal_rcc.o(i.HAL_RCC_GetSysClockFreq)
    i.HAL_RCC_OscConfig                      0x08001e68   Section        0  stm32f1xx_hal_rcc.o(i.HAL_RCC_OscConfig)
    i.HAL_SYSTICK_Config                     0x080022cc   Section        0  stm32f1xx_hal_cortex.o(i.HAL_SYSTICK_Config)
    i.HAL_UARTEx_RxEventCallback             0x08002300   Section        0  stm32f1xx_hal_uart.o(i.HAL_UARTEx_RxEventCallback)
    i.HAL_UART_ErrorCallback                 0x08002302   Section        0  stm32f1xx_hal_uart.o(i.HAL_UART_ErrorCallback)
    i.HAL_UART_IRQHandler                    0x08002304   Section        0  stm32f1xx_hal_uart.o(i.HAL_UART_IRQHandler)
    i.HAL_UART_Receive                       0x080025e8   Section        0  stm32f1xx_hal_uart.o(i.HAL_UART_Receive)
    i.HAL_UART_RxCpltCallback                0x080026a4   Section        0  stm32f1xx_hal_uart.o(i.HAL_UART_RxCpltCallback)
    i.HAL_UART_TxCpltCallback                0x080026a6   Section        0  stm32f1xx_hal_uart.o(i.HAL_UART_TxCpltCallback)
    i.HardFault_Handler                      0x080026a8   Section        0  stm32f1xx_it.o(i.HardFault_Handler)
    i.Key_val_clear                          0x080026ac   Section        0  key.o(i.Key_val_clear)
    i.LCD_Clear                              0x080026f0   Section        0  lcd.o(i.LCD_Clear)
    i.LCD_Display_Dir                        0x08002720   Section        0  lcd.o(i.LCD_Display_Dir)
    i.LCD_DrawLine                           0x08002808   Section        0  lcd.o(i.LCD_DrawLine)
    i.LCD_DrawPoint                          0x080028b8   Section        0  lcd.o(i.LCD_DrawPoint)
    i.LCD_Fast_DrawPoint                     0x080028d8   Section        0  lcd.o(i.LCD_Fast_DrawPoint)
    i.LCD_Fill                               0x080028f8   Section        0  lcd.o(i.LCD_Fill)
    i.LCD_Init                               0x080029b0   Section        0  lcd.o(i.LCD_Init)
    i.LCD_SetCursor                          0x08002cbc   Section        0  lcd.o(i.LCD_SetCursor)
    i.LCD_Set_Window                         0x08002cf0   Section        0  lcd.o(i.LCD_Set_Window)
    i.LCD_ShowChar                           0x08002d5c   Section        0  lcd.o(i.LCD_ShowChar)
    i.LCD_ShowString                         0x08002e84   Section        0  lcd.o(i.LCD_ShowString)
    i.LCD_WR_DATA                            0x08002eec   Section        0  lcd.o(i.LCD_WR_DATA)
    i.LCD_WR_REG                             0x08002f44   Section        0  lcd.o(i.LCD_WR_REG)
    i.LCD_WriteRAM                           0x08002f9c   Section        0  lcd.o(i.LCD_WriteRAM)
    i.LCD_WriteRAM_Prepare                   0x08002ff4   Section        0  lcd.o(i.LCD_WriteRAM_Prepare)
    i.LCD_WriteReg                           0x08003004   Section        0  lcd.o(i.LCD_WriteReg)
    i.Led_scan                               0x08003018   Section        0  main.o(i.Led_scan)
    i.Load_Drow_Dialog                       0x08003070   Section        0  lcd.o(i.Load_Drow_Dialog)
    i.MemManage_Handler                      0x080030bc   Section        0  stm32f1xx_it.o(i.MemManage_Handler)
    i.Modbus_ResetRx                         0x080030c0   Section        0  mbrtu.o(i.Modbus_ResetRx)
    i.NMI_Handler                            0x0800310c   Section        0  stm32f1xx_it.o(i.NMI_Handler)
    i.PendSV_Handler                         0x0800310e   Section        0  stm32f1xx_it.o(i.PendSV_Handler)
    i.RCC_Delay                              0x08003110   Section        0  stm32f1xx_hal_rcc.o(i.RCC_Delay)
    RCC_Delay                                0x08003111   Thumb Code    36  stm32f1xx_hal_rcc.o(i.RCC_Delay)
    i.Read_ADC                               0x08003138   Section        0  adc.o(i.Read_ADC)
    i.SVC_Handler                            0x0800321c   Section        0  stm32f1xx_it.o(i.SVC_Handler)
    i.Show_Str                               0x08003220   Section        0  lcd.o(i.Show_Str)
    i.SysTick_Handler                        0x08003314   Section        0  stm32f1xx_it.o(i.SysTick_Handler)
    i.SystemInit                             0x0800331c   Section        0  system_stm32f1xx.o(i.SystemInit)
    i.TIM4_IRQHandler                        0x08003320   Section        0  stm32f1xx_it.o(i.TIM4_IRQHandler)
    i.TP_Adjust                              0x08003344   Section        0  touch.o(i.TP_Adjust)
    i.TP_Init                                0x08003348   Section        0  touch.o(i.TP_Init)
    i.TP_Read_AD                             0x08003360   Section        0  touch.o(i.TP_Read_AD)
    i.TP_Read_XOY                            0x080033f8   Section        0  touch.o(i.TP_Read_XOY)
    i.TP_Read_XY                             0x08003470   Section        0  touch.o(i.TP_Read_XY)
    i.TP_Read_XY2                            0x080034a0   Section        0  touch.o(i.TP_Read_XY2)
    i.TP_Scan                                0x08003560   Section        0  touch.o(i.TP_Scan)
    i.TP_Write_Byte                          0x08003674   Section        0  touch.o(i.TP_Write_Byte)
    i.UART_DMAAbortOnError                   0x080036c4   Section        0  stm32f1xx_hal_uart.o(i.UART_DMAAbortOnError)
    UART_DMAAbortOnError                     0x080036c5   Thumb Code    20  stm32f1xx_hal_uart.o(i.UART_DMAAbortOnError)
    i.UART_EndRxTransfer                     0x080036d8   Section        0  stm32f1xx_hal_uart.o(i.UART_EndRxTransfer)
    UART_EndRxTransfer                       0x080036d9   Thumb Code   108  stm32f1xx_hal_uart.o(i.UART_EndRxTransfer)
    i.UART_EndTransmit_IT                    0x08003744   Section        0  stm32f1xx_hal_uart.o(i.UART_EndTransmit_IT)
    UART_EndTransmit_IT                      0x08003745   Thumb Code    32  stm32f1xx_hal_uart.o(i.UART_EndTransmit_IT)
    i.UART_Receive_IT                        0x08003764   Section        0  stm32f1xx_hal_uart.o(i.UART_Receive_IT)
    UART_Receive_IT                          0x08003765   Thumb Code   252  stm32f1xx_hal_uart.o(i.UART_Receive_IT)
    i.UART_Transmit_IT                       0x08003860   Section        0  stm32f1xx_hal_uart.o(i.UART_Transmit_IT)
    UART_Transmit_IT                         0x08003861   Thumb Code    96  stm32f1xx_hal_uart.o(i.UART_Transmit_IT)
    i.UART_WaitOnFlagUntilTimeout            0x080038c0   Section        0  stm32f1xx_hal_uart.o(i.UART_WaitOnFlagUntilTimeout)
    UART_WaitOnFlagUntilTimeout              0x080038c1   Thumb Code   146  stm32f1xx_hal_uart.o(i.UART_WaitOnFlagUntilTimeout)
    i.USART1_IRQHandler                      0x08003954   Section        0  uart.o(i.USART1_IRQHandler)
    i.USART2_IRQHandler                      0x080039d0   Section        0  stm32f1xx_it.o(i.USART2_IRQHandler)
    i.UsageFault_Handler                     0x08003a04   Section        0  stm32f1xx_it.o(i.UsageFault_Handler)
    i.__NVIC_GetPriorityGrouping             0x08003a08   Section        0  stm32f1xx_hal_cortex.o(i.__NVIC_GetPriorityGrouping)
    __NVIC_GetPriorityGrouping               0x08003a09   Thumb Code    10  stm32f1xx_hal_cortex.o(i.__NVIC_GetPriorityGrouping)
    i.__NVIC_SetPriority                     0x08003a18   Section        0  stm32f1xx_hal_cortex.o(i.__NVIC_SetPriority)
    __NVIC_SetPriority                       0x08003a19   Thumb Code    32  stm32f1xx_hal_cortex.o(i.__NVIC_SetPriority)
    i.__aeabi_assert                         0x08003a40   Section        0  main.o(i.__aeabi_assert)
    i.__scatterload_copy                     0x08003a44   Section       14  handlers.o(i.__scatterload_copy)
    i.__scatterload_null                     0x08003a52   Section        2  handlers.o(i.__scatterload_null)
    i.__scatterload_zeroinit                 0x08003a54   Section       14  handlers.o(i.__scatterload_zeroinit)
    i.__set_PRIMASK                          0x08003a62   Section        0  mbrtu.o(i.__set_PRIMASK)
    __set_PRIMASK                            0x08003a63   Thumb Code     6  mbrtu.o(i.__set_PRIMASK)
    i.ctp_test                               0x08003a68   Section        0  test code.o(i.ctp_test)
    i.delay_ms                               0x08003b60   Section        0  delay.o(i.delay_ms)
    i.delay_us                               0x08003b78   Section        0  delay.o(i.delay_us)
    i.eMBFuncReadCoils                       0x08003bc6   Section        0  mbfunccoils.o(i.eMBFuncReadCoils)
    i.eMBFuncReadDiscreteInputs              0x08003c74   Section        0  mbfuncdisc.o(i.eMBFuncReadDiscreteInputs)
    i.eMBFuncReadHoldingRegister             0x08003d20   Section        0  mbfuncholding.o(i.eMBFuncReadHoldingRegister)
    i.eMBFuncReadInputRegister               0x08003dac   Section        0  mbfuncinput.o(i.eMBFuncReadInputRegister)
    i.eMBFuncReadWriteMultipleHoldingRegister 0x08003e38   Section        0  mbfuncholding.o(i.eMBFuncReadWriteMultipleHoldingRegister)
    i.eMBFuncReportSlaveID                   0x08003f0c   Section        0  mbfuncother.o(i.eMBFuncReportSlaveID)
    i.eMBFuncWriteCoil                       0x08003f34   Section        0  mbfunccoils.o(i.eMBFuncWriteCoil)
    i.eMBFuncWriteHoldingRegister            0x08003fa4   Section        0  mbfuncholding.o(i.eMBFuncWriteHoldingRegister)
    i.eMBFuncWriteMultipleCoils              0x08003fe6   Section        0  mbfunccoils.o(i.eMBFuncWriteMultipleCoils)
    i.eMBFuncWriteMultipleHoldingRegister    0x08004076   Section        0  mbfuncholding.o(i.eMBFuncWriteMultipleHoldingRegister)
    i.eMBPoll                                0x080040e4   Section        0  mb.o(i.eMBPoll)
    i.eMBRegCoilsCB                          0x0800421c   Section        0  user_mb_app.o(i.eMBRegCoilsCB)
    i.eMBRegDiscreteCB                       0x08004350   Section        0  user_mb_app.o(i.eMBRegDiscreteCB)
    i.eMBRegHoldingCB                        0x08004418   Section        0  user_mb_app.o(i.eMBRegHoldingCB)
    i.eMBRegInputCB                          0x080044cc   Section        0  user_mb_app.o(i.eMBRegInputCB)
    i.eMBsend_Error                          0x0800453c   Section        0  mb.o(i.eMBsend_Error)
    i.gui_draw_hline                         0x080045d4   Section        0  lcd.o(i.gui_draw_hline)
    i.gui_fill_circle                        0x080045f8   Section        0  lcd.o(i.gui_fill_circle)
    i.key_scan                               0x080046a8   Section        0  key.o(i.key_scan)
    i.lcd_draw_bline                         0x08004768   Section        0  lcd.o(i.lcd_draw_bline)
    i.main                                   0x0800483c   Section        0  main.o(i.main)
    i.main_test                              0x08004924   Section        0  test code.o(i.main_test)
    i.prveMBError2Exception                  0x080049f0   Section        0  mbutils.o(i.prveMBError2Exception)
    i.prvvTIMERExpiredISR                    0x08004a14   Section        0  porttimer.o(i.prvvTIMERExpiredISR)
    i.prvvUARTRxISR                          0x08004a24   Section        0  portserial.o(i.prvvUARTRxISR)
    i.prvvUARTTxReadyISR                     0x08004a34   Section        0  portserial.o(i.prvvUARTTxReadyISR)
    i.stm32_clock_init                       0x08004a44   Section        0  sys.o(i.stm32_clock_init)
    i.uart1_rx_clear                         0x08004aa8   Section        0  uart.o(i.uart1_rx_clear)
    i.vMBPortSerialEnable                    0x08004ac4   Section        0  portserial.o(i.vMBPortSerialEnable)
    i.vMBPortTimersDisable                   0x08004b14   Section        0  porttimer.o(i.vMBPortTimersDisable)
    i.xMBPortEventGet                        0x08004b6c   Section        0  portevent.o(i.xMBPortEventGet)
    i.xMBPortEventPost                       0x08004b90   Section        0  portevent.o(i.xMBPortEventPost)
    i.xMBUtilGetBits                         0x08004bb0   Section        0  mbutils.o(i.xMBUtilGetBits)
    i.xMBUtilSetBits                         0x08004bdc   Section        0  mbutils.o(i.xMBUtilSetBits)
    .constdata                               0x08004c88   Section       24  system_stm32f1xx.o(.constdata)
    .constdata                               0x08004ca0   Section       18  stm32f1xx_hal_rcc.o(.constdata)
    aPLLMULFactorTable                       0x08004ca0   Data          16  stm32f1xx_hal_rcc.o(.constdata)
    aPredivFactorTable                       0x08004cb0   Data           2  stm32f1xx_hal_rcc.o(.constdata)
    .constdata                               0x08004cb2   Section       18  stm32f1xx_hal_rcc_ex.o(.constdata)
    aPLLMULFactorTable                       0x08004cb2   Data          16  stm32f1xx_hal_rcc_ex.o(.constdata)
    aPredivFactorTable                       0x08004cc2   Data           2  stm32f1xx_hal_rcc_ex.o(.constdata)
    .constdata                               0x08004cc4   Section       10  ctp.o(.constdata)
    .constdata                               0x08004cce   Section     6080  lcd.o(.constdata)
    .constdata                               0x08006490   Section       60  test code.o(.constdata)
    .conststring                             0x080064cc   Section       55  test code.o(.conststring)
    .data                                    0x20000000   Section       20  main.o(.data)
    led_state_num                            0x20000013   Data           1  main.o(.data)
    .data                                    0x20000014   Section        4  system_stm32f1xx.o(.data)
    .data                                    0x20000018   Section        2  uart.o(.data)
    .data                                    0x2000001c   Section        9  stm32f1xx_hal.o(.data)
    .data                                    0x20000028   Section      185  mb.o(.data)
    ucMBAddress                              0x20000028   Data           1  mb.o(.data)
    eMBCurrentMode                           0x20000029   Data           1  mb.o(.data)
    eMBState                                 0x2000002a   Data           1  mb.o(.data)
    peMBFrameSendCur                         0x2000002c   Data           4  mb.o(.data)
    pvMBFrameStartCur                        0x20000030   Data           4  mb.o(.data)
    pvMBFrameStopCur                         0x20000034   Data           4  mb.o(.data)
    peMBFrameReceiveCur                      0x20000038   Data           4  mb.o(.data)
    pvMBFrameCloseCur                        0x2000003c   Data           4  mb.o(.data)
    xFuncHandlers                            0x20000054   Data         128  mb.o(.data)
    ucMBFrame                                0x200000d8   Data           4  mb.o(.data)
    ucRcvAddress                             0x200000dc   Data           1  mb.o(.data)
    ucFunctionCode                           0x200000dd   Data           1  mb.o(.data)
    usLength                                 0x200000de   Data           2  mb.o(.data)
    eException                               0x200000e0   Data           1  mb.o(.data)
    .data                                    0x200000e4   Section       12  mbrtu.o(.data)
    eSndState                                0x200000e4   Data           1  mbrtu.o(.data)
    eRcvState                                0x200000e5   Data           1  mbrtu.o(.data)
    pucSndBufferCur                          0x200000e8   Data           4  mbrtu.o(.data)
    usSndBufferCount                         0x200000ec   Data           2  mbrtu.o(.data)
    usRcvBufferPos                           0x200000ee   Data           2  mbrtu.o(.data)
    .data                                    0x200000f0   Section        2  portevent.o(.data)
    eQueuedEvent                             0x200000f0   Data           1  portevent.o(.data)
    xEventInQueue                            0x200000f1   Data           1  portevent.o(.data)
    .data                                    0x200000f2   Section      518  user_mb_app.o(.data)
    .data                                    0x200002f8   Section        2  mbfuncother.o(.data)
    usMBSlaveIDLen                           0x200002f8   Data           2  mbfuncother.o(.data)
    .data                                    0x200002fa   Section        1  adc.o(.data)
    .data                                    0x200002fb   Section        9  key.o(.data)
    .data                                    0x20000304   Section        1  ctp.o(.data)
    t                                        0x20000304   Data           1  ctp.o(.data)
    .data                                    0x20000306   Section     3256  lcd.o(.data)
    .data                                    0x20000fc0   Section       54  touch.o(.data)
    .bss                                     0x20000ff8   Section      344  uart.o(.bss)
    .bss                                     0x20001150   Section       32  mbfuncother.o(.bss)
    ucMBSlaveID                              0x20001150   Data          32  mbfuncother.o(.bss)
    .bss                                     0x20001170   Section      176  adc.o(.bss)
    .bss                                     0x20001220   Section      144  tim.o(.bss)
    .bss                                     0x200012b0   Section      144  usart.o(.bss)
    .bss                                     0x20001340   Section       14  lcd.o(.bss)
    STACK                                    0x20001350   Section     1024  startup_stm32f101xb.o(STACK)

    Global Symbols

    Symbol Name                              Value     Ov Type        Size  Object(Section)

    BuildAttributes$$THM_ISAv4$P$D$K$B$S$PE$A:L22UL41UL21$X:L11$S22US41US21$IEEE1$IW$USESV6$~STKCKD$USESV7$~SHL$OTIME$ROPI$EBA8$MICROLIB$REQ8$PRES8$EABIv2 0x00000000   Number         0  anon$$obj.o ABSOLUTE
    __ARM_use_no_argv                        0x00000000   Number         0  main.o ABSOLUTE
    _printf_a                                0x00000000   Number         0  stubs.o ABSOLUTE
    _printf_c                                0x00000000   Number         0  stubs.o ABSOLUTE
    _printf_charcount                        0x00000000   Number         0  stubs.o ABSOLUTE
    _printf_d                                0x00000000   Number         0  stubs.o ABSOLUTE
    _printf_e                                0x00000000   Number         0  stubs.o ABSOLUTE
    _printf_f                                0x00000000   Number         0  stubs.o ABSOLUTE
    _printf_flags                            0x00000000   Number         0  stubs.o ABSOLUTE
    _printf_fp_dec                           0x00000000   Number         0  stubs.o ABSOLUTE
    _printf_fp_hex                           0x00000000   Number         0  stubs.o ABSOLUTE
    _printf_g                                0x00000000   Number         0  stubs.o ABSOLUTE
    _printf_i                                0x00000000   Number         0  stubs.o ABSOLUTE
    _printf_int_dec                          0x00000000   Number         0  stubs.o ABSOLUTE
    _printf_l                                0x00000000   Number         0  stubs.o ABSOLUTE
    _printf_lc                               0x00000000   Number         0  stubs.o ABSOLUTE
    _printf_ll                               0x00000000   Number         0  stubs.o ABSOLUTE
    _printf_lld                              0x00000000   Number         0  stubs.o ABSOLUTE
    _printf_lli                              0x00000000   Number         0  stubs.o ABSOLUTE
    _printf_llo                              0x00000000   Number         0  stubs.o ABSOLUTE
    _printf_llu                              0x00000000   Number         0  stubs.o ABSOLUTE
    _printf_llx                              0x00000000   Number         0  stubs.o ABSOLUTE
    _printf_longlong_dec                     0x00000000   Number         0  stubs.o ABSOLUTE
    _printf_longlong_hex                     0x00000000   Number         0  stubs.o ABSOLUTE
    _printf_longlong_oct                     0x00000000   Number         0  stubs.o ABSOLUTE
    _printf_ls                               0x00000000   Number         0  stubs.o ABSOLUTE
    _printf_mbtowc                           0x00000000   Number         0  stubs.o ABSOLUTE
    _printf_n                                0x00000000   Number         0  stubs.o ABSOLUTE
    _printf_o                                0x00000000   Number         0  stubs.o ABSOLUTE
    _printf_p                                0x00000000   Number         0  stubs.o ABSOLUTE
    _printf_percent                          0x00000000   Number         0  stubs.o ABSOLUTE
    _printf_pre_padding                      0x00000000   Number         0  stubs.o ABSOLUTE
    _printf_return_value                     0x00000000   Number         0  stubs.o ABSOLUTE
    _printf_s                                0x00000000   Number         0  stubs.o ABSOLUTE
    _printf_sizespec                         0x00000000   Number         0  stubs.o ABSOLUTE
    _printf_str                              0x00000000   Number         0  stubs.o ABSOLUTE
    _printf_truncate_signed                  0x00000000   Number         0  stubs.o ABSOLUTE
    _printf_truncate_unsigned                0x00000000   Number         0  stubs.o ABSOLUTE
    _printf_u                                0x00000000   Number         0  stubs.o ABSOLUTE
    _printf_wc                               0x00000000   Number         0  stubs.o ABSOLUTE
    _printf_wctomb                           0x00000000   Number         0  stubs.o ABSOLUTE
    _printf_widthprec                        0x00000000   Number         0  stubs.o ABSOLUTE
    _printf_x                                0x00000000   Number         0  stubs.o ABSOLUTE
    __cpp_initialize__aeabi_                  - Undefined Weak Reference
    __cxa_finalize                            - Undefined Weak Reference
    _clock_init                               - Undefined Weak Reference
    _microlib_exit                            - Undefined Weak Reference
    __Vectors_Size                           0x000000e8   Number         0  startup_stm32f101xb.o ABSOLUTE
    __Vectors                                0x08000000   Data           4  startup_stm32f101xb.o(RESET)
    __Vectors_End                            0x080000e8   Data           0  startup_stm32f101xb.o(RESET)
    __main                                   0x080000e9   Thumb Code     0  entry.o(.ARM.Collect$$$$00000000)
    _main_stk                                0x080000e9   Thumb Code     0  entry2.o(.ARM.Collect$$$$00000001)
    _main_scatterload                        0x080000ed   Thumb Code     0  entry5.o(.ARM.Collect$$$$00000004)
    __main_after_scatterload                 0x080000f1   Thumb Code     0  entry5.o(.ARM.Collect$$$$00000004)
    _main_clock                              0x080000f1   Thumb Code     0  entry7b.o(.ARM.Collect$$$$00000008)
    _main_cpp_init                           0x080000f1   Thumb Code     0  entry8b.o(.ARM.Collect$$$$0000000A)
    _main_init                               0x080000f1   Thumb Code     0  entry9a.o(.ARM.Collect$$$$0000000B)
    __rt_final_cpp                           0x080000f9   Thumb Code     0  entry10a.o(.ARM.Collect$$$$0000000D)
    __rt_final_exit                          0x080000f9   Thumb Code     0  entry11a.o(.ARM.Collect$$$$0000000F)
    Reset_Handler                            0x080000fd   Thumb Code     8  startup_stm32f101xb.o(.text)
    ADC1_IRQHandler                          0x08000117   Thumb Code     0  startup_stm32f101xb.o(.text)
    DMA1_Channel1_IRQHandler                 0x08000117   Thumb Code     0  startup_stm32f101xb.o(.text)
    DMA1_Channel2_IRQHandler                 0x08000117   Thumb Code     0  startup_stm32f101xb.o(.text)
    DMA1_Channel3_IRQHandler                 0x08000117   Thumb Code     0  startup_stm32f101xb.o(.text)
    DMA1_Channel4_IRQHandler                 0x08000117   Thumb Code     0  startup_stm32f101xb.o(.text)
    DMA1_Channel5_IRQHandler                 0x08000117   Thumb Code     0  startup_stm32f101xb.o(.text)
    DMA1_Channel6_IRQHandler                 0x08000117   Thumb Code     0  startup_stm32f101xb.o(.text)
    DMA1_Channel7_IRQHandler                 0x08000117   Thumb Code     0  startup_stm32f101xb.o(.text)
    EXTI0_IRQHandler                         0x08000117   Thumb Code     0  startup_stm32f101xb.o(.text)
    EXTI15_10_IRQHandler                     0x08000117   Thumb Code     0  startup_stm32f101xb.o(.text)
    EXTI1_IRQHandler                         0x08000117   Thumb Code     0  startup_stm32f101xb.o(.text)
    EXTI2_IRQHandler                         0x08000117   Thumb Code     0  startup_stm32f101xb.o(.text)
    EXTI3_IRQHandler                         0x08000117   Thumb Code     0  startup_stm32f101xb.o(.text)
    EXTI4_IRQHandler                         0x08000117   Thumb Code     0  startup_stm32f101xb.o(.text)
    EXTI9_5_IRQHandler                       0x08000117   Thumb Code     0  startup_stm32f101xb.o(.text)
    FLASH_IRQHandler                         0x08000117   Thumb Code     0  startup_stm32f101xb.o(.text)
    I2C1_ER_IRQHandler                       0x08000117   Thumb Code     0  startup_stm32f101xb.o(.text)
    I2C1_EV_IRQHandler                       0x08000117   Thumb Code     0  startup_stm32f101xb.o(.text)
    I2C2_ER_IRQHandler                       0x08000117   Thumb Code     0  startup_stm32f101xb.o(.text)
    I2C2_EV_IRQHandler                       0x08000117   Thumb Code     0  startup_stm32f101xb.o(.text)
    PVD_IRQHandler                           0x08000117   Thumb Code     0  startup_stm32f101xb.o(.text)
    RCC_IRQHandler                           0x08000117   Thumb Code     0  startup_stm32f101xb.o(.text)
    RTC_Alarm_IRQHandler                     0x08000117   Thumb Code     0  startup_stm32f101xb.o(.text)
    RTC_IRQHandler                           0x08000117   Thumb Code     0  startup_stm32f101xb.o(.text)
    SPI1_IRQHandler                          0x08000117   Thumb Code     0  startup_stm32f101xb.o(.text)
    SPI2_IRQHandler                          0x08000117   Thumb Code     0  startup_stm32f101xb.o(.text)
    TAMPER_IRQHandler                        0x08000117   Thumb Code     0  startup_stm32f101xb.o(.text)
    TIM2_IRQHandler                          0x08000117   Thumb Code     0  startup_stm32f101xb.o(.text)
    TIM3_IRQHandler                          0x08000117   Thumb Code     0  startup_stm32f101xb.o(.text)
    USART3_IRQHandler                        0x08000117   Thumb Code     0  startup_stm32f101xb.o(.text)
    WWDG_IRQHandler                          0x08000117   Thumb Code     0  startup_stm32f101xb.o(.text)
    __aeabi_memcpy                           0x08000121   Thumb Code    36  memcpya.o(.text)
    __aeabi_memcpy4                          0x08000121   Thumb Code     0  memcpya.o(.text)
    __aeabi_memcpy8                          0x08000121   Thumb Code     0  memcpya.o(.text)
    __aeabi_memset                           0x08000145   Thumb Code    14  memseta.o(.text)
    __aeabi_memset4                          0x08000145   Thumb Code     0  memseta.o(.text)
    __aeabi_memset8                          0x08000145   Thumb Code     0  memseta.o(.text)
    __aeabi_memclr                           0x08000153   Thumb Code     4  memseta.o(.text)
    __aeabi_memclr4                          0x08000153   Thumb Code     0  memseta.o(.text)
    __aeabi_memclr8                          0x08000153   Thumb Code     0  memseta.o(.text)
    _memset$wrapper                          0x08000157   Thumb Code    18  memseta.o(.text)
    strlen                                   0x08000169   Thumb Code    14  strlen.o(.text)
    __aeabi_fadd                             0x08000177   Thumb Code   164  fadd.o(.text)
    __aeabi_fsub                             0x0800021b   Thumb Code     6  fadd.o(.text)
    __aeabi_frsub                            0x08000221   Thumb Code     6  fadd.o(.text)
    __aeabi_fmul                             0x08000227   Thumb Code   100  fmul.o(.text)
    __aeabi_i2f                              0x0800028b   Thumb Code    18  fflti.o(.text)
    __aeabi_ui2f                             0x0800029d   Thumb Code    10  ffltui.o(.text)
    __aeabi_f2uiz                            0x080002a7   Thumb Code    40  ffixui.o(.text)
    __I$use$fp                               0x080002cf   Thumb Code     0  iusefp.o(.text)
    _float_round                             0x080002cf   Thumb Code    18  fepilogue.o(.text)
    _float_epilogue                          0x080002e1   Thumb Code    92  fepilogue.o(.text)
    __scatterload                            0x0800033d   Thumb Code    28  init.o(.text)
    __scatterload_rt2                        0x0800033d   Thumb Code     0  init.o(.text)
    __decompress                             0x08000361   Thumb Code     0  __dczerorl2.o(.text)
    __decompress1                            0x08000361   Thumb Code    86  __dczerorl2.o(.text)
    ADC_ConversionStop_Disable               0x080003b7   Thumb Code    92  stm32f1xx_hal_adc.o(i.ADC_ConversionStop_Disable)
    ADC_Enable                               0x08000415   Thumb Code   134  stm32f1xx_hal_adc.o(i.ADC_Enable)
    APPGPIO_INIT                             0x080004a5   Thumb Code   386  gpio.o(i.APPGPIO_INIT)
    BusFault_Handler                         0x08000635   Thumb Code     4  stm32f1xx_it.o(i.BusFault_Handler)
    CT_Delay                                 0x08000639   Thumb Code    10  ctiic.o(i.CT_Delay)
    CT_IIC_Ack                               0x08000645   Thumb Code    86  ctiic.o(i.CT_IIC_Ack)
    CT_IIC_Init                              0x080006a1   Thumb Code   218  ctiic.o(i.CT_IIC_Init)
    CT_IIC_NAck                              0x08000785   Thumb Code    88  ctiic.o(i.CT_IIC_NAck)
    CT_IIC_Read_Byte                         0x080007e1   Thumb Code   116  ctiic.o(i.CT_IIC_Read_Byte)
    CT_IIC_Send_Byte                         0x08000859   Thumb Code   126  ctiic.o(i.CT_IIC_Send_Byte)
    CT_IIC_Start                             0x080008dd   Thumb Code    84  ctiic.o(i.CT_IIC_Start)
    CT_IIC_Stop                              0x08000935   Thumb Code    80  ctiic.o(i.CT_IIC_Stop)
    CT_IIC_Wait_Ack                          0x08000989   Thumb Code   104  ctiic.o(i.CT_IIC_Wait_Ack)
    Chinese_Font_test                        0x080009f5   Thumb Code    96  test code.o(i.Chinese_Font_test)
    DebugMon_Handler                         0x08000ab1   Thumb Code     2  stm32f1xx_it.o(i.DebugMon_Handler)
    DrawTestPage                             0x08000ab5   Thumb Code   258  test code.o(i.DrawTestPage)
    FT6336_Init                              0x08000bd9   Thumb Code    36  ctp.o(i.FT6336_Init)
    FT6336_RD_Reg                            0x08000c01   Thumb Code    88  ctp.o(i.FT6336_RD_Reg)
    FT6336_Scan                              0x08000c59   Thumb Code   394  ctp.o(i.FT6336_Scan)
    GUI_DrawFont16                           0x08000df1   Thumb Code   234  lcd.o(i.GUI_DrawFont16)
    GUI_DrawFont24                           0x08000eed   Thumb Code   250  lcd.o(i.GUI_DrawFont24)
    GUI_DrawFont32                           0x08000ff9   Thumb Code   234  lcd.o(i.GUI_DrawFont32)
    Gui_StrCenter                            0x080010f5   Thumb Code    92  lcd.o(i.Gui_StrCenter)
    HAL_ADC_ConfigChannel                    0x08001155   Thumb Code   338  stm32f1xx_hal_adc.o(i.HAL_ADC_ConfigChannel)
    HAL_ADC_GetValue                         0x080012b5   Thumb Code     8  stm32f1xx_hal_adc.o(i.HAL_ADC_GetValue)
    HAL_ADC_PollForConversion                0x080012bd   Thumb Code   366  stm32f1xx_hal_adc.o(i.HAL_ADC_PollForConversion)
    HAL_ADC_Start                            0x0800143d   Thumb Code   294  stm32f1xx_hal_adc.o(i.HAL_ADC_Start)
    HAL_ADC_Stop                             0x0800156d   Thumb Code    64  stm32f1xx_hal_adc.o(i.HAL_ADC_Stop)
    HAL_DMA_Abort                            0x080015ad   Thumb Code    86  stm32f1xx_hal_dma.o(i.HAL_DMA_Abort)
    HAL_DMA_Abort_IT                         0x08001605   Thumb Code   172  stm32f1xx_hal_dma.o(i.HAL_DMA_Abort_IT)
    HAL_Delay                                0x080016b5   Thumb Code    12  delay.o(i.HAL_Delay)
    HAL_GPIO_Init                            0x080016c1   Thumb Code   766  stm32f1xx_hal_gpio.o(i.HAL_GPIO_Init)
    HAL_GetTick                              0x080019e1   Thumb Code     6  stm32f1xx_hal.o(i.HAL_GetTick)
    HAL_IncTick                              0x080019ed   Thumb Code    16  stm32f1xx_hal.o(i.HAL_IncTick)
    HAL_Init                                 0x08001a05   Thumb Code    34  stm32f1xx_hal.o(i.HAL_Init)
    HAL_InitTick                             0x08001a2d   Thumb Code    64  stm32f1xx_hal.o(i.HAL_InitTick)
    HAL_MspInit                              0x08001a79   Thumb Code     2  stm32f1xx_hal_msp_template.o(i.HAL_MspInit)
    HAL_NVIC_ClearPendingIRQ                 0x08001a7d   Thumb Code    30  stm32f1xx_hal_cortex.o(i.HAL_NVIC_ClearPendingIRQ)
    HAL_NVIC_SetPriority                     0x08001aa1   Thumb Code   124  stm32f1xx_hal_cortex.o(i.HAL_NVIC_SetPriority)
    HAL_NVIC_SetPriorityGrouping             0x08001b1d   Thumb Code    32  stm32f1xx_hal_cortex.o(i.HAL_NVIC_SetPriorityGrouping)
    HAL_RCCEx_GetPeriphCLKFreq               0x08001b45   Thumb Code   232  stm32f1xx_hal_rcc_ex.o(i.HAL_RCCEx_GetPeriphCLKFreq)
    HAL_RCC_ClockConfig                      0x08001c41   Thumb Code   376  stm32f1xx_hal_rcc.o(i.HAL_RCC_ClockConfig)
    HAL_RCC_GetHCLKFreq                      0x08001dcd   Thumb Code     6  stm32f1xx_hal_rcc.o(i.HAL_RCC_GetHCLKFreq)
    HAL_RCC_GetPCLK2Freq                     0x08001dd9   Thumb Code    22  stm32f1xx_hal_rcc.o(i.HAL_RCC_GetPCLK2Freq)
    HAL_RCC_GetSysClockFreq                  0x08001df9   Thumb Code    92  stm32f1xx_hal_rcc.o(i.HAL_RCC_GetSysClockFreq)
    HAL_RCC_OscConfig                        0x08001e69   Thumb Code  1114  stm32f1xx_hal_rcc.o(i.HAL_RCC_OscConfig)
    HAL_SYSTICK_Config                       0x080022cd   Thumb Code    52  stm32f1xx_hal_cortex.o(i.HAL_SYSTICK_Config)
    HAL_UARTEx_RxEventCallback               0x08002301   Thumb Code     2  stm32f1xx_hal_uart.o(i.HAL_UARTEx_RxEventCallback)
    HAL_UART_ErrorCallback                   0x08002303   Thumb Code     2  stm32f1xx_hal_uart.o(i.HAL_UART_ErrorCallback)
    HAL_UART_IRQHandler                      0x08002305   Thumb Code   736  stm32f1xx_hal_uart.o(i.HAL_UART_IRQHandler)
    HAL_UART_Receive                         0x080025e9   Thumb Code   188  stm32f1xx_hal_uart.o(i.HAL_UART_Receive)
    HAL_UART_RxCpltCallback                  0x080026a5   Thumb Code     2  stm32f1xx_hal_uart.o(i.HAL_UART_RxCpltCallback)
    HAL_UART_TxCpltCallback                  0x080026a7   Thumb Code     2  stm32f1xx_hal_uart.o(i.HAL_UART_TxCpltCallback)
    HardFault_Handler                        0x080026a9   Thumb Code     4  stm32f1xx_it.o(i.HardFault_Handler)
    Key_val_clear                            0x080026ad   Thumb Code    52  key.o(i.Key_val_clear)
    LCD_Clear                                0x080026f1   Thumb Code    44  lcd.o(i.LCD_Clear)
    LCD_Display_Dir                          0x08002721   Thumb Code   228  lcd.o(i.LCD_Display_Dir)
    LCD_DrawLine                             0x08002809   Thumb Code   176  lcd.o(i.LCD_DrawLine)
    LCD_DrawPoint                            0x080028b9   Thumb Code    28  lcd.o(i.LCD_DrawPoint)
    LCD_Fast_DrawPoint                       0x080028d9   Thumb Code    28  lcd.o(i.LCD_Fast_DrawPoint)
    LCD_Fill                                 0x080028f9   Thumb Code   178  lcd.o(i.LCD_Fill)
    LCD_Init                                 0x080029b1   Thumb Code   766  lcd.o(i.LCD_Init)
    LCD_SetCursor                            0x08002cbd   Thumb Code    48  lcd.o(i.LCD_SetCursor)
    LCD_Set_Window                           0x08002cf1   Thumb Code   104  lcd.o(i.LCD_Set_Window)
    LCD_ShowChar                             0x08002d5d   Thumb Code   272  lcd.o(i.LCD_ShowChar)
    LCD_ShowString                           0x08002e85   Thumb Code   102  lcd.o(i.LCD_ShowString)
    LCD_WR_DATA                              0x08002eed   Thumb Code    80  lcd.o(i.LCD_WR_DATA)
    LCD_WR_REG                               0x08002f45   Thumb Code    78  lcd.o(i.LCD_WR_REG)
    LCD_WriteRAM                             0x08002f9d   Thumb Code    80  lcd.o(i.LCD_WriteRAM)
    LCD_WriteRAM_Prepare                     0x08002ff5   Thumb Code    12  lcd.o(i.LCD_WriteRAM_Prepare)
    LCD_WriteReg                             0x08003005   Thumb Code    20  lcd.o(i.LCD_WriteReg)
    Led_scan                                 0x08003019   Thumb Code    74  main.o(i.Led_scan)
    Load_Drow_Dialog                         0x08003071   Thumb Code    60  lcd.o(i.Load_Drow_Dialog)
    MemManage_Handler                        0x080030bd   Thumb Code     4  stm32f1xx_it.o(i.MemManage_Handler)
    Modbus_ResetRx                           0x080030c1   Thumb Code    56  mbrtu.o(i.Modbus_ResetRx)
    NMI_Handler                              0x0800310d   Thumb Code     2  stm32f1xx_it.o(i.NMI_Handler)
    PendSV_Handler                           0x0800310f   Thumb Code     2  stm32f1xx_it.o(i.PendSV_Handler)
    Read_ADC                                 0x08003139   Thumb Code   218  adc.o(i.Read_ADC)
    SVC_Handler                              0x0800321d   Thumb Code     2  stm32f1xx_it.o(i.SVC_Handler)
    Show_Str                                 0x08003221   Thumb Code   238  lcd.o(i.Show_Str)
    SysTick_Handler                          0x08003315   Thumb Code     8  stm32f1xx_it.o(i.SysTick_Handler)
    SystemInit                               0x0800331d   Thumb Code     2  system_stm32f1xx.o(i.SystemInit)
    TIM4_IRQHandler                          0x08003321   Thumb Code    30  stm32f1xx_it.o(i.TIM4_IRQHandler)
    TP_Adjust                                0x08003345   Thumb Code     2  touch.o(i.TP_Adjust)
    TP_Init                                  0x08003349   Thumb Code    16  touch.o(i.TP_Init)
    TP_Read_AD                               0x08003361   Thumb Code   148  touch.o(i.TP_Read_AD)
    TP_Read_XOY                              0x080033f9   Thumb Code   120  touch.o(i.TP_Read_XOY)
    TP_Read_XY                               0x08003471   Thumb Code    38  touch.o(i.TP_Read_XY)
    TP_Read_XY2                              0x080034a1   Thumb Code   192  touch.o(i.TP_Read_XY2)
    TP_Scan                                  0x08003561   Thumb Code   266  touch.o(i.TP_Scan)
    TP_Write_Byte                            0x08003675   Thumb Code    74  touch.o(i.TP_Write_Byte)
    USART1_IRQHandler                        0x08003955   Thumb Code   110  uart.o(i.USART1_IRQHandler)
    USART2_IRQHandler                        0x080039d1   Thumb Code    48  stm32f1xx_it.o(i.USART2_IRQHandler)
    UsageFault_Handler                       0x08003a05   Thumb Code     4  stm32f1xx_it.o(i.UsageFault_Handler)
    __aeabi_assert                           0x08003a41   Thumb Code     4  main.o(i.__aeabi_assert)
    __scatterload_copy                       0x08003a45   Thumb Code    14  handlers.o(i.__scatterload_copy)
    __scatterload_null                       0x08003a53   Thumb Code     2  handlers.o(i.__scatterload_null)
    __scatterload_zeroinit                   0x08003a55   Thumb Code    14  handlers.o(i.__scatterload_zeroinit)
    ctp_test                                 0x08003a69   Thumb Code   236  test code.o(i.ctp_test)
    delay_ms                                 0x08003b61   Thumb Code    24  delay.o(i.delay_ms)
    delay_us                                 0x08003b79   Thumb Code    78  delay.o(i.delay_us)
    eMBFuncReadCoils                         0x08003bc7   Thumb Code   174  mbfunccoils.o(i.eMBFuncReadCoils)
    eMBFuncReadDiscreteInputs                0x08003c75   Thumb Code   172  mbfuncdisc.o(i.eMBFuncReadDiscreteInputs)
    eMBFuncReadHoldingRegister               0x08003d21   Thumb Code   140  mbfuncholding.o(i.eMBFuncReadHoldingRegister)
    eMBFuncReadInputRegister                 0x08003dad   Thumb Code   140  mbfuncinput.o(i.eMBFuncReadInputRegister)
    eMBFuncReadWriteMultipleHoldingRegister  0x08003e39   Thumb Code   212  mbfuncholding.o(i.eMBFuncReadWriteMultipleHoldingRegister)
    eMBFuncReportSlaveID                     0x08003f0d   Thumb Code    30  mbfuncother.o(i.eMBFuncReportSlaveID)
    eMBFuncWriteCoil                         0x08003f35   Thumb Code   112  mbfunccoils.o(i.eMBFuncWriteCoil)
    eMBFuncWriteHoldingRegister              0x08003fa5   Thumb Code    66  mbfuncholding.o(i.eMBFuncWriteHoldingRegister)
    eMBFuncWriteMultipleCoils                0x08003fe7   Thumb Code   144  mbfunccoils.o(i.eMBFuncWriteMultipleCoils)
    eMBFuncWriteMultipleHoldingRegister      0x08004077   Thumb Code   110  mbfuncholding.o(i.eMBFuncWriteMultipleHoldingRegister)
    eMBPoll                                  0x080040e5   Thumb Code   268  mb.o(i.eMBPoll)
    eMBRegCoilsCB                            0x0800421d   Thumb Code   300  user_mb_app.o(i.eMBRegCoilsCB)
    eMBRegDiscreteCB                         0x08004351   Thumb Code   190  user_mb_app.o(i.eMBRegDiscreteCB)
    eMBRegHoldingCB                          0x08004419   Thumb Code   172  user_mb_app.o(i.eMBRegHoldingCB)
    eMBRegInputCB                            0x080044cd   Thumb Code   104  user_mb_app.o(i.eMBRegInputCB)
    eMBsend_Error                            0x0800453d   Thumb Code   132  mb.o(i.eMBsend_Error)
    gui_draw_hline                           0x080045d5   Thumb Code    36  lcd.o(i.gui_draw_hline)
    gui_fill_circle                          0x080045f9   Thumb Code   176  lcd.o(i.gui_fill_circle)
    key_scan                                 0x080046a9   Thumb Code   154  key.o(i.key_scan)
    lcd_draw_bline                           0x08004769   Thumb Code   212  lcd.o(i.lcd_draw_bline)
    main                                     0x0800483d   Thumb Code   198  main.o(i.main)
    main_test                                0x08004925   Thumb Code   134  test code.o(i.main_test)
    prveMBError2Exception                    0x080049f1   Thumb Code    34  mbutils.o(i.prveMBError2Exception)
    prvvTIMERExpiredISR                      0x08004a15   Thumb Code    10  porttimer.o(i.prvvTIMERExpiredISR)
    prvvUARTRxISR                            0x08004a25   Thumb Code    10  portserial.o(i.prvvUARTRxISR)
    prvvUARTTxReadyISR                       0x08004a35   Thumb Code    10  portserial.o(i.prvvUARTTxReadyISR)
    stm32_clock_init                         0x08004a45   Thumb Code    98  sys.o(i.stm32_clock_init)
    uart1_rx_clear                           0x08004aa9   Thumb Code    18  uart.o(i.uart1_rx_clear)
    vMBPortSerialEnable                      0x08004ac5   Thumb Code    74  portserial.o(i.vMBPortSerialEnable)
    vMBPortTimersDisable                     0x08004b15   Thumb Code    82  porttimer.o(i.vMBPortTimersDisable)
    xMBPortEventGet                          0x08004b6d   Thumb Code    26  portevent.o(i.xMBPortEventGet)
    xMBPortEventPost                         0x08004b91   Thumb Code    22  portevent.o(i.xMBPortEventPost)
    xMBUtilGetBits                           0x08004bb1   Thumb Code    42  mbutils.o(i.xMBUtilGetBits)
    xMBUtilSetBits                           0x08004bdd   Thumb Code   104  mbutils.o(i.xMBUtilSetBits)
    AHBPrescTable                            0x08004c88   Data          16  system_stm32f1xx.o(.constdata)
    APBPrescTable                            0x08004c98   Data           8  system_stm32f1xx.o(.constdata)
    FT5206_TPX_TBL                           0x08004cc4   Data          10  ctp.o(.constdata)
    asc2_1206                                0x08004cce   Data        1140  lcd.o(.constdata)
    asc2_1608                                0x08005142   Data        1520  lcd.o(.constdata)
    asc2_2412                                0x08005732   Data        3420  lcd.o(.constdata)
    POINT_COLOR_TBL                          0x08006490   Data          10  test code.o(.constdata)
    Region$$Table$$Base                      0x08006504   Number         0  anon$$obj.o(Region$$Table)
    Region$$Table$$Limit                     0x08006524   Number         0  anon$$obj.o(Region$$Table)
    adc_result                               0x20000000   Data           8  main.o(.data)
    flag1                                    0x20000008   Data           1  main.o(.data)
    flag2                                    0x20000009   Data           1  main.o(.data)
    flag3                                    0x2000000a   Data           1  main.o(.data)
    flag4                                    0x2000000b   Data           1  main.o(.data)
    flag5                                    0x2000000c   Data           1  main.o(.data)
    flag6                                    0x2000000d   Data           1  main.o(.data)
    flag7                                    0x2000000e   Data           1  main.o(.data)
    adc_value                                0x20000010   Data           2  main.o(.data)
    led_num                                  0x20000012   Data           1  main.o(.data)
    SystemCoreClock                          0x20000014   Data           4  system_stm32f1xx.o(.data)
    uart1_rx_len                             0x20000018   Data           2  uart.o(.data)
    uwTick                                   0x2000001c   Data           4  stm32f1xx_hal.o(.data)
    uwTickPrio                               0x20000020   Data           4  stm32f1xx_hal.o(.data)
    uwTickFreq                               0x20000024   Data           1  stm32f1xx_hal.o(.data)
    pxMBFrameCBByteReceived                  0x20000040   Data           4  mb.o(.data)
    pxMBFrameCBTransmitterEmpty              0x20000044   Data           4  mb.o(.data)
    pxMBPortCBTimerExpired                   0x20000048   Data           4  mb.o(.data)
    pxMBFrameCBReceiveFSMCur                 0x2000004c   Data           4  mb.o(.data)
    pxMBFrameCBTransmitFSMCur                0x20000050   Data           4  mb.o(.data)
    g_485_send_Error_num                     0x200000d4   Data           1  mb.o(.data)
    g_485_receive_Error_num                  0x200000d5   Data           1  mb.o(.data)
    usSDiscInStart                           0x200000f2   Data           2  user_mb_app.o(.data)
    ucSDiscInBuf                             0x200000f4   Data           2  user_mb_app.o(.data)
    usSCoilStart                             0x200000f6   Data           2  user_mb_app.o(.data)
    ucSCoilBuf                               0x200000f8   Data           8  user_mb_app.o(.data)
    usSRegInStart                            0x20000100   Data           2  user_mb_app.o(.data)
    usSRegInBuf                              0x20000102   Data         250  user_mb_app.o(.data)
    usSRegHoldStart                          0x200001fc   Data           2  user_mb_app.o(.data)
    usSRegHoldBuf                            0x200001fe   Data         250  user_mb_app.o(.data)
    g_b_irq_adc_pause                        0x200002fa   Data           1  adc.o(.data)
    g_b_screen_en                            0x200002fb   Data           1  key.o(.data)
    g_key_num                                0x200002fc   Data           1  key.o(.data)
    g_key_buf                                0x200002fd   Data           1  key.o(.data)
    g_key_tim                                0x200002fe   Data           1  key.o(.data)
    g_b_key_status                           0x200002ff   Data           1  key.o(.data)
    b_key_longpress_tim                      0x20000300   Data           1  key.o(.data)
    b_key_long_press                         0x20000301   Data           1  key.o(.data)
    g_dormancy_tim                           0x20000302   Data           1  key.o(.data)
    R8_Set_V_Delay                           0x20000303   Data           1  key.o(.data)
    tfont16                                  0x20000306   Data        1768  lcd.o(.data)
    tfont24                                  0x200009ee   Data         444  lcd.o(.data)
    tfont32                                  0x20000baa   Data        1040  lcd.o(.data)
    POINT_COLOR                              0x20000fba   Data           2  lcd.o(.data)
    BACK_COLOR                               0x20000fbc   Data           2  lcd.o(.data)
    tp_dev                                   0x20000fc0   Data          52  touch.o(.data)
    CMD_RDX                                  0x20000ff4   Data           1  touch.o(.data)
    CMD_RDY                                  0x20000ff5   Data           1  touch.o(.data)
    uart1_handle                             0x20000ff8   Data          72  uart.o(.bss)
    uart2_handle                             0x20001040   Data          72  uart.o(.bss)
    uart3_handle                             0x20001088   Data          72  uart.o(.bss)
    uart1_rx_buf                             0x200010d0   Data         128  uart.o(.bss)
    hadc1                                    0x20001170   Data          48  adc.o(.bss)
    sConfig                                  0x200011a0   Data          12  adc.o(.bss)
    adc_handle                               0x200011ac   Data          48  adc.o(.bss)
    dma_handle                               0x200011dc   Data          68  adc.o(.bss)
    htim4                                    0x20001220   Data          72  tim.o(.bss)
    htim3                                    0x20001268   Data          72  tim.o(.bss)
    huart1                                   0x200012b0   Data          72  usart.o(.bss)
    huart2                                   0x200012f8   Data          72  usart.o(.bss)
    lcddev                                   0x20001340   Data          14  lcd.o(.bss)
    __initial_sp                             0x20001750   Data           0  startup_stm32f101xb.o(STACK)



==============================================================================

Memory Map of the image

  Image Entry point : 0x080000e9

  Load Region LR_IROM1 (Base: 0x08000000, Size: 0x0000751c, Max: 0x00010000, ABSOLUTE, COMPRESSED[0x00006f40])

    Execution Region ER_IROM1 (Exec base: 0x08000000, Load base: 0x08000000, Size: 0x00006524, Max: 0x00010000, ABSOLUTE)

    Exec Addr    Load Addr    Size         Type   Attr      Idx    E Section Name        Object

    0x08000000   0x08000000   0x000000e8   Data   RO            3    RESET               startup_stm32f101xb.o
    0x080000e8   0x080000e8   0x00000000   Code   RO         7836  * .ARM.Collect$$$$00000000  mc_w.l(entry.o)
    0x080000e8   0x080000e8   0x00000004   Code   RO         8120    .ARM.Collect$$$$00000001  mc_w.l(entry2.o)
    0x080000ec   0x080000ec   0x00000004   Code   RO         8123    .ARM.Collect$$$$00000004  mc_w.l(entry5.o)
    0x080000f0   0x080000f0   0x00000000   Code   RO         8125    .ARM.Collect$$$$00000008  mc_w.l(entry7b.o)
    0x080000f0   0x080000f0   0x00000000   Code   RO         8127    .ARM.Collect$$$$0000000A  mc_w.l(entry8b.o)
    0x080000f0   0x080000f0   0x00000008   Code   RO         8128    .ARM.Collect$$$$0000000B  mc_w.l(entry9a.o)
    0x080000f8   0x080000f8   0x00000000   Code   RO         8130    .ARM.Collect$$$$0000000D  mc_w.l(entry10a.o)
    0x080000f8   0x080000f8   0x00000000   Code   RO         8132    .ARM.Collect$$$$0000000F  mc_w.l(entry11a.o)
    0x080000f8   0x080000f8   0x00000004   Code   RO         8121    .ARM.Collect$$$$00002712  mc_w.l(entry2.o)
    0x080000fc   0x080000fc   0x00000024   Code   RO            4    .text               startup_stm32f101xb.o
    0x08000120   0x08000120   0x00000024   Code   RO         7841    .text               mc_w.l(memcpya.o)
    0x08000144   0x08000144   0x00000024   Code   RO         7843    .text               mc_w.l(memseta.o)
    0x08000168   0x08000168   0x0000000e   Code   RO         7845    .text               mc_w.l(strlen.o)
    0x08000176   0x08000176   0x000000b0   Code   RO         8110    .text               mf_w.l(fadd.o)
    0x08000226   0x08000226   0x00000064   Code   RO         8112    .text               mf_w.l(fmul.o)
    0x0800028a   0x0800028a   0x00000012   Code   RO         8114    .text               mf_w.l(fflti.o)
    0x0800029c   0x0800029c   0x0000000a   Code   RO         8116    .text               mf_w.l(ffltui.o)
    0x080002a6   0x080002a6   0x00000028   Code   RO         8118    .text               mf_w.l(ffixui.o)
    0x080002ce   0x080002ce   0x00000000   Code   RO         8139    .text               mc_w.l(iusefp.o)
    0x080002ce   0x080002ce   0x0000006e   Code   RO         8140    .text               mf_w.l(fepilogue.o)
    0x0800033c   0x0800033c   0x00000024   Code   RO         8152    .text               mc_w.l(init.o)
    0x08000360   0x08000360   0x00000056   Code   RO         8168    .text               mc_w.l(__dczerorl2.o)
    0x080003b6   0x080003b6   0x0000005c   Code   RO         1824    i.ADC_ConversionStop_Disable  stm32f1xx_hal_adc.o
    0x08000412   0x08000412   0x00000002   PAD
    0x08000414   0x08000414   0x00000090   Code   RO         1828    i.ADC_Enable        stm32f1xx_hal_adc.o
    0x080004a4   0x080004a4   0x00000190   Code   RO         7088    i.APPGPIO_INIT      gpio.o
    0x08000634   0x08000634   0x00000004   Code   RO          304    i.BusFault_Handler  stm32f1xx_it.o
    0x08000638   0x08000638   0x0000000a   Code   RO         7255    i.CT_Delay          ctiic.o
    0x08000642   0x08000642   0x00000002   PAD
    0x08000644   0x08000644   0x0000005c   Code   RO         7256    i.CT_IIC_Ack        ctiic.o
    0x080006a0   0x080006a0   0x000000e4   Code   RO         7257    i.CT_IIC_Init       ctiic.o
    0x08000784   0x08000784   0x0000005c   Code   RO         7258    i.CT_IIC_NAck       ctiic.o
    0x080007e0   0x080007e0   0x00000078   Code   RO         7259    i.CT_IIC_Read_Byte  ctiic.o
    0x08000858   0x08000858   0x00000084   Code   RO         7260    i.CT_IIC_Send_Byte  ctiic.o
    0x080008dc   0x080008dc   0x00000058   Code   RO         7261    i.CT_IIC_Start      ctiic.o
    0x08000934   0x08000934   0x00000054   Code   RO         7262    i.CT_IIC_Stop       ctiic.o
    0x08000988   0x08000988   0x0000006c   Code   RO         7263    i.CT_IIC_Wait_Ack   ctiic.o
    0x080009f4   0x080009f4   0x000000bc   Code   RO         7624    i.Chinese_Font_test  test code.o
    0x08000ab0   0x08000ab0   0x00000002   Code   RO          305    i.DebugMon_Handler  stm32f1xx_it.o
    0x08000ab2   0x08000ab2   0x00000002   PAD
    0x08000ab4   0x08000ab4   0x00000124   Code   RO         7627    i.DrawTestPage      test code.o
    0x08000bd8   0x08000bd8   0x00000028   Code   RO         7330    i.FT6336_Init       ctp.o
    0x08000c00   0x08000c00   0x00000058   Code   RO         7331    i.FT6336_RD_Reg     ctp.o
    0x08000c58   0x08000c58   0x00000198   Code   RO         7332    i.FT6336_Scan       ctp.o
    0x08000df0   0x08000df0   0x000000fc   Code   RO         7379    i.GUI_DrawFont16    lcd.o
    0x08000eec   0x08000eec   0x0000010c   Code   RO         7380    i.GUI_DrawFont24    lcd.o
    0x08000ff8   0x08000ff8   0x000000fc   Code   RO         7381    i.GUI_DrawFont32    lcd.o
    0x080010f4   0x080010f4   0x00000060   Code   RO         7383    i.Gui_StrCenter     lcd.o
    0x08001154   0x08001154   0x00000160   Code   RO         1830    i.HAL_ADC_ConfigChannel  stm32f1xx_hal_adc.o
    0x080012b4   0x080012b4   0x00000008   Code   RO         1837    i.HAL_ADC_GetValue  stm32f1xx_hal_adc.o
    0x080012bc   0x080012bc   0x00000180   Code   RO         1843    i.HAL_ADC_PollForConversion  stm32f1xx_hal_adc.o
    0x0800143c   0x0800143c   0x00000130   Code   RO         1845    i.HAL_ADC_Start     stm32f1xx_hal_adc.o
    0x0800156c   0x0800156c   0x00000040   Code   RO         1848    i.HAL_ADC_Stop      stm32f1xx_hal_adc.o
    0x080015ac   0x080015ac   0x00000056   Code   RO          844    i.HAL_DMA_Abort     stm32f1xx_hal_dma.o
    0x08001602   0x08001602   0x00000002   PAD
    0x08001604   0x08001604   0x000000b0   Code   RO          845    i.HAL_DMA_Abort_IT  stm32f1xx_hal_dma.o
    0x080016b4   0x080016b4   0x0000000c   Code   RO          432    i.HAL_Delay         delay.o
    0x080016c0   0x080016c0   0x00000320   Code   RO          941    i.HAL_GPIO_Init     stm32f1xx_hal_gpio.o
    0x080019e0   0x080019e0   0x0000000c   Code   RO          558    i.HAL_GetTick       stm32f1xx_hal.o
    0x080019ec   0x080019ec   0x00000018   Code   RO          564    i.HAL_IncTick       stm32f1xx_hal.o
    0x08001a04   0x08001a04   0x00000028   Code   RO          565    i.HAL_Init          stm32f1xx_hal.o
    0x08001a2c   0x08001a2c   0x0000004c   Code   RO          566    i.HAL_InitTick      stm32f1xx_hal.o
    0x08001a78   0x08001a78   0x00000002   Code   RO         3592    i.HAL_MspInit       stm32f1xx_hal_msp_template.o
    0x08001a7a   0x08001a7a   0x00000002   PAD
    0x08001a7c   0x08001a7c   0x00000024   Code   RO          721    i.HAL_NVIC_ClearPendingIRQ  stm32f1xx_hal_cortex.o
    0x08001aa0   0x08001aa0   0x0000007c   Code   RO          729    i.HAL_NVIC_SetPriority  stm32f1xx_hal_cortex.o
    0x08001b1c   0x08001b1c   0x00000028   Code   RO          730    i.HAL_NVIC_SetPriorityGrouping  stm32f1xx_hal_cortex.o
    0x08001b44   0x08001b44   0x000000fc   Code   RO         1788    i.HAL_RCCEx_GetPeriphCLKFreq  stm32f1xx_hal_rcc_ex.o
    0x08001c40   0x08001c40   0x0000018c   Code   RO         1680    i.HAL_RCC_ClockConfig  stm32f1xx_hal_rcc.o
    0x08001dcc   0x08001dcc   0x0000000c   Code   RO         1685    i.HAL_RCC_GetHCLKFreq  stm32f1xx_hal_rcc.o
    0x08001dd8   0x08001dd8   0x00000020   Code   RO         1688    i.HAL_RCC_GetPCLK2Freq  stm32f1xx_hal_rcc.o
    0x08001df8   0x08001df8   0x00000070   Code   RO         1689    i.HAL_RCC_GetSysClockFreq  stm32f1xx_hal_rcc.o
    0x08001e68   0x08001e68   0x00000464   Code   RO         1692    i.HAL_RCC_OscConfig  stm32f1xx_hal_rcc.o
    0x080022cc   0x080022cc   0x00000034   Code   RO          734    i.HAL_SYSTICK_Config  stm32f1xx_hal_cortex.o
    0x08002300   0x08002300   0x00000002   Code   RO         1052    i.HAL_UARTEx_RxEventCallback  stm32f1xx_hal_uart.o
    0x08002302   0x08002302   0x00000002   Code   RO         1066    i.HAL_UART_ErrorCallback  stm32f1xx_hal_uart.o
    0x08002304   0x08002304   0x000002e4   Code   RO         1069    i.HAL_UART_IRQHandler  stm32f1xx_hal_uart.o
    0x080025e8   0x080025e8   0x000000bc   Code   RO         1073    i.HAL_UART_Receive  stm32f1xx_hal_uart.o
    0x080026a4   0x080026a4   0x00000002   Code   RO         1076    i.HAL_UART_RxCpltCallback  stm32f1xx_hal_uart.o
    0x080026a6   0x080026a6   0x00000002   Code   RO         1081    i.HAL_UART_TxCpltCallback  stm32f1xx_hal_uart.o
    0x080026a8   0x080026a8   0x00000004   Code   RO          306    i.HardFault_Handler  stm32f1xx_it.o
    0x080026ac   0x080026ac   0x00000044   Code   RO         7112    i.Key_val_clear     key.o
    0x080026f0   0x080026f0   0x00000030   Code   RO         7384    i.LCD_Clear         lcd.o
    0x08002720   0x08002720   0x000000e8   Code   RO         7388    i.LCD_Display_Dir   lcd.o
    0x08002808   0x08002808   0x000000b0   Code   RO         7389    i.LCD_DrawLine      lcd.o
    0x080028b8   0x080028b8   0x00000020   Code   RO         7390    i.LCD_DrawPoint     lcd.o
    0x080028d8   0x080028d8   0x00000020   Code   RO         7393    i.LCD_Fast_DrawPoint  lcd.o
    0x080028f8   0x080028f8   0x000000b8   Code   RO         7394    i.LCD_Fill          lcd.o
    0x080029b0   0x080029b0   0x0000030c   Code   RO         7395    i.LCD_Init          lcd.o
    0x08002cbc   0x08002cbc   0x00000034   Code   RO         7398    i.LCD_SetCursor     lcd.o
    0x08002cf0   0x08002cf0   0x0000006c   Code   RO         7399    i.LCD_Set_Window    lcd.o
    0x08002d5c   0x08002d5c   0x00000128   Code   RO         7400    i.LCD_ShowChar      lcd.o
    0x08002e84   0x08002e84   0x00000066   Code   RO         7402    i.LCD_ShowString    lcd.o
    0x08002eea   0x08002eea   0x00000002   PAD
    0x08002eec   0x08002eec   0x00000058   Code   RO         7404    i.LCD_WR_DATA       lcd.o
    0x08002f44   0x08002f44   0x00000058   Code   RO         7405    i.LCD_WR_REG        lcd.o
    0x08002f9c   0x08002f9c   0x00000058   Code   RO         7406    i.LCD_WriteRAM      lcd.o
    0x08002ff4   0x08002ff4   0x00000010   Code   RO         7407    i.LCD_WriteRAM_Prepare  lcd.o
    0x08003004   0x08003004   0x00000014   Code   RO         7408    i.LCD_WriteReg      lcd.o
    0x08003018   0x08003018   0x00000058   Code   RO           14    i.Led_scan          main.o
    0x08003070   0x08003070   0x0000004c   Code   RO         7409    i.Load_Drow_Dialog  lcd.o
    0x080030bc   0x080030bc   0x00000004   Code   RO          307    i.MemManage_Handler  stm32f1xx_it.o
    0x080030c0   0x080030c0   0x0000004c   Code   RO         6513    i.Modbus_ResetRx    mbrtu.o
    0x0800310c   0x0800310c   0x00000002   Code   RO          308    i.NMI_Handler       stm32f1xx_it.o
    0x0800310e   0x0800310e   0x00000002   Code   RO          309    i.PendSV_Handler    stm32f1xx_it.o
    0x08003110   0x08003110   0x00000028   Code   RO         1693    i.RCC_Delay         stm32f1xx_hal_rcc.o
    0x08003138   0x08003138   0x000000e4   Code   RO         7009    i.Read_ADC          adc.o
    0x0800321c   0x0800321c   0x00000002   Code   RO          310    i.SVC_Handler       stm32f1xx_it.o
    0x0800321e   0x0800321e   0x00000002   PAD
    0x08003220   0x08003220   0x000000f4   Code   RO         7410    i.Show_Str          lcd.o
    0x08003314   0x08003314   0x00000008   Code   RO          311    i.SysTick_Handler   stm32f1xx_it.o
    0x0800331c   0x0800331c   0x00000002   Code   RO          396    i.SystemInit        system_stm32f1xx.o
    0x0800331e   0x0800331e   0x00000002   PAD
    0x08003320   0x08003320   0x00000024   Code   RO          312    i.TIM4_IRQHandler   stm32f1xx_it.o
    0x08003344   0x08003344   0x00000002   Code   RO         7729    i.TP_Adjust         touch.o
    0x08003346   0x08003346   0x00000002   PAD
    0x08003348   0x08003348   0x00000018   Code   RO         7733    i.TP_Init           touch.o
    0x08003360   0x08003360   0x00000098   Code   RO         7734    i.TP_Read_AD        touch.o
    0x080033f8   0x080033f8   0x00000078   Code   RO         7735    i.TP_Read_XOY       touch.o
    0x08003470   0x08003470   0x00000030   Code   RO         7736    i.TP_Read_XY        touch.o
    0x080034a0   0x080034a0   0x000000c0   Code   RO         7737    i.TP_Read_XY2       touch.o
    0x08003560   0x08003560   0x00000114   Code   RO         7739    i.TP_Scan           touch.o
    0x08003674   0x08003674   0x00000050   Code   RO         7740    i.TP_Write_Byte     touch.o
    0x080036c4   0x080036c4   0x00000014   Code   RO         1083    i.UART_DMAAbortOnError  stm32f1xx_hal_uart.o
    0x080036d8   0x080036d8   0x0000006c   Code   RO         1093    i.UART_EndRxTransfer  stm32f1xx_hal_uart.o
    0x08003744   0x08003744   0x00000020   Code   RO         1094    i.UART_EndTransmit_IT  stm32f1xx_hal_uart.o
    0x08003764   0x08003764   0x000000fc   Code   RO         1096    i.UART_Receive_IT   stm32f1xx_hal_uart.o
    0x08003860   0x08003860   0x00000060   Code   RO         1100    i.UART_Transmit_IT  stm32f1xx_hal_uart.o
    0x080038c0   0x080038c0   0x00000092   Code   RO         1101    i.UART_WaitOnFlagUntilTimeout  stm32f1xx_hal_uart.o
    0x08003952   0x08003952   0x00000002   PAD
    0x08003954   0x08003954   0x0000007c   Code   RO          498    i.USART1_IRQHandler  uart.o
    0x080039d0   0x080039d0   0x00000034   Code   RO          313    i.USART2_IRQHandler  stm32f1xx_it.o
    0x08003a04   0x08003a04   0x00000004   Code   RO          314    i.UsageFault_Handler  stm32f1xx_it.o
    0x08003a08   0x08003a08   0x00000010   Code   RO          736    i.__NVIC_GetPriorityGrouping  stm32f1xx_hal_cortex.o
    0x08003a18   0x08003a18   0x00000028   Code   RO          737    i.__NVIC_SetPriority  stm32f1xx_hal_cortex.o
    0x08003a40   0x08003a40   0x00000004   Code   RO           15    i.__aeabi_assert    main.o
    0x08003a44   0x08003a44   0x0000000e   Code   RO         8162    i.__scatterload_copy  mc_w.l(handlers.o)
    0x08003a52   0x08003a52   0x00000002   Code   RO         8163    i.__scatterload_null  mc_w.l(handlers.o)
    0x08003a54   0x08003a54   0x0000000e   Code   RO         8164    i.__scatterload_zeroinit  mc_w.l(handlers.o)
    0x08003a62   0x08003a62   0x00000006   Code   RO         6514    i.__set_PRIMASK     mbrtu.o
    0x08003a68   0x08003a68   0x000000f8   Code   RO         7634    i.ctp_test          test code.o
    0x08003b60   0x08003b60   0x00000018   Code   RO          433    i.delay_ms          delay.o
    0x08003b78   0x08003b78   0x0000004e   Code   RO          435    i.delay_us          delay.o
    0x08003bc6   0x08003bc6   0x000000ae   Code   RO         6808    i.eMBFuncReadCoils  mbfunccoils.o
    0x08003c74   0x08003c74   0x000000ac   Code   RO         6847    i.eMBFuncReadDiscreteInputs  mbfuncdisc.o
    0x08003d20   0x08003d20   0x0000008c   Code   RO         6871    i.eMBFuncReadHoldingRegister  mbfuncholding.o
    0x08003dac   0x08003dac   0x0000008c   Code   RO         6913    i.eMBFuncReadInputRegister  mbfuncinput.o
    0x08003e38   0x08003e38   0x000000d4   Code   RO         6872    i.eMBFuncReadWriteMultipleHoldingRegister  mbfuncholding.o
    0x08003f0c   0x08003f0c   0x00000028   Code   RO         6937    i.eMBFuncReportSlaveID  mbfuncother.o
    0x08003f34   0x08003f34   0x00000070   Code   RO         6809    i.eMBFuncWriteCoil  mbfunccoils.o
    0x08003fa4   0x08003fa4   0x00000042   Code   RO         6873    i.eMBFuncWriteHoldingRegister  mbfuncholding.o
    0x08003fe6   0x08003fe6   0x00000090   Code   RO         6810    i.eMBFuncWriteMultipleCoils  mbfunccoils.o
    0x08004076   0x08004076   0x0000006e   Code   RO         6874    i.eMBFuncWriteMultipleHoldingRegister  mbfuncholding.o
    0x080040e4   0x080040e4   0x00000138   Code   RO         6435    i.eMBPoll           mb.o
    0x0800421c   0x0800421c   0x00000134   Code   RO         6763    i.eMBRegCoilsCB     user_mb_app.o
    0x08004350   0x08004350   0x000000c8   Code   RO         6764    i.eMBRegDiscreteCB  user_mb_app.o
    0x08004418   0x08004418   0x000000b4   Code   RO         6765    i.eMBRegHoldingCB   user_mb_app.o
    0x080044cc   0x080044cc   0x00000070   Code   RO         6766    i.eMBRegInputCB     user_mb_app.o
    0x0800453c   0x0800453c   0x00000098   Code   RO         6437    i.eMBsend_Error     mb.o
    0x080045d4   0x080045d4   0x00000024   Code   RO         7411    i.gui_draw_hline    lcd.o
    0x080045f8   0x080045f8   0x000000b0   Code   RO         7412    i.gui_fill_circle   lcd.o
    0x080046a8   0x080046a8   0x000000c0   Code   RO         7113    i.key_scan          key.o
    0x08004768   0x08004768   0x000000d4   Code   RO         7413    i.lcd_draw_bline    lcd.o
    0x0800483c   0x0800483c   0x000000e8   Code   RO           16    i.main              main.o
    0x08004924   0x08004924   0x000000cc   Code   RO         7635    i.main_test         test code.o
    0x080049f0   0x080049f0   0x00000022   Code   RO         6970    i.prveMBError2Exception  mbutils.o
    0x08004a12   0x08004a12   0x00000002   PAD
    0x08004a14   0x08004a14   0x00000010   Code   RO         6713    i.prvvTIMERExpiredISR  porttimer.o
    0x08004a24   0x08004a24   0x00000010   Code   RO         6652    i.prvvUARTRxISR     portserial.o
    0x08004a34   0x08004a34   0x00000010   Code   RO         6653    i.prvvUARTTxReadyISR  portserial.o
    0x08004a44   0x08004a44   0x00000062   Code   RO          474    i.stm32_clock_init  sys.o
    0x08004aa6   0x08004aa6   0x00000002   PAD
    0x08004aa8   0x08004aa8   0x0000001c   Code   RO          500    i.uart1_rx_clear    uart.o
    0x08004ac4   0x08004ac4   0x00000050   Code   RO         6654    i.vMBPortSerialEnable  portserial.o
    0x08004b14   0x08004b14   0x00000058   Code   RO         6743    i.vMBPortTimersDisable  porttimer.o
    0x08004b6c   0x08004b6c   0x00000024   Code   RO         6614    i.xMBPortEventGet   portevent.o
    0x08004b90   0x08004b90   0x00000020   Code   RO         6616    i.xMBPortEventPost  portevent.o
    0x08004bb0   0x08004bb0   0x0000002a   Code   RO         6971    i.xMBUtilGetBits    mbutils.o
    0x08004bda   0x08004bda   0x00000002   PAD
    0x08004bdc   0x08004bdc   0x000000ac   Code   RO         6972    i.xMBUtilSetBits    mbutils.o
    0x08004c88   0x08004c88   0x00000018   Data   RO          397    .constdata          system_stm32f1xx.o
    0x08004ca0   0x08004ca0   0x00000012   Data   RO         1694    .constdata          stm32f1xx_hal_rcc.o
    0x08004cb2   0x08004cb2   0x00000012   Data   RO         1790    .constdata          stm32f1xx_hal_rcc_ex.o
    0x08004cc4   0x08004cc4   0x0000000a   Data   RO         7334    .constdata          ctp.o
    0x08004cce   0x08004cce   0x000017c0   Data   RO         7416    .constdata          lcd.o
    0x0800648e   0x0800648e   0x00000002   PAD
    0x08006490   0x08006490   0x0000003c   Data   RO         7637    .constdata          test code.o
    0x080064cc   0x080064cc   0x00000037   Data   RO         7638    .conststring        test code.o
    0x08006503   0x08006503   0x00000001   PAD
    0x08006504   0x08006504   0x00000020   Data   RO         8160    Region$$Table       anon$$obj.o


    Execution Region RW_IRAM1 (Exec base: 0x20000000, Load base: 0x08006524, Size: 0x00001750, Max: 0x00005000, ABSOLUTE, COMPRESSED[0x00000a1c])

    Exec Addr    Load Addr    Size         Type   Attr      Idx    E Section Name        Object

    0x20000000   COMPRESSED   0x00000014   Data   RW           17    .data               main.o
    0x20000014   COMPRESSED   0x00000004   Data   RW          398    .data               system_stm32f1xx.o
    0x20000018   COMPRESSED   0x00000002   Data   RW          503    .data               uart.o
    0x2000001a   COMPRESSED   0x00000002   PAD
    0x2000001c   COMPRESSED   0x00000009   Data   RW          572    .data               stm32f1xx_hal.o
    0x20000025   COMPRESSED   0x00000003   PAD
    0x20000028   COMPRESSED   0x000000b9   Data   RW         6438    .data               mb.o
    0x200000e1   COMPRESSED   0x00000003   PAD
    0x200000e4   COMPRESSED   0x0000000c   Data   RW         6525    .data               mbrtu.o
    0x200000f0   COMPRESSED   0x00000002   Data   RW         6617    .data               portevent.o
    0x200000f2   COMPRESSED   0x00000206   Data   RW         6767    .data               user_mb_app.o
    0x200002f8   COMPRESSED   0x00000002   Data   RW         6940    .data               mbfuncother.o
    0x200002fa   COMPRESSED   0x00000001   Data   RW         7017    .data               adc.o
    0x200002fb   COMPRESSED   0x00000009   Data   RW         7114    .data               key.o
    0x20000304   COMPRESSED   0x00000001   Data   RW         7335    .data               ctp.o
    0x20000305   COMPRESSED   0x00000001   PAD
    0x20000306   COMPRESSED   0x00000cb8   Data   RW         7417    .data               lcd.o
    0x20000fbe   COMPRESSED   0x00000002   PAD
    0x20000fc0   COMPRESSED   0x00000036   Data   RW         7743    .data               touch.o
    0x20000ff6   COMPRESSED   0x00000002   PAD
    0x20000ff8        -       0x00000158   Zero   RW          502    .bss                uart.o
    0x20001150        -       0x00000020   Zero   RW         6939    .bss                mbfuncother.o
    0x20001170        -       0x000000b0   Zero   RW         7016    .bss                adc.o
    0x20001220        -       0x00000090   Zero   RW         7154    .bss                tim.o
    0x200012b0        -       0x00000090   Zero   RW         7209    .bss                usart.o
    0x20001340        -       0x0000000e   Zero   RW         7415    .bss                lcd.o
    0x2000134e   COMPRESSED   0x00000002   PAD
    0x20001350        -       0x00000400   Zero   RW            1    STACK               startup_stm32f101xb.o


==============================================================================

Image component sizes


      Code (inc. data)   RO Data    RW Data    ZI Data      Debug   Object Name

       228         10          0          1        176       2083   adc.o
       954         42          0          0          0       6581   ctiic.o
       536         18         10          1          0       3057   ctp.o
       114          0          0          0          0       1790   delay.o
       400         14          0          0          0       1311   gpio.o
       260         54          0          9          0       1807   key.o
      3954        178       6080       3256         14      23404   lcd.o
       324         48          0         20          0     449373   main.o
       464         64          0        185          0       7647   mb.o
       430          0          0          0          0       4174   mbfunccoils.o
       172          0          0          0          0       1816   mbfuncdisc.o
       528          0          0          0          0       5499   mbfuncholding.o
       140          0          0          0          0       1767   mbfuncinput.o
        40         10          0          2         32       1683   mbfuncother.o
        82         20          0         12          0       2532   mbrtu.o
       248         68          0          0          0       3042   mbutils.o
        68         20          0          2          0       2013   portevent.o
       112         18          0          0          0       1779   portserial.o
       104         12          0          0          0       1129   porttimer.o
        36          8        232          0       1024        984   startup_stm32f101xb.o
       152         32          0          9          0       5833   stm32f1xx_hal.o
      1348         52          0          0          0       6712   stm32f1xx_hal_adc.o
       308         28          0          0          0      30021   stm32f1xx_hal_cortex.o
       262          4          0          0          0       1999   stm32f1xx_hal_dma.o
       800         34          0          0          0       2216   stm32f1xx_hal_gpio.o
         2          0          0          0          0        578   stm32f1xx_hal_msp_template.o
      1716         88         18          0          0       5985   stm32f1xx_hal_rcc.o
       252         20         18          0          0       1533   stm32f1xx_hal_rcc_ex.o
      1590          4          0          0          0      10875   stm32f1xx_hal_uart.o
       120         10          0          0          0       5696   stm32f1xx_it.o
        98          0          0          0          0        743   sys.o
         2          0         24          4          0       1567   system_stm32f1xx.o
       932        208        115          0          0       3595   test code.o
         0          0          0          0        144        492   tim.o
       894         38          0         54          0       7309   touch.o
       152         24          0          2        344       2224   uart.o
         0          0          0          0        144        328   usart.o
       800         34          0        518          0       5207   user_mb_app.o

    ----------------------------------------------------------------------
     18648       1160       6532       4088       1880     616384   Object Totals
         0          0         32          0          0          0   (incl. Generated)
        26          0          3         13          2          0   (incl. Padding)

    ----------------------------------------------------------------------

      Code (inc. data)   RO Data    RW Data    ZI Data      Debug   Library Member Name

        86          0          0          0          0          0   __dczerorl2.o
         0          0          0          0          0          0   entry.o
         0          0          0          0          0          0   entry10a.o
         0          0          0          0          0          0   entry11a.o
         8          4          0          0          0          0   entry2.o
         4          0          0          0          0          0   entry5.o
         0          0          0          0          0          0   entry7b.o
         0          0          0          0          0          0   entry8b.o
         8          4          0          0          0          0   entry9a.o
        30          0          0          0          0          0   handlers.o
        36          8          0          0          0         68   init.o
         0          0          0          0          0          0   iusefp.o
        36          0          0          0          0         68   memcpya.o
        36          0          0          0          0        108   memseta.o
        14          0          0          0          0         68   strlen.o
       176          0          0          0          0        140   fadd.o
       110          0          0          0          0        168   fepilogue.o
        40          0          0          0          0         68   ffixui.o
        18          0          0          0          0         68   fflti.o
        10          0          0          0          0         68   ffltui.o
       100          0          0          0          0         76   fmul.o

    ----------------------------------------------------------------------
       712         16          0          0          0        900   Library Totals
         0          0          0          0          0          0   (incl. Padding)

    ----------------------------------------------------------------------

      Code (inc. data)   RO Data    RW Data    ZI Data      Debug   Library Name

       258         16          0          0          0        312   mc_w.l
       454          0          0          0          0        588   mf_w.l

    ----------------------------------------------------------------------
       712         16          0          0          0        900   Library Totals

    ----------------------------------------------------------------------

==============================================================================


      Code (inc. data)   RO Data    RW Data    ZI Data      Debug   

     19360       1176       6532       4088       1880     610028   Grand Totals
     19360       1176       6532       2588       1880     610028   ELF Image Totals (compressed)
     19360       1176       6532       2588          0          0   ROM Totals

==============================================================================

    Total RO  Size (Code + RO Data)                25892 (  25.29kB)
    Total RW  Size (RW Data + ZI Data)              5968 (   5.83kB)
    Total ROM Size (Code + RO Data + RW Data)      28480 (  27.81kB)

==============================================================================

